Archive member included to satisfy reference by file (symbol)

..\liblamos.a(List.o)         Button.o (_ZN7ElementC2Ev)
..\liblamos.a(Task.o)         EEPROM.o (_Z9isrAppendR4Task)
c:/program files (x86)/atmel/studio/7.0/toolchain/avr8/avr8-gnu-toolchain/bin/../lib/gcc/avr/4.9.2/avr51\libgcc.a(_divmodhi4.o)
                              Wheel.o (__divmodhi4)
c:/program files (x86)/atmel/studio/7.0/toolchain/avr8/avr8-gnu-toolchain/bin/../lib/gcc/avr/4.9.2/avr51\libgcc.a(_exit.o)
                              C:/Program Files (x86)/Atmel/Studio/7.0/Packs/atmel/ATmega_DFP/1.0.90/gcc/dev/atmega1284p/avr51/crtatmega1284p.o (exit)
c:/program files (x86)/atmel/studio/7.0/toolchain/avr8/avr8-gnu-toolchain/bin/../lib/gcc/avr/4.9.2/avr51\libgcc.a(_copy_data.o)
                              Button.o (__do_copy_data)
c:/program files (x86)/atmel/studio/7.0/toolchain/avr8/avr8-gnu-toolchain/bin/../lib/gcc/avr/4.9.2/avr51\libgcc.a(_clear_bss.o)
                              Button.o (__do_clear_bss)
c:/program files (x86)/atmel/studio/7.0/toolchain/avr8/avr8-gnu-toolchain/bin/../lib/gcc/avr/4.9.2/avr51\libgcc.a(_ctors.o)
                              Button.o (__do_global_ctors)
c:/program files (x86)/atmel/studio/7.0/toolchain/avr8/avr8-gnu-toolchain/bin/../lib/gcc/avr/4.9.2/avr51\libgcc.a(_umulhisi3.o)
                              Wheel.o (__umulhisi3)
c:/program files (x86)/atmel/studio/7.0/toolchain/avr8/avr8-gnu-toolchain/bin/../lib/gcc/avr/4.9.2/avr51\libgcc.a(_udivmodhi4.o)
                              c:/program files (x86)/atmel/studio/7.0/toolchain/avr8/avr8-gnu-toolchain/bin/../lib/gcc/avr/4.9.2/avr51\libgcc.a(_divmodhi4.o) (__udivmodhi4)
c:/program files (x86)/atmel/studio/7.0/toolchain/avr8/avr8-gnu-toolchain/bin/../lib/gcc/avr/4.9.2/avr51\libgcc.a(_tablejump2.o)
                              c:/program files (x86)/atmel/studio/7.0/toolchain/avr8/avr8-gnu-toolchain/bin/../lib/gcc/avr/4.9.2/avr51\libgcc.a(_ctors.o) (__tablejump2__)
c:/program files (x86)/atmel/studio/7.0/toolchain/avr8/avr8-gnu-toolchain/bin/../lib/gcc/avr/4.9.2/../../../../avr/lib/avr51\libc.a(malloc.o)
                              cplusplus.o (malloc)
c:/program files (x86)/atmel/studio/7.0/toolchain/avr8/avr8-gnu-toolchain/bin/../lib/gcc/avr/4.9.2/../../../../avr/lib/avr51\libc.a(itoa_ncheck.o)
                              R20.o (__itoa_ncheck)
c:/program files (x86)/atmel/studio/7.0/toolchain/avr8/avr8-gnu-toolchain/bin/../lib/gcc/avr/4.9.2/../../../../avr/lib/avr51\libc.a(utoa_ncheck.o)
                              c:/program files (x86)/atmel/studio/7.0/toolchain/avr8/avr8-gnu-toolchain/bin/../lib/gcc/avr/4.9.2/../../../../avr/lib/avr51\libc.a(itoa_ncheck.o) (__utoa_common)
c:/program files (x86)/atmel/studio/7.0/toolchain/avr8/avr8-gnu-toolchain/bin/../lib/gcc/avr/4.9.2/../../../../avr/lib/avr51\libc.a(strrev.o)
                              c:/program files (x86)/atmel/studio/7.0/toolchain/avr8/avr8-gnu-toolchain/bin/../lib/gcc/avr/4.9.2/../../../../avr/lib/avr51\libc.a(utoa_ncheck.o) (strrev)

Allocating common symbols
Common symbol       size              file

__brkval            0x2               c:/program files (x86)/atmel/studio/7.0/toolchain/avr8/avr8-gnu-toolchain/bin/../lib/gcc/avr/4.9.2/../../../../avr/lib/avr51\libc.a(malloc.o)
__flp               0x2               c:/program files (x86)/atmel/studio/7.0/toolchain/avr8/avr8-gnu-toolchain/bin/../lib/gcc/avr/4.9.2/../../../../avr/lib/avr51\libc.a(malloc.o)

Discarded input sections

 .data          0x00000000        0x0 C:/Program Files (x86)/Atmel/Studio/7.0/Packs/atmel/ATmega_DFP/1.0.90/gcc/dev/atmega1284p/avr51/crtatmega1284p.o
 .bss           0x00000000        0x0 C:/Program Files (x86)/Atmel/Studio/7.0/Packs/atmel/ATmega_DFP/1.0.90/gcc/dev/atmega1284p/avr51/crtatmega1284p.o
 .group         0x00000000        0x8 Button.o
 .group         0x00000000        0x8 Button.o
 .text          0x00000000        0x0 Button.o
 .data          0x00000000        0x0 Button.o
 .bss           0x00000000        0x0 Button.o
 .text          0x00000000        0x0 cplusplus.o
 .data          0x00000000        0x0 cplusplus.o
 .bss           0x00000000        0x0 cplusplus.o
 .text.__cxa_guard_acquire
                0x00000000       0x12 cplusplus.o
 .text.__cxa_guard_release
                0x00000000        0x8 cplusplus.o
 .text.__cxa_guard_abort
                0x00000000        0x2 cplusplus.o
 .text._ZdlPv   0x00000000        0x6 cplusplus.o
 .text          0x00000000        0x0 EEPROM.o
 .data          0x00000000        0x0 EEPROM.o
 .bss           0x00000000        0x0 EEPROM.o
 .text._ZN6EEPROM4getPEv
                0x00000000        0xa EEPROM.o
 .text._ZN6EEPROM4getIEv
                0x00000000        0xa EEPROM.o
 .text._ZN6EEPROM4getDEv
                0x00000000        0xa EEPROM.o
 .text._ZN6EEPROM8getServoEv
                0x00000000        0x6 EEPROM.o
 .text._ZN6EEPROM6retoreEv
                0x00000000       0x4c EEPROM.o
 .text._ZN6EEPROM4saveEv
                0x00000000       0x2a EEPROM.o
 .text._ZN6EEPROM7savePIDEiii
                0x00000000       0x16 EEPROM.o
 .group         0x00000000        0x8 LCD.o
 .text          0x00000000        0x0 LCD.o
 .data          0x00000000        0x0 LCD.o
 .bss           0x00000000        0x0 LCD.o
 .text._ZN3LCD5printEhPKc
                0x00000000       0x68 LCD.o
 .text          0x00000000        0x0 LineTrack.o
 .data          0x00000000        0x0 LineTrack.o
 .bss           0x00000000        0x0 LineTrack.o
 .group         0x00000000        0x8 R20.o
 .group         0x00000000        0x8 R20.o
 .text          0x00000000        0x0 R20.o
 .data          0x00000000        0x0 R20.o
 .bss           0x00000000        0x0 R20.o
 .group         0x00000000        0x8 Robocar.o
 .group         0x00000000        0x8 Robocar.o
 .text          0x00000000        0x0 Robocar.o
 .data          0x00000000        0x0 Robocar.o
 .bss           0x00000000        0x0 Robocar.o
 .text._Z4testv
                0x00000000       0x3e Robocar.o
 .text          0x00000000        0x0 robocar_ll.o
 .data          0x00000000        0x0 robocar_ll.o
 .bss           0x00000000        0x0 robocar_ll.o
 .text._ZN2LL5powerEc
                0x00000000        0xc robocar_ll.o
 .text._ZN2LL3LEDEc
                0x00000000        0xc robocar_ll.o
 .text          0x00000000        0x0 Servo.o
 .data          0x00000000        0x0 Servo.o
 .bss           0x00000000        0x0 Servo.o
 .text._ZN5Servo10delay100msEi
                0x00000000       0x3c Servo.o
 .text._ZN5Servo7setnameEi
                0x00000000        0xa Servo.o
 .text._ZN5Servo13setInitialiseEi
                0x00000000       0x42 Servo.o
 .text._ZN5Servo3setENS_13servo_commandEi
                0x00000000       0x10 Servo.o
 .text._ZN5Servo3setEii
                0x00000000       0x10 Servo.o
 .text._ZN5Servo3setEi
                0x00000000       0x16 Servo.o
 .text._ZN5Servo8getwidthEi
                0x00000000       0x10 Servo.o
 .text._ZN5Servo9slowcloseEv
                0x00000000       0xea Servo.o
 .text._ZN5Servo10slowclose1Ev
                0x00000000      0x102 Servo.o
 .text._ZN5Servo6secondEv
                0x00000000       0x36 Servo.o
 .text._ZN5Servo2GGEv
                0x00000000       0x36 Servo.o
 .group         0x00000000        0x8 Timer3.o
 .group         0x00000000        0x8 Timer3.o
 .text          0x00000000        0x0 Timer3.o
 .data          0x00000000        0x0 Timer3.o
 .bss           0x00000000        0x0 Timer3.o
 .text          0x00000000        0x0 Wheel.o
 .data          0x00000000        0x0 Wheel.o
 .bss           0x00000000        0x0 Wheel.o
 .text._ZN5Wheel3setEi
                0x00000000        0xa Wheel.o
 .text._ZN5Wheel10getL_speedEv
                0x00000000        0x6 Wheel.o
 .text._ZN5Wheel10getR_speedEv
                0x00000000        0x6 Wheel.o
 .text._ZN5Wheel8usrCountEj
                0x00000000       0x14 Wheel.o
 .text._ZN5Wheel6setPIDEiii
                0x00000000       0x12 Wheel.o
 .text          0x00000000        0x0 ..\liblamos.a(List.o)
 .data          0x00000000        0x0 ..\liblamos.a(List.o)
 .bss           0x00000000        0x0 ..\liblamos.a(List.o)
 .text._ZN7Element4idleEv
                0x00000000       0x12 ..\liblamos.a(List.o)
 .text._ZN4List5emptyEv
                0x00000000       0x12 ..\liblamos.a(List.o)
 .text          0x00000000        0x0 ..\liblamos.a(Task.o)
 .data          0x00000000        0x0 ..\liblamos.a(Task.o)
 .bss           0x00000000        0x0 ..\liblamos.a(Task.o)
 .text._ZN5Queue4pushER4Task
                0x00000000        0xa ..\liblamos.a(Task.o)
 .text._Z7usrCallR4Task
                0x00000000        0xa ..\liblamos.a(Task.o)
 .text          0x00000000        0x0 c:/program files (x86)/atmel/studio/7.0/toolchain/avr8/avr8-gnu-toolchain/bin/../lib/gcc/avr/4.9.2/avr51\libgcc.a(_divmodhi4.o)
 .data          0x00000000        0x0 c:/program files (x86)/atmel/studio/7.0/toolchain/avr8/avr8-gnu-toolchain/bin/../lib/gcc/avr/4.9.2/avr51\libgcc.a(_divmodhi4.o)
 .bss           0x00000000        0x0 c:/program files (x86)/atmel/studio/7.0/toolchain/avr8/avr8-gnu-toolchain/bin/../lib/gcc/avr/4.9.2/avr51\libgcc.a(_divmodhi4.o)
 .text.libgcc.mul
                0x00000000        0x0 c:/program files (x86)/atmel/studio/7.0/toolchain/avr8/avr8-gnu-toolchain/bin/../lib/gcc/avr/4.9.2/avr51\libgcc.a(_divmodhi4.o)
 .text.libgcc   0x00000000        0x0 c:/program files (x86)/atmel/studio/7.0/toolchain/avr8/avr8-gnu-toolchain/bin/../lib/gcc/avr/4.9.2/avr51\libgcc.a(_divmodhi4.o)
 .text.libgcc.prologue
                0x00000000        0x0 c:/program files (x86)/atmel/studio/7.0/toolchain/avr8/avr8-gnu-toolchain/bin/../lib/gcc/avr/4.9.2/avr51\libgcc.a(_divmodhi4.o)
 .text.libgcc.builtins
                0x00000000        0x0 c:/program files (x86)/atmel/studio/7.0/toolchain/avr8/avr8-gnu-toolchain/bin/../lib/gcc/avr/4.9.2/avr51\libgcc.a(_divmodhi4.o)
 .text.libgcc.fmul
                0x00000000        0x0 c:/program files (x86)/atmel/studio/7.0/toolchain/avr8/avr8-gnu-toolchain/bin/../lib/gcc/avr/4.9.2/avr51\libgcc.a(_divmodhi4.o)
 .text.libgcc.fixed
                0x00000000        0x0 c:/program files (x86)/atmel/studio/7.0/toolchain/avr8/avr8-gnu-toolchain/bin/../lib/gcc/avr/4.9.2/avr51\libgcc.a(_divmodhi4.o)
 .text          0x00000000        0x0 c:/program files (x86)/atmel/studio/7.0/toolchain/avr8/avr8-gnu-toolchain/bin/../lib/gcc/avr/4.9.2/avr51\libgcc.a(_exit.o)
 .data          0x00000000        0x0 c:/program files (x86)/atmel/studio/7.0/toolchain/avr8/avr8-gnu-toolchain/bin/../lib/gcc/avr/4.9.2/avr51\libgcc.a(_exit.o)
 .bss           0x00000000        0x0 c:/program files (x86)/atmel/studio/7.0/toolchain/avr8/avr8-gnu-toolchain/bin/../lib/gcc/avr/4.9.2/avr51\libgcc.a(_exit.o)
 .text.libgcc.mul
                0x00000000        0x0 c:/program files (x86)/atmel/studio/7.0/toolchain/avr8/avr8-gnu-toolchain/bin/../lib/gcc/avr/4.9.2/avr51\libgcc.a(_exit.o)
 .text.libgcc.div
                0x00000000        0x0 c:/program files (x86)/atmel/studio/7.0/toolchain/avr8/avr8-gnu-toolchain/bin/../lib/gcc/avr/4.9.2/avr51\libgcc.a(_exit.o)
 .text.libgcc   0x00000000        0x0 c:/program files (x86)/atmel/studio/7.0/toolchain/avr8/avr8-gnu-toolchain/bin/../lib/gcc/avr/4.9.2/avr51\libgcc.a(_exit.o)
 .text.libgcc.prologue
                0x00000000        0x0 c:/program files (x86)/atmel/studio/7.0/toolchain/avr8/avr8-gnu-toolchain/bin/../lib/gcc/avr/4.9.2/avr51\libgcc.a(_exit.o)
 .text.libgcc.builtins
                0x00000000        0x0 c:/program files (x86)/atmel/studio/7.0/toolchain/avr8/avr8-gnu-toolchain/bin/../lib/gcc/avr/4.9.2/avr51\libgcc.a(_exit.o)
 .text.libgcc.fmul
                0x00000000        0x0 c:/program files (x86)/atmel/studio/7.0/toolchain/avr8/avr8-gnu-toolchain/bin/../lib/gcc/avr/4.9.2/avr51\libgcc.a(_exit.o)
 .text.libgcc.fixed
                0x00000000        0x0 c:/program files (x86)/atmel/studio/7.0/toolchain/avr8/avr8-gnu-toolchain/bin/../lib/gcc/avr/4.9.2/avr51\libgcc.a(_exit.o)
 .text          0x00000000        0x0 c:/program files (x86)/atmel/studio/7.0/toolchain/avr8/avr8-gnu-toolchain/bin/../lib/gcc/avr/4.9.2/avr51\libgcc.a(_copy_data.o)
 .data          0x00000000        0x0 c:/program files (x86)/atmel/studio/7.0/toolchain/avr8/avr8-gnu-toolchain/bin/../lib/gcc/avr/4.9.2/avr51\libgcc.a(_copy_data.o)
 .bss           0x00000000        0x0 c:/program files (x86)/atmel/studio/7.0/toolchain/avr8/avr8-gnu-toolchain/bin/../lib/gcc/avr/4.9.2/avr51\libgcc.a(_copy_data.o)
 .text.libgcc.mul
                0x00000000        0x0 c:/program files (x86)/atmel/studio/7.0/toolchain/avr8/avr8-gnu-toolchain/bin/../lib/gcc/avr/4.9.2/avr51\libgcc.a(_copy_data.o)
 .text.libgcc.div
                0x00000000        0x0 c:/program files (x86)/atmel/studio/7.0/toolchain/avr8/avr8-gnu-toolchain/bin/../lib/gcc/avr/4.9.2/avr51\libgcc.a(_copy_data.o)
 .text.libgcc   0x00000000        0x0 c:/program files (x86)/atmel/studio/7.0/toolchain/avr8/avr8-gnu-toolchain/bin/../lib/gcc/avr/4.9.2/avr51\libgcc.a(_copy_data.o)
 .text.libgcc.prologue
                0x00000000        0x0 c:/program files (x86)/atmel/studio/7.0/toolchain/avr8/avr8-gnu-toolchain/bin/../lib/gcc/avr/4.9.2/avr51\libgcc.a(_copy_data.o)
 .text.libgcc.builtins
                0x00000000        0x0 c:/program files (x86)/atmel/studio/7.0/toolchain/avr8/avr8-gnu-toolchain/bin/../lib/gcc/avr/4.9.2/avr51\libgcc.a(_copy_data.o)
 .text.libgcc.fmul
                0x00000000        0x0 c:/program files (x86)/atmel/studio/7.0/toolchain/avr8/avr8-gnu-toolchain/bin/../lib/gcc/avr/4.9.2/avr51\libgcc.a(_copy_data.o)
 .text.libgcc.fixed
                0x00000000        0x0 c:/program files (x86)/atmel/studio/7.0/toolchain/avr8/avr8-gnu-toolchain/bin/../lib/gcc/avr/4.9.2/avr51\libgcc.a(_copy_data.o)
 .text          0x00000000        0x0 c:/program files (x86)/atmel/studio/7.0/toolchain/avr8/avr8-gnu-toolchain/bin/../lib/gcc/avr/4.9.2/avr51\libgcc.a(_clear_bss.o)
 .data          0x00000000        0x0 c:/program files (x86)/atmel/studio/7.0/toolchain/avr8/avr8-gnu-toolchain/bin/../lib/gcc/avr/4.9.2/avr51\libgcc.a(_clear_bss.o)
 .bss           0x00000000        0x0 c:/program files (x86)/atmel/studio/7.0/toolchain/avr8/avr8-gnu-toolchain/bin/../lib/gcc/avr/4.9.2/avr51\libgcc.a(_clear_bss.o)
 .text.libgcc.mul
                0x00000000        0x0 c:/program files (x86)/atmel/studio/7.0/toolchain/avr8/avr8-gnu-toolchain/bin/../lib/gcc/avr/4.9.2/avr51\libgcc.a(_clear_bss.o)
 .text.libgcc.div
                0x00000000        0x0 c:/program files (x86)/atmel/studio/7.0/toolchain/avr8/avr8-gnu-toolchain/bin/../lib/gcc/avr/4.9.2/avr51\libgcc.a(_clear_bss.o)
 .text.libgcc   0x00000000        0x0 c:/program files (x86)/atmel/studio/7.0/toolchain/avr8/avr8-gnu-toolchain/bin/../lib/gcc/avr/4.9.2/avr51\libgcc.a(_clear_bss.o)
 .text.libgcc.prologue
                0x00000000        0x0 c:/program files (x86)/atmel/studio/7.0/toolchain/avr8/avr8-gnu-toolchain/bin/../lib/gcc/avr/4.9.2/avr51\libgcc.a(_clear_bss.o)
 .text.libgcc.builtins
                0x00000000        0x0 c:/program files (x86)/atmel/studio/7.0/toolchain/avr8/avr8-gnu-toolchain/bin/../lib/gcc/avr/4.9.2/avr51\libgcc.a(_clear_bss.o)
 .text.libgcc.fmul
                0x00000000        0x0 c:/program files (x86)/atmel/studio/7.0/toolchain/avr8/avr8-gnu-toolchain/bin/../lib/gcc/avr/4.9.2/avr51\libgcc.a(_clear_bss.o)
 .text.libgcc.fixed
                0x00000000        0x0 c:/program files (x86)/atmel/studio/7.0/toolchain/avr8/avr8-gnu-toolchain/bin/../lib/gcc/avr/4.9.2/avr51\libgcc.a(_clear_bss.o)
 .text          0x00000000        0x0 c:/program files (x86)/atmel/studio/7.0/toolchain/avr8/avr8-gnu-toolchain/bin/../lib/gcc/avr/4.9.2/avr51\libgcc.a(_ctors.o)
 .data          0x00000000        0x0 c:/program files (x86)/atmel/studio/7.0/toolchain/avr8/avr8-gnu-toolchain/bin/../lib/gcc/avr/4.9.2/avr51\libgcc.a(_ctors.o)
 .bss           0x00000000        0x0 c:/program files (x86)/atmel/studio/7.0/toolchain/avr8/avr8-gnu-toolchain/bin/../lib/gcc/avr/4.9.2/avr51\libgcc.a(_ctors.o)
 .text.libgcc.mul
                0x00000000        0x0 c:/program files (x86)/atmel/studio/7.0/toolchain/avr8/avr8-gnu-toolchain/bin/../lib/gcc/avr/4.9.2/avr51\libgcc.a(_ctors.o)
 .text.libgcc.div
                0x00000000        0x0 c:/program files (x86)/atmel/studio/7.0/toolchain/avr8/avr8-gnu-toolchain/bin/../lib/gcc/avr/4.9.2/avr51\libgcc.a(_ctors.o)
 .text.libgcc   0x00000000        0x0 c:/program files (x86)/atmel/studio/7.0/toolchain/avr8/avr8-gnu-toolchain/bin/../lib/gcc/avr/4.9.2/avr51\libgcc.a(_ctors.o)
 .text.libgcc.prologue
                0x00000000        0x0 c:/program files (x86)/atmel/studio/7.0/toolchain/avr8/avr8-gnu-toolchain/bin/../lib/gcc/avr/4.9.2/avr51\libgcc.a(_ctors.o)
 .text.libgcc.builtins
                0x00000000        0x0 c:/program files (x86)/atmel/studio/7.0/toolchain/avr8/avr8-gnu-toolchain/bin/../lib/gcc/avr/4.9.2/avr51\libgcc.a(_ctors.o)
 .text.libgcc.fmul
                0x00000000        0x0 c:/program files (x86)/atmel/studio/7.0/toolchain/avr8/avr8-gnu-toolchain/bin/../lib/gcc/avr/4.9.2/avr51\libgcc.a(_ctors.o)
 .text.libgcc.fixed
                0x00000000        0x0 c:/program files (x86)/atmel/studio/7.0/toolchain/avr8/avr8-gnu-toolchain/bin/../lib/gcc/avr/4.9.2/avr51\libgcc.a(_ctors.o)
 .text          0x00000000        0x0 c:/program files (x86)/atmel/studio/7.0/toolchain/avr8/avr8-gnu-toolchain/bin/../lib/gcc/avr/4.9.2/avr51\libgcc.a(_umulhisi3.o)
 .data          0x00000000        0x0 c:/program files (x86)/atmel/studio/7.0/toolchain/avr8/avr8-gnu-toolchain/bin/../lib/gcc/avr/4.9.2/avr51\libgcc.a(_umulhisi3.o)
 .bss           0x00000000        0x0 c:/program files (x86)/atmel/studio/7.0/toolchain/avr8/avr8-gnu-toolchain/bin/../lib/gcc/avr/4.9.2/avr51\libgcc.a(_umulhisi3.o)
 .text.libgcc.div
                0x00000000        0x0 c:/program files (x86)/atmel/studio/7.0/toolchain/avr8/avr8-gnu-toolchain/bin/../lib/gcc/avr/4.9.2/avr51\libgcc.a(_umulhisi3.o)
 .text.libgcc   0x00000000        0x0 c:/program files (x86)/atmel/studio/7.0/toolchain/avr8/avr8-gnu-toolchain/bin/../lib/gcc/avr/4.9.2/avr51\libgcc.a(_umulhisi3.o)
 .text.libgcc.prologue
                0x00000000        0x0 c:/program files (x86)/atmel/studio/7.0/toolchain/avr8/avr8-gnu-toolchain/bin/../lib/gcc/avr/4.9.2/avr51\libgcc.a(_umulhisi3.o)
 .text.libgcc.builtins
                0x00000000        0x0 c:/program files (x86)/atmel/studio/7.0/toolchain/avr8/avr8-gnu-toolchain/bin/../lib/gcc/avr/4.9.2/avr51\libgcc.a(_umulhisi3.o)
 .text.libgcc.fmul
                0x00000000        0x0 c:/program files (x86)/atmel/studio/7.0/toolchain/avr8/avr8-gnu-toolchain/bin/../lib/gcc/avr/4.9.2/avr51\libgcc.a(_umulhisi3.o)
 .text.libgcc.fixed
                0x00000000        0x0 c:/program files (x86)/atmel/studio/7.0/toolchain/avr8/avr8-gnu-toolchain/bin/../lib/gcc/avr/4.9.2/avr51\libgcc.a(_umulhisi3.o)
 .text          0x00000000        0x0 c:/program files (x86)/atmel/studio/7.0/toolchain/avr8/avr8-gnu-toolchain/bin/../lib/gcc/avr/4.9.2/avr51\libgcc.a(_udivmodhi4.o)
 .data          0x00000000        0x0 c:/program files (x86)/atmel/studio/7.0/toolchain/avr8/avr8-gnu-toolchain/bin/../lib/gcc/avr/4.9.2/avr51\libgcc.a(_udivmodhi4.o)
 .bss           0x00000000        0x0 c:/program files (x86)/atmel/studio/7.0/toolchain/avr8/avr8-gnu-toolchain/bin/../lib/gcc/avr/4.9.2/avr51\libgcc.a(_udivmodhi4.o)
 .text.libgcc.mul
                0x00000000        0x0 c:/program files (x86)/atmel/studio/7.0/toolchain/avr8/avr8-gnu-toolchain/bin/../lib/gcc/avr/4.9.2/avr51\libgcc.a(_udivmodhi4.o)
 .text.libgcc   0x00000000        0x0 c:/program files (x86)/atmel/studio/7.0/toolchain/avr8/avr8-gnu-toolchain/bin/../lib/gcc/avr/4.9.2/avr51\libgcc.a(_udivmodhi4.o)
 .text.libgcc.prologue
                0x00000000        0x0 c:/program files (x86)/atmel/studio/7.0/toolchain/avr8/avr8-gnu-toolchain/bin/../lib/gcc/avr/4.9.2/avr51\libgcc.a(_udivmodhi4.o)
 .text.libgcc.builtins
                0x00000000        0x0 c:/program files (x86)/atmel/studio/7.0/toolchain/avr8/avr8-gnu-toolchain/bin/../lib/gcc/avr/4.9.2/avr51\libgcc.a(_udivmodhi4.o)
 .text.libgcc.fmul
                0x00000000        0x0 c:/program files (x86)/atmel/studio/7.0/toolchain/avr8/avr8-gnu-toolchain/bin/../lib/gcc/avr/4.9.2/avr51\libgcc.a(_udivmodhi4.o)
 .text.libgcc.fixed
                0x00000000        0x0 c:/program files (x86)/atmel/studio/7.0/toolchain/avr8/avr8-gnu-toolchain/bin/../lib/gcc/avr/4.9.2/avr51\libgcc.a(_udivmodhi4.o)
 .text          0x00000000        0x0 c:/program files (x86)/atmel/studio/7.0/toolchain/avr8/avr8-gnu-toolchain/bin/../lib/gcc/avr/4.9.2/avr51\libgcc.a(_tablejump2.o)
 .data          0x00000000        0x0 c:/program files (x86)/atmel/studio/7.0/toolchain/avr8/avr8-gnu-toolchain/bin/../lib/gcc/avr/4.9.2/avr51\libgcc.a(_tablejump2.o)
 .bss           0x00000000        0x0 c:/program files (x86)/atmel/studio/7.0/toolchain/avr8/avr8-gnu-toolchain/bin/../lib/gcc/avr/4.9.2/avr51\libgcc.a(_tablejump2.o)
 .text.libgcc.mul
                0x00000000        0x0 c:/program files (x86)/atmel/studio/7.0/toolchain/avr8/avr8-gnu-toolchain/bin/../lib/gcc/avr/4.9.2/avr51\libgcc.a(_tablejump2.o)
 .text.libgcc.div
                0x00000000        0x0 c:/program files (x86)/atmel/studio/7.0/toolchain/avr8/avr8-gnu-toolchain/bin/../lib/gcc/avr/4.9.2/avr51\libgcc.a(_tablejump2.o)
 .text.libgcc.prologue
                0x00000000        0x0 c:/program files (x86)/atmel/studio/7.0/toolchain/avr8/avr8-gnu-toolchain/bin/../lib/gcc/avr/4.9.2/avr51\libgcc.a(_tablejump2.o)
 .text.libgcc.builtins
                0x00000000        0x0 c:/program files (x86)/atmel/studio/7.0/toolchain/avr8/avr8-gnu-toolchain/bin/../lib/gcc/avr/4.9.2/avr51\libgcc.a(_tablejump2.o)
 .text.libgcc.fmul
                0x00000000        0x0 c:/program files (x86)/atmel/studio/7.0/toolchain/avr8/avr8-gnu-toolchain/bin/../lib/gcc/avr/4.9.2/avr51\libgcc.a(_tablejump2.o)
 .text.libgcc.fixed
                0x00000000        0x0 c:/program files (x86)/atmel/studio/7.0/toolchain/avr8/avr8-gnu-toolchain/bin/../lib/gcc/avr/4.9.2/avr51\libgcc.a(_tablejump2.o)
 .text          0x00000000        0x0 c:/program files (x86)/atmel/studio/7.0/toolchain/avr8/avr8-gnu-toolchain/bin/../lib/gcc/avr/4.9.2/../../../../avr/lib/avr51\libc.a(malloc.o)
 .bss           0x00000000        0x0 c:/program files (x86)/atmel/studio/7.0/toolchain/avr8/avr8-gnu-toolchain/bin/../lib/gcc/avr/4.9.2/../../../../avr/lib/avr51\libc.a(malloc.o)
 .text          0x00000000        0x0 c:/program files (x86)/atmel/studio/7.0/toolchain/avr8/avr8-gnu-toolchain/bin/../lib/gcc/avr/4.9.2/../../../../avr/lib/avr51\libc.a(itoa_ncheck.o)
 .data          0x00000000        0x0 c:/program files (x86)/atmel/studio/7.0/toolchain/avr8/avr8-gnu-toolchain/bin/../lib/gcc/avr/4.9.2/../../../../avr/lib/avr51\libc.a(itoa_ncheck.o)
 .bss           0x00000000        0x0 c:/program files (x86)/atmel/studio/7.0/toolchain/avr8/avr8-gnu-toolchain/bin/../lib/gcc/avr/4.9.2/../../../../avr/lib/avr51\libc.a(itoa_ncheck.o)
 .text          0x00000000        0x0 c:/program files (x86)/atmel/studio/7.0/toolchain/avr8/avr8-gnu-toolchain/bin/../lib/gcc/avr/4.9.2/../../../../avr/lib/avr51\libc.a(utoa_ncheck.o)
 .data          0x00000000        0x0 c:/program files (x86)/atmel/studio/7.0/toolchain/avr8/avr8-gnu-toolchain/bin/../lib/gcc/avr/4.9.2/../../../../avr/lib/avr51\libc.a(utoa_ncheck.o)
 .bss           0x00000000        0x0 c:/program files (x86)/atmel/studio/7.0/toolchain/avr8/avr8-gnu-toolchain/bin/../lib/gcc/avr/4.9.2/../../../../avr/lib/avr51\libc.a(utoa_ncheck.o)
 .text          0x00000000        0x0 c:/program files (x86)/atmel/studio/7.0/toolchain/avr8/avr8-gnu-toolchain/bin/../lib/gcc/avr/4.9.2/../../../../avr/lib/avr51\libc.a(strrev.o)
 .data          0x00000000        0x0 c:/program files (x86)/atmel/studio/7.0/toolchain/avr8/avr8-gnu-toolchain/bin/../lib/gcc/avr/4.9.2/../../../../avr/lib/avr51\libc.a(strrev.o)
 .bss           0x00000000        0x0 c:/program files (x86)/atmel/studio/7.0/toolchain/avr8/avr8-gnu-toolchain/bin/../lib/gcc/avr/4.9.2/../../../../avr/lib/avr51\libc.a(strrev.o)

Memory Configuration

Name             Origin             Length             Attributes
text             0x00000000         0x00020000         xr
data             0x00800100         0x0000ff00         rw !x
eeprom           0x00810000         0x00010000         rw !x
fuse             0x00820000         0x00000400         rw !x
lock             0x00830000         0x00000400         rw !x
signature        0x00840000         0x00000400         rw !x
user_signatures  0x00850000         0x00000400         rw !x
*default*        0x00000000         0xffffffff

Linker script and memory map

Address of section .data set to 0x800100
LOAD C:/Program Files (x86)/Atmel/Studio/7.0/Packs/atmel/ATmega_DFP/1.0.90/gcc/dev/atmega1284p/avr51/crtatmega1284p.o
LOAD Button.o
LOAD cplusplus.o
LOAD EEPROM.o
LOAD LCD.o
LOAD LineTrack.o
LOAD R20.o
LOAD Robocar.o
LOAD robocar_ll.o
LOAD Servo.o
LOAD Timer3.o
LOAD Wheel.o
START GROUP
LOAD ..\liblamos.a
LOAD ..\liblamos.a
END GROUP
LOAD c:/program files (x86)/atmel/studio/7.0/toolchain/avr8/avr8-gnu-toolchain/bin/../lib/gcc/avr/4.9.2/avr51\libgcc.a
LOAD c:/program files (x86)/atmel/studio/7.0/toolchain/avr8/avr8-gnu-toolchain/bin/../lib/gcc/avr/4.9.2/../../../../avr/lib/avr51\libm.a
START GROUP
LOAD c:/program files (x86)/atmel/studio/7.0/toolchain/avr8/avr8-gnu-toolchain/bin/../lib/gcc/avr/4.9.2/avr51\libgcc.a
LOAD c:/program files (x86)/atmel/studio/7.0/toolchain/avr8/avr8-gnu-toolchain/bin/../lib/gcc/avr/4.9.2/../../../../avr/lib/avr51\libm.a
LOAD c:/program files (x86)/atmel/studio/7.0/toolchain/avr8/avr8-gnu-toolchain/bin/../lib/gcc/avr/4.9.2/../../../../avr/lib/avr51\libc.a
LOAD C:/Program Files (x86)/Atmel/Studio/7.0/Packs/atmel/ATmega_DFP/1.0.90/gcc/dev/atmega1284p/avr51\libatmega1284p.a
END GROUP

.hash
 *(.hash)

.dynsym
 *(.dynsym)

.dynstr
 *(.dynstr)

.gnu.version
 *(.gnu.version)

.gnu.version_d
 *(.gnu.version_d)

.gnu.version_r
 *(.gnu.version_r)

.rel.init
 *(.rel.init)

.rela.init
 *(.rela.init)

.rel.text
 *(.rel.text)
 *(.rel.text.*)
 *(.rel.gnu.linkonce.t*)

.rela.text
 *(.rela.text)
 *(.rela.text.*)
 *(.rela.gnu.linkonce.t*)

.rel.fini
 *(.rel.fini)

.rela.fini
 *(.rela.fini)

.rel.rodata
 *(.rel.rodata)
 *(.rel.rodata.*)
 *(.rel.gnu.linkonce.r*)

.rela.rodata
 *(.rela.rodata)
 *(.rela.rodata.*)
 *(.rela.gnu.linkonce.r*)

.rel.data
 *(.rel.data)
 *(.rel.data.*)
 *(.rel.gnu.linkonce.d*)

.rela.data
 *(.rela.data)
 *(.rela.data.*)
 *(.rela.gnu.linkonce.d*)

.rel.ctors
 *(.rel.ctors)

.rela.ctors
 *(.rela.ctors)

.rel.dtors
 *(.rel.dtors)

.rela.dtors
 *(.rela.dtors)

.rel.got
 *(.rel.got)

.rela.got
 *(.rela.got)

.rel.bss
 *(.rel.bss)

.rela.bss
 *(.rela.bss)

.rel.plt
 *(.rel.plt)

.rela.plt
 *(.rela.plt)

.text           0x00000000     0x1550
 *(.vectors)
 .vectors       0x00000000       0x8c C:/Program Files (x86)/Atmel/Studio/7.0/Packs/atmel/ATmega_DFP/1.0.90/gcc/dev/atmega1284p/avr51/crtatmega1284p.o
                0x00000000                __vector_default
                0x00000000                __vectors
 *(.vectors)
 *(.progmem.gcc*)
                0x0000008c                . = ALIGN (0x2)
                0x0000008c                __trampolines_start = .
 *(.trampolines)
 .trampolines   0x0000008c        0x0 linker stubs
 *(.trampolines*)
                0x0000008c                __trampolines_end = .
 *(.progmem*)
 .progmem.data._ZZN12_GLOBAL__N_13LCD7timeoutEvE3__c
                0x0000008c        0x5 LCD.o
 .progmem.data._ZL5table
                0x00000091       0x80 LineTrack.o
                0x00000112                . = ALIGN (0x2)
 *fill*         0x00000111        0x1 
 *(.jumptables)
 *(.jumptables*)
 *(.lowtext)
 *(.lowtext*)
                0x00000112                __ctors_start = .
 *(.ctors)
 .ctors         0x00000112        0x2 Button.o
 .ctors         0x00000114        0x2 EEPROM.o
 .ctors         0x00000116        0x2 LCD.o
 .ctors         0x00000118        0x2 R20.o
 .ctors         0x0000011a        0x2 Robocar.o
 .ctors         0x0000011c        0x2 Servo.o
 .ctors         0x0000011e        0x2 Timer3.o
 .ctors         0x00000120        0x2 Wheel.o
 .ctors         0x00000122        0x2 ..\liblamos.a(Task.o)
                0x00000124                __ctors_end = .
                0x00000124                __dtors_start = .
 *(.dtors)
                0x00000124                __dtors_end = .
 SORT(*)(.ctors)
 SORT(*)(.dtors)
 *(.init0)
 .init0         0x00000124        0x0 C:/Program Files (x86)/Atmel/Studio/7.0/Packs/atmel/ATmega_DFP/1.0.90/gcc/dev/atmega1284p/avr51/crtatmega1284p.o
                0x00000124                __init
 *(.init0)
 *(.init1)
 *(.init1)
 *(.init2)
 .init2         0x00000124        0xc C:/Program Files (x86)/Atmel/Studio/7.0/Packs/atmel/ATmega_DFP/1.0.90/gcc/dev/atmega1284p/avr51/crtatmega1284p.o
 *(.init2)
 *(.init3)
 .init3         0x00000130       0x30 robocar_ll.o
                0x00000130                _Z14__hardwareInitv
 *(.init3)
 *(.init4)
 .init4         0x00000160       0x1a c:/program files (x86)/atmel/studio/7.0/toolchain/avr8/avr8-gnu-toolchain/bin/../lib/gcc/avr/4.9.2/avr51\libgcc.a(_copy_data.o)
                0x00000160                __do_copy_data
 .init4         0x0000017a       0x10 c:/program files (x86)/atmel/studio/7.0/toolchain/avr8/avr8-gnu-toolchain/bin/../lib/gcc/avr/4.9.2/avr51\libgcc.a(_clear_bss.o)
                0x0000017a                __do_clear_bss
 *(.init4)
 *(.init5)
 *(.init5)
 *(.init6)
 .init6         0x0000018a       0x16 c:/program files (x86)/atmel/studio/7.0/toolchain/avr8/avr8-gnu-toolchain/bin/../lib/gcc/avr/4.9.2/avr51\libgcc.a(_ctors.o)
                0x0000018a                __do_global_ctors
 *(.init6)
 *(.init7)
 *(.init7)
 *(.init8)
 .init8         0x000001a0        0x2 robocar_ll.o
                0x000001a0                _Z7__powerv
 .init8         0x000001a2        0x2 ..\liblamos.a(Task.o)
                0x000001a2                _Z5__seiv
 *(.init8)
 *(.init9)
 .init9         0x000001a4        0x6 C:/Program Files (x86)/Atmel/Studio/7.0/Packs/atmel/ATmega_DFP/1.0.90/gcc/dev/atmega1284p/avr51/crtatmega1284p.o
 *(.init9)
 *(.text)
 .text          0x000001aa        0x2 C:/Program Files (x86)/Atmel/Studio/7.0/Packs/atmel/ATmega_DFP/1.0.90/gcc/dev/atmega1284p/avr51/crtatmega1284p.o
                0x000001aa                __vector_22
                0x000001aa                __vector_28
                0x000001aa                __vector_1
                0x000001aa                __vector_32
                0x000001aa                __vector_12
                0x000001aa                __bad_interrupt
                0x000001aa                __vector_6
                0x000001aa                __vector_31
                0x000001aa                __vector_3
                0x000001aa                __vector_23
                0x000001aa                __vector_30
                0x000001aa                __vector_13
                0x000001aa                __vector_17
                0x000001aa                __vector_19
                0x000001aa                __vector_7
                0x000001aa                __vector_27
                0x000001aa                __vector_5
                0x000001aa                __vector_4
                0x000001aa                __vector_9
                0x000001aa                __vector_2
                0x000001aa                __vector_21
                0x000001aa                __vector_15
                0x000001aa                __vector_29
                0x000001aa                __vector_8
                0x000001aa                __vector_26
                0x000001aa                __vector_14
                0x000001aa                __vector_10
                0x000001aa                __vector_16
                0x000001aa                __vector_18
                0x000001aa                __vector_20
                0x000001ac                . = ALIGN (0x2)
 *(.text.*)
 .text._ZN7Buttons7timeoutEv
                0x000001ac       0x54 Button.o
                0x000001ac                _ZN7Buttons7timeoutEv
 .text._ZN6Button6getBF1Ev
                0x00000200        0x6 Button.o
                0x00000200                _ZN6Button6getBF1Ev
 .text._ZN6Button6getBF2Ev
                0x00000206        0x6 Button.o
                0x00000206                _ZN6Button6getBF2Ev
 .text._GLOBAL__sub_I__ZN6Button6getBF1Ev
                0x0000020c       0x86 Button.o
 .text.__cxa_pure_virtual
                0x00000292        0x2 cplusplus.o
                0x00000292                __cxa_pure_virtual
 .text._Znwj    0x00000294        0x4 cplusplus.o
                0x00000294                _Znwj
 .text._ZN12_GLOBAL__N_16EEProm4taskEv
                0x00000298       0x34 EEPROM.o
 .text.__vector_25
                0x000002cc       0x54 EEPROM.o
                0x000002cc                __vector_25
 .text._GLOBAL__sub_I_eedata
                0x00000320       0x58 EEPROM.o
 .text._ZN12_GLOBAL__N_13LCD4taskEv
                0x00000378       0x62 LCD.o
 .text._ZN12_GLOBAL__N_13LCD7timeoutEv
                0x000003da       0xa4 LCD.o
 .text._ZN3LCD3._54taskEv
                0x0000047e       0x7c LCD.o
 .text._ZThn6_N12_GLOBAL__N_13LCD4taskEv
                0x000004fa       0x8a LCD.o
 .text._ZN3LCD5printEhPc
                0x00000584       0x56 LCD.o
                0x00000584                _ZN3LCD5printEhPc
 .text._GLOBAL__sub_I__ZN3LCD5printEhPKc
                0x000005da       0x54 LCD.o
 .text._Z12displacementc
                0x0000062e       0x46 LineTrack.o
                0x0000062e                _Z12displacementc
 .text._ZN3R204taskEv
                0x00000674       0x72 R20.o
                0x00000674                _ZN3R204taskEv
 .text.__vector_24
                0x000006e6       0x52 R20.o
                0x000006e6                __vector_24
 .text._GLOBAL__sub_I___vector_24
                0x00000738       0x28 R20.o
 .text._ZN8maintask4taskEv
                0x00000760       0x2c Robocar.o
                0x00000760                _ZN8maintask4taskEv
 .text.main     0x0000078c        0x2 Robocar.o
                0x0000078c                main
 .text._GLOBAL__sub_I__Z4testv
                0x0000078e       0x2e Robocar.o
 .text._ZN12_GLOBAL__N_13SPIEc
                0x000007bc       0x1e robocar_ll.o
 .text._Z5delayv
                0x000007da        0x2 robocar_ll.o
                0x000007da                _Z5delayv
 .text._Z6delayUh
                0x000007dc       0x12 robocar_ll.o
                0x000007dc                _Z6delayUh
 .text._Z6mirrorc
                0x000007ee       0x10 robocar_ll.o
                0x000007ee                _Z6mirrorc
 .text._ZN2LL14lcdWriteNibbleEhh
                0x000007fe       0x16 robocar_ll.o
                0x000007fe                _ZN2LL14lcdWriteNibbleEhh
 .text._ZN2LL12lcdWriteByteEhh
                0x00000814       0x1c robocar_ll.o
                0x00000814                _ZN2LL12lcdWriteByteEhh
 .text._ZN2LL11lcdReadByteEh
                0x00000830       0x2c robocar_ll.o
                0x00000830                _ZN2LL11lcdReadByteEh
 .text._ZN2LL7read541ENS_5HC541Eh
                0x0000085c       0x34 robocar_ll.o
                0x0000085c                _ZN2LL7read541ENS_5HC541Eh
 .text._ZN2LL8write574ENS_5HC574Ec
                0x00000890       0x12 robocar_ll.o
                0x00000890                _ZN2LL8write574ENS_5HC574Ec
 .text._ZN2LL15servoSetAddressEc
                0x000008a2       0x1e robocar_ll.o
                0x000008a2                _ZN2LL15servoSetAddressEc
 .text._ZN2LL16backMotorControlEc
                0x000008c0       0x14 robocar_ll.o
                0x000008c0                _ZN2LL16backMotorControlEc
 .text._ZN12_GLOBAL__N_18Slowmove4taskEv
                0x000008d4       0x96 Servo.o
 .text._ZN12_GLOBAL__N_15Servo4taskEv
                0x0000096a       0x5c Servo.o
 .text.__vector_33
                0x000009c6       0x52 Servo.o
                0x000009c6                __vector_33
 .text._GLOBAL__sub_I__ZN5Servo10delay100msEi
                0x00000a18       0x62 Servo.o
 .text._ZN6Timer34taskEv
                0x00000a7a       0x60 Timer3.o
                0x00000a7a                _ZN6Timer34taskEv
 .text.__vector_34
                0x00000ada       0x52 Timer3.o
                0x00000ada                __vector_34
 .text._ZN5timer3addER5Timer
                0x00000b2c        0xe Timer3.o
                0x00000b2c                _ZN5timer3addER5Timer
 .text._ZN5timer6removeER5Timer
                0x00000b3a       0x3a Timer3.o
                0x00000b3a                _ZN5timer6removeER5Timer
 .text._GLOBAL__sub_I___vector_34
                0x00000b74       0x48 Timer3.o
 .text._ZL5uitosjPch
                0x00000bbc       0xc0 Wheel.o
 .text._ZN12_GLOBAL__N_16Timer24taskEv
                0x00000c7c      0x1ac Wheel.o
 .text.__vector_11
                0x00000e28       0x60 Wheel.o
                0x00000e28                __vector_11
 .text._ZN5Wheel9getSensorEv
                0x00000e88        0x6 Wheel.o
                0x00000e88                _ZN5Wheel9getSensorEv
 .text._ZN5Wheel8setSpeedEi
                0x00000e8e        0xa Wheel.o
                0x00000e8e                _ZN5Wheel8setSpeedEi
 .text._ZN5Wheel4moveENS_8_commandE
                0x00000e98       0x26 Wheel.o
                0x00000e98                _ZN5Wheel4moveENS_8_commandE
 .text._ZN12_GLOBAL__N_112UsrCountTask4taskEv
                0x00000ebe       0xd2 Wheel.o
 .text._ZN5Wheel4setPEi
                0x00000f90        0xa Wheel.o
                0x00000f90                _ZN5Wheel4setPEi
 .text._ZN5Wheel4setIEi
                0x00000f9a        0xa Wheel.o
                0x00000f9a                _ZN5Wheel4setIEi
 .text._ZN5Wheel4setDEi
                0x00000fa4        0xa Wheel.o
                0x00000fa4                _ZN5Wheel4setDEi
 .text._GLOBAL__sub_I___vector_11
                0x00000fae       0x96 Wheel.o
 .text._ZN7ElementC2Ev
                0x00001044        0x8 ..\liblamos.a(List.o)
                0x00001044                _ZN7ElementC2Ev
                0x00001044                _ZN7ElementC1Ev
 .text._ZN4ListC2Ev
                0x0000104c       0x12 ..\liblamos.a(List.o)
                0x0000104c                _ZN4ListC1Ev
                0x0000104c                _ZN4ListC2Ev
 .text._ZN4List7getNextEP7Element
                0x0000105e       0x20 ..\liblamos.a(List.o)
                0x0000105e                _ZN4List7getNextEP7Element
 .text._ZN4List4pushER7Element
                0x0000107e       0x1c ..\liblamos.a(List.o)
                0x0000107e                _ZN4List4pushER7Element
 .text._ZN4List6appendER7Element
                0x0000109a       0x1e ..\liblamos.a(List.o)
                0x0000109a                _ZN4List6appendER7Element
 .text._ZN4List3popEv
                0x000010b8       0x34 ..\liblamos.a(List.o)
                0x000010b8                _ZN4List3popEv
 .text._ZN4List6removeER7Element
                0x000010ec       0x4c ..\liblamos.a(List.o)
                0x000010ec                _ZN4List6removeER7Element
 .text._ZN5QueueC2EPS_
                0x00001138       0x1e ..\liblamos.a(Task.o)
                0x00001138                _ZN5QueueC2EPS_
                0x00001138                _ZN5QueueC1EPS_
 .text._ZN5Queue6appendER4Task
                0x00001156       0x1c ..\liblamos.a(Task.o)
                0x00001156                _ZN5Queue6appendER4Task
 .text._ZN5Queue3popEv
                0x00001172       0x22 ..\liblamos.a(Task.o)
                0x00001172                _ZN5Queue3popEv
 .text._Z9isrAppendR4Task
                0x00001194       0x5a ..\liblamos.a(Task.o)
                0x00001194                _Z9isrAppendR4Task
 .text._Z9kerAppendR4Task
                0x000011ee        0xa ..\liblamos.a(Task.o)
                0x000011ee                _Z9kerAppendR4Task
 .text._GLOBAL__sub_I__Z5__seiv
                0x000011f8       0x16 ..\liblamos.a(Task.o)
 .text.libgcc.div
                0x0000120e       0x26 c:/program files (x86)/atmel/studio/7.0/toolchain/avr8/avr8-gnu-toolchain/bin/../lib/gcc/avr/4.9.2/avr51\libgcc.a(_divmodhi4.o)
                0x0000120e                _div
                0x0000120e                __divmodhi4
 .text.libgcc.mul
                0x00001234       0x1e c:/program files (x86)/atmel/studio/7.0/toolchain/avr8/avr8-gnu-toolchain/bin/../lib/gcc/avr/4.9.2/avr51\libgcc.a(_umulhisi3.o)
                0x00001234                __umulhisi3
 .text.libgcc.div
                0x00001252       0x28 c:/program files (x86)/atmel/studio/7.0/toolchain/avr8/avr8-gnu-toolchain/bin/../lib/gcc/avr/4.9.2/avr51\libgcc.a(_udivmodhi4.o)
                0x00001252                __udivmodhi4
 .text.libgcc   0x0000127a       0x12 c:/program files (x86)/atmel/studio/7.0/toolchain/avr8/avr8-gnu-toolchain/bin/../lib/gcc/avr/4.9.2/avr51\libgcc.a(_tablejump2.o)
                0x0000127a                __tablejump2__
 .text.avr-libc
                0x0000128c      0x25a c:/program files (x86)/atmel/studio/7.0/toolchain/avr8/avr8-gnu-toolchain/bin/../lib/gcc/avr/4.9.2/../../../../avr/lib/avr51\libc.a(malloc.o)
                0x0000128c                malloc
                0x000013b6                free
 .text.avr-libc
                0x000014e6       0x14 c:/program files (x86)/atmel/studio/7.0/toolchain/avr8/avr8-gnu-toolchain/bin/../lib/gcc/avr/4.9.2/../../../../avr/lib/avr51\libc.a(itoa_ncheck.o)
                0x000014e6                __itoa_ncheck
 .text.avr-libc
                0x000014fa       0x32 c:/program files (x86)/atmel/studio/7.0/toolchain/avr8/avr8-gnu-toolchain/bin/../lib/gcc/avr/4.9.2/../../../../avr/lib/avr51\libc.a(utoa_ncheck.o)
                0x000014fa                __utoa_ncheck
                0x000014fc                __utoa_common
 .text.avr-libc
                0x0000152c       0x20 c:/program files (x86)/atmel/studio/7.0/toolchain/avr8/avr8-gnu-toolchain/bin/../lib/gcc/avr/4.9.2/../../../../avr/lib/avr51\libc.a(strrev.o)
                0x0000152c                strrev
                0x0000154c                . = ALIGN (0x2)
 *(.fini9)
 .fini9         0x0000154c        0x0 c:/program files (x86)/atmel/studio/7.0/toolchain/avr8/avr8-gnu-toolchain/bin/../lib/gcc/avr/4.9.2/avr51\libgcc.a(_exit.o)
                0x0000154c                _exit
                0x0000154c                exit
 *(.fini9)
 *(.fini8)
 *(.fini8)
 *(.fini7)
 *(.fini7)
 *(.fini6)
 *(.fini6)
 *(.fini5)
 *(.fini5)
 *(.fini4)
 *(.fini4)
 *(.fini3)
 *(.fini3)
 *(.fini2)
 *(.fini2)
 *(.fini1)
 *(.fini1)
 *(.fini0)
 .fini0         0x0000154c        0x4 c:/program files (x86)/atmel/studio/7.0/toolchain/avr8/avr8-gnu-toolchain/bin/../lib/gcc/avr/4.9.2/avr51\libgcc.a(_exit.o)
 *(.fini0)
                0x00001550                _etext = .

.data           0x00800100       0x58 load address 0x00001550
                0x00800100                PROVIDE (__data_start, .)
 *(.data)
 .data          0x00800100        0x6 c:/program files (x86)/atmel/studio/7.0/toolchain/avr8/avr8-gnu-toolchain/bin/../lib/gcc/avr/4.9.2/../../../../avr/lib/avr51\libc.a(malloc.o)
                0x00800100                __malloc_heap_end
                0x00800102                __malloc_heap_start
                0x00800104                __malloc_margin
 *(.data*)
 .data._ZZ12displacementcE4last
                0x00800106        0x2 LineTrack.o
 *(.rodata)
 *(.rodata*)
 .rodata._ZTV7Buttons
                0x00800108        0x6 Button.o
                0x00800108                _ZTV7Buttons
 .rodata._ZTVN12_GLOBAL__N_16EEPromE
                0x0080010e        0x6 EEPROM.o
 .rodata._ZTV5Timer
                0x00800114        0x6 LCD.o
                0x00800114                _ZTV5Timer
 .rodata._ZTVN12_GLOBAL__N_13LCDE
                0x0080011a        0xe LCD.o
 .rodata._ZTVN3LCD3._5E
                0x00800128        0x6 LCD.o
 .rodata._ZTV3R20
                0x0080012e        0x6 R20.o
                0x0080012e                _ZTV3R20
 .rodata._ZTV8maintask
                0x00800134        0x6 Robocar.o
                0x00800134                _ZTV8maintask
 .rodata._ZTVN12_GLOBAL__N_15ServoE
                0x0080013a        0x6 Servo.o
 .rodata._ZTVN12_GLOBAL__N_18SlowmoveE
                0x00800140        0x6 Servo.o
 .rodata._ZTV6Timer3
                0x00800146        0x6 Timer3.o
                0x00800146                _ZTV6Timer3
 .rodata._ZTVN12_GLOBAL__N_16Timer2E
                0x0080014c        0x6 Wheel.o
 .rodata._ZTVN12_GLOBAL__N_112UsrCountTaskE
                0x00800152        0x6 Wheel.o
 *(.gnu.linkonce.d*)
                0x00800158                . = ALIGN (0x2)
                0x00800158                _edata = .
                0x00800158                PROVIDE (__data_end, .)

.bss            0x00800158       0xf2
                0x00800158                PROVIDE (__bss_start, .)
 *(.bss)
 *(.bss*)
 .bss._ZL7buttons
                0x00800158       0x35 Button.o
 .bss._ZN12_GLOBAL__N_12eeE
                0x0080018d        0x7 EEPROM.o
 .bss.eedata    0x00800194        0xe EEPROM.o
                0x00800194                eedata
 .bss._ZN3LCDL9printTaskE
                0x008001a2        0x8 LCD.o
 .bss._ZN12_GLOBAL__N_13lcdE
                0x008001aa       0x10 LCD.o
 .bss._ZL3r20   0x008001ba        0x8 R20.o
 .bss._ZL8usrTask1
                0x008001c2        0x5 Robocar.o
 .bss._ZL7usrTask
                0x008001c7        0x5 Robocar.o
 .bss._ZN12_GLOBAL__N_12u5E
                0x008001cc        0x1 robocar_ll.o
 .bss._ZN12_GLOBAL__N_12u4E
                0x008001cd        0x1 robocar_ll.o
 .bss._ZN12_GLOBAL__N_18slowmoveE
                0x008001ce        0xb Servo.o
 .bss._ZN12_GLOBAL__N_15servoE
                0x008001d9       0x17 Servo.o
 .bss._ZL6timer3
                0x008001f0        0xa Timer3.o
 .bss._ZN12_GLOBAL__N_112usrCountTaskE
                0x008001fa        0xb Wheel.o
 .bss._ZN12_GLOBAL__N_17R_countE
                0x00800205        0x2 Wheel.o
 .bss._ZN12_GLOBAL__N_17L_countE
                0x00800207        0x2 Wheel.o
 .bss._ZN12_GLOBAL__N_16R_lastE
                0x00800209        0x1 Wheel.o
 .bss._ZN12_GLOBAL__N_16L_lastE
                0x0080020a        0x1 Wheel.o
 .bss._ZN12_GLOBAL__N_15R_isrE
                0x0080020b        0x1 Wheel.o
 .bss._ZN12_GLOBAL__N_15L_isrE
                0x0080020c        0x1 Wheel.o
 .bss._ZN12_GLOBAL__N_16timer2E
                0x0080020d       0x2a Wheel.o
 .bss._ZN12_GLOBAL__N_18kerlevelE
                0x00800237        0x1 ..\liblamos.a(Task.o)
 .bss._ZN12_GLOBAL__N_14isrqE
                0x00800238        0x7 ..\liblamos.a(Task.o)
 .bss._ZN12_GLOBAL__N_14kerqE
                0x0080023f        0x7 ..\liblamos.a(Task.o)
 *(COMMON)
 COMMON         0x00800246        0x4 c:/program files (x86)/atmel/studio/7.0/toolchain/avr8/avr8-gnu-toolchain/bin/../lib/gcc/avr/4.9.2/../../../../avr/lib/avr51\libc.a(malloc.o)
                0x00800246                __brkval
                0x00800248                __flp
                0x0080024a                PROVIDE (__bss_end, .)
                0x00001550                __data_load_start = LOADADDR (.data)
                0x000015a8                __data_load_end = (__data_load_start + SIZEOF (.data))

.noinit         0x0080024a        0x0
                0x0080024a                PROVIDE (__noinit_start, .)
 *(.noinit*)
                0x0080024a                PROVIDE (__noinit_end, .)
                0x0080024a                _end = .
                0x0080024a                PROVIDE (__heap_start, .)

.eeprom         0x00810000        0x0
 *(.eeprom*)
                0x00810000                __eeprom_end = .

.fuse
 *(.fuse)
 *(.lfuse)
 *(.hfuse)
 *(.efuse)

.lock
 *(.lock*)

.signature
 *(.signature*)

.user_signatures
 *(.user_signatures*)

.stab
 *(.stab)

.stabstr
 *(.stabstr)

.stab.excl
 *(.stab.excl)

.stab.exclstr
 *(.stab.exclstr)

.stab.index
 *(.stab.index)

.stab.indexstr
 *(.stab.indexstr)

.comment        0x00000000       0x60
 *(.comment)
 .comment       0x00000000       0x30 Button.o
                                 0x31 (size before relaxing)
 .comment       0x00000030       0x31 cplusplus.o
 .comment       0x00000030       0x31 EEPROM.o
 .comment       0x00000030       0x31 LCD.o
 .comment       0x00000030       0x31 LineTrack.o
 .comment       0x00000030       0x31 R20.o
 .comment       0x00000030       0x31 Robocar.o
 .comment       0x00000030       0x31 robocar_ll.o
 .comment       0x00000030       0x31 Servo.o
 .comment       0x00000030       0x31 Timer3.o
 .comment       0x00000030       0x31 Wheel.o
 .comment       0x00000030       0x30 ..\liblamos.a(List.o)
                                 0x31 (size before relaxing)
 .comment       0x00000060       0x31 ..\liblamos.a(Task.o)
 .comment       0x00000060       0x31 c:/program files (x86)/atmel/studio/7.0/toolchain/avr8/avr8-gnu-toolchain/bin/../lib/gcc/avr/4.9.2/../../../../avr/lib/avr51\libc.a(malloc.o)

.note.gnu.avr.deviceinfo
                0x00000000       0x40
 .note.gnu.avr.deviceinfo
                0x00000000       0x40 C:/Program Files (x86)/Atmel/Studio/7.0/Packs/atmel/ATmega_DFP/1.0.90/gcc/dev/atmega1284p/avr51/crtatmega1284p.o

.note.gnu.build-id
 *(.note.gnu.build-id)

.debug
 *(.debug)

.line
 *(.line)

.debug_srcinfo
 *(.debug_srcinfo)

.debug_sfnames
 *(.debug_sfnames)

.debug_aranges  0x00000000      0x470
 *(.debug_aranges)
 .debug_aranges
                0x00000000       0x38 Button.o
 .debug_aranges
                0x00000038       0x48 cplusplus.o
 .debug_aranges
                0x00000080       0x68 EEPROM.o
 .debug_aranges
                0x000000e8       0x48 LCD.o
 .debug_aranges
                0x00000130       0x20 LineTrack.o
 .debug_aranges
                0x00000150       0x30 R20.o
 .debug_aranges
                0x00000180       0x38 Robocar.o
 .debug_aranges
                0x000001b8       0x90 robocar_ll.o
 .debug_aranges
                0x00000248       0x90 Servo.o
 .debug_aranges
                0x000002d8       0x40 Timer3.o
 .debug_aranges
                0x00000318       0x98 Wheel.o
 .debug_aranges
                0x000003b0       0x60 ..\liblamos.a(List.o)
 .debug_aranges
                0x00000410       0x60 ..\liblamos.a(Task.o)

.debug_pubnames
 *(.debug_pubnames)

.debug_info     0x00000000     0x6355
 *(.debug_info .gnu.linkonce.wi.*)
 .debug_info    0x00000000      0x7bc Button.o
 .debug_info    0x000007bc      0x1a6 cplusplus.o
 .debug_info    0x00000962      0x646 EEPROM.o
 .debug_info    0x00000fa8      0xdf0 LCD.o
 .debug_info    0x00001d98      0x131 LineTrack.o
 .debug_info    0x00001ec9      0x5f1 R20.o
 .debug_info    0x000024ba      0x61e Robocar.o
 .debug_info    0x00002ad8      0x551 robocar_ll.o
 .debug_info    0x00003029      0xd56 Servo.o
 .debug_info    0x00003d7f      0x6d4 Timer3.o
 .debug_info    0x00004453     0x13b5 Wheel.o
 .debug_info    0x00005808      0x498 ..\liblamos.a(List.o)
 .debug_info    0x00005ca0      0x6b5 ..\liblamos.a(Task.o)

.debug_abbrev   0x00000000     0x2742
 *(.debug_abbrev)
 .debug_abbrev  0x00000000      0x38f Button.o
 .debug_abbrev  0x0000038f      0x13f cplusplus.o
 .debug_abbrev  0x000004ce      0x359 EEPROM.o
 .debug_abbrev  0x00000827      0x496 LCD.o
 .debug_abbrev  0x00000cbd       0xc3 LineTrack.o
 .debug_abbrev  0x00000d80      0x330 R20.o
 .debug_abbrev  0x000010b0      0x2f9 Robocar.o
 .debug_abbrev  0x000013a9      0x1dc robocar_ll.o
 .debug_abbrev  0x00001585      0x444 Servo.o
 .debug_abbrev  0x000019c9      0x336 Timer3.o
 .debug_abbrev  0x00001cff      0x54e Wheel.o
 .debug_abbrev  0x0000224d      0x1ef ..\liblamos.a(List.o)
 .debug_abbrev  0x0000243c      0x306 ..\liblamos.a(Task.o)

.debug_line     0x00000000     0x1c9a
 *(.debug_line .debug_line.* .debug_line_end)
 .debug_line    0x00000000      0x180 Button.o
 .debug_line    0x00000180      0x180 cplusplus.o
 .debug_line    0x00000300      0x20d EEPROM.o
 .debug_line    0x0000050d      0x335 LCD.o
 .debug_line    0x00000842       0xeb LineTrack.o
 .debug_line    0x0000092d      0x194 R20.o
 .debug_line    0x00000ac1      0x131 Robocar.o
 .debug_line    0x00000bf2      0x317 robocar_ll.o
 .debug_line    0x00000f09      0x412 Servo.o
 .debug_line    0x0000131b      0x13e Timer3.o
 .debug_line    0x00001459      0x507 Wheel.o
 .debug_line    0x00001960      0x1b5 ..\liblamos.a(List.o)
 .debug_line    0x00001b15      0x185 ..\liblamos.a(Task.o)

.debug_frame    0x00000000      0xac4
 *(.debug_frame)
 .debug_frame   0x00000000       0x6c Button.o
 .debug_frame   0x0000006c       0x74 cplusplus.o
 .debug_frame   0x000000e0       0xfc EEPROM.o
 .debug_frame   0x000001dc       0xbc LCD.o
 .debug_frame   0x00000298       0x24 LineTrack.o
 .debug_frame   0x000002bc       0x98 R20.o
 .debug_frame   0x00000354       0x6c Robocar.o
 .debug_frame   0x000003c0      0x134 robocar_ll.o
 .debug_frame   0x000004f4      0x1a8 Servo.o
 .debug_frame   0x0000069c       0xd0 Timer3.o
 .debug_frame   0x0000076c      0x1c4 Wheel.o
 .debug_frame   0x00000930       0xbc ..\liblamos.a(List.o)
 .debug_frame   0x000009ec       0xd8 ..\liblamos.a(Task.o)

.debug_str      0x00000000     0x1198
 *(.debug_str)
 .debug_str     0x00000000      0x45c Button.o
                                0x4ea (size before relaxing)
 .debug_str     0x0000045c       0xaa cplusplus.o
                                0x1ef (size before relaxing)
 .debug_str     0x00000506      0x165 EEPROM.o
                                0x395 (size before relaxing)
 .debug_str     0x0000066b      0x194 LCD.o
                                0x462 (size before relaxing)
 .debug_str     0x000007ff       0x38 LineTrack.o
                                0x1f6 (size before relaxing)
 .debug_str     0x00000837       0x91 R20.o
                                0x32e (size before relaxing)
 .debug_str     0x000008c8      0x113 Robocar.o
                                0x42a (size before relaxing)
 .debug_str     0x000009db      0x11c robocar_ll.o
                                0x374 (size before relaxing)
 .debug_str     0x00000af7      0x133 Servo.o
                                0x497 (size before relaxing)
 .debug_str     0x00000c2a      0x136 Timer3.o
                                0x3f9 (size before relaxing)
 .debug_str     0x00000d60      0x254 Wheel.o
                                0x763 (size before relaxing)
 .debug_str     0x00000fb4      0x142 ..\liblamos.a(List.o)
                                0x22a (size before relaxing)
 .debug_str     0x000010f6       0xa2 ..\liblamos.a(Task.o)
                                0x3ae (size before relaxing)

.debug_loc      0x00000000     0x2412
 *(.debug_loc)
 .debug_loc     0x00000000      0x17b Button.o
 .debug_loc     0x0000017b       0x74 cplusplus.o
 .debug_loc     0x000001ef      0x165 EEPROM.o
 .debug_loc     0x00000354      0x442 LCD.o
 .debug_loc     0x00000796       0xd0 LineTrack.o
 .debug_loc     0x00000866      0x2a8 R20.o
 .debug_loc     0x00000b0e       0x94 Robocar.o
 .debug_loc     0x00000ba2      0x30f robocar_ll.o
 .debug_loc     0x00000eb1      0x32e Servo.o
 .debug_loc     0x000011df      0x245 Timer3.o
 .debug_loc     0x00001424      0x98a Wheel.o
 .debug_loc     0x00001dae      0x2e0 ..\liblamos.a(List.o)
 .debug_loc     0x0000208e      0x384 ..\liblamos.a(Task.o)

.debug_macinfo
 *(.debug_macinfo)

.debug_weaknames
 *(.debug_weaknames)

.debug_funcnames
 *(.debug_funcnames)

.debug_typenames
 *(.debug_typenames)

.debug_varnames
 *(.debug_varnames)

.debug_pubtypes
 *(.debug_pubtypes)

.debug_ranges   0x00000000      0x3d0
 *(.debug_ranges)
 .debug_ranges  0x00000000       0x28 Button.o
 .debug_ranges  0x00000028       0x38 cplusplus.o
 .debug_ranges  0x00000060       0x58 EEPROM.o
 .debug_ranges  0x000000b8       0x50 LCD.o
 .debug_ranges  0x00000108       0x10 LineTrack.o
 .debug_ranges  0x00000118       0x20 R20.o
 .debug_ranges  0x00000138       0x28 Robocar.o
 .debug_ranges  0x00000160       0x80 robocar_ll.o
 .debug_ranges  0x000001e0       0x80 Servo.o
 .debug_ranges  0x00000260       0x30 Timer3.o
 .debug_ranges  0x00000290       0xa0 Wheel.o
 .debug_ranges  0x00000330       0x50 ..\liblamos.a(List.o)
 .debug_ranges  0x00000380       0x50 ..\liblamos.a(Task.o)

.debug_macro
 *(.debug_macro)
OUTPUT(Robocar_6_2(2).elf elf32-avr)
LOAD linker stubs
