Archive member included to satisfy reference by file (symbol)

..\liblamos.a(List.o)         ADC.o (_ZN7ElementC2Ev)
..\liblamos.a(Task.o)         ADC.o (_Z9isrAppendR4Task)
c:/program files (x86)/atmel/studio/7.0/toolchain/avr8/avr8-gnu-toolchain/bin/../lib/gcc/avr/4.9.2/avr51\libgcc.a(_divmodhi4.o)
                              Wheel.o (__divmodhi4)
c:/program files (x86)/atmel/studio/7.0/toolchain/avr8/avr8-gnu-toolchain/bin/../lib/gcc/avr/4.9.2/avr51\libgcc.a(_exit.o)
                              C:/Program Files (x86)/Atmel/Studio/7.0/Packs/atmel/ATmega_DFP/1.0.90/gcc/dev/atmega1284p/avr51/crtatmega1284p.o (exit)
c:/program files (x86)/atmel/studio/7.0/toolchain/avr8/avr8-gnu-toolchain/bin/../lib/gcc/avr/4.9.2/avr51\libgcc.a(_copy_data.o)
                              ADC.o (__do_copy_data)
c:/program files (x86)/atmel/studio/7.0/toolchain/avr8/avr8-gnu-toolchain/bin/../lib/gcc/avr/4.9.2/avr51\libgcc.a(_clear_bss.o)
                              ADC.o (__do_clear_bss)
c:/program files (x86)/atmel/studio/7.0/toolchain/avr8/avr8-gnu-toolchain/bin/../lib/gcc/avr/4.9.2/avr51\libgcc.a(_ctors.o)
                              ADC.o (__do_global_ctors)
c:/program files (x86)/atmel/studio/7.0/toolchain/avr8/avr8-gnu-toolchain/bin/../lib/gcc/avr/4.9.2/avr51\libgcc.a(_umulhisi3.o)
                              Wheel.o (__umulhisi3)
c:/program files (x86)/atmel/studio/7.0/toolchain/avr8/avr8-gnu-toolchain/bin/../lib/gcc/avr/4.9.2/avr51\libgcc.a(_udivmodhi4.o)
                              c:/program files (x86)/atmel/studio/7.0/toolchain/avr8/avr8-gnu-toolchain/bin/../lib/gcc/avr/4.9.2/avr51\libgcc.a(_divmodhi4.o) (__udivmodhi4)
c:/program files (x86)/atmel/studio/7.0/toolchain/avr8/avr8-gnu-toolchain/bin/../lib/gcc/avr/4.9.2/avr51\libgcc.a(_tablejump2.o)
                              c:/program files (x86)/atmel/studio/7.0/toolchain/avr8/avr8-gnu-toolchain/bin/../lib/gcc/avr/4.9.2/avr51\libgcc.a(_ctors.o) (__tablejump2__)
c:/program files (x86)/atmel/studio/7.0/toolchain/avr8/avr8-gnu-toolchain/bin/../lib/gcc/avr/4.9.2/../../../../avr/lib/avr51\libc.a(malloc.o)
                              cplusplus.o (malloc)
c:/program files (x86)/atmel/studio/7.0/toolchain/avr8/avr8-gnu-toolchain/bin/../lib/gcc/avr/4.9.2/../../../../avr/lib/avr51\libc.a(itoa_ncheck.o)
                              ADC.o (__itoa_ncheck)
c:/program files (x86)/atmel/studio/7.0/toolchain/avr8/avr8-gnu-toolchain/bin/../lib/gcc/avr/4.9.2/../../../../avr/lib/avr51\libc.a(utoa_ncheck.o)
                              c:/program files (x86)/atmel/studio/7.0/toolchain/avr8/avr8-gnu-toolchain/bin/../lib/gcc/avr/4.9.2/../../../../avr/lib/avr51\libc.a(itoa_ncheck.o) (__utoa_common)
c:/program files (x86)/atmel/studio/7.0/toolchain/avr8/avr8-gnu-toolchain/bin/../lib/gcc/avr/4.9.2/../../../../avr/lib/avr51\libc.a(strrev.o)
                              c:/program files (x86)/atmel/studio/7.0/toolchain/avr8/avr8-gnu-toolchain/bin/../lib/gcc/avr/4.9.2/../../../../avr/lib/avr51\libc.a(utoa_ncheck.o) (strrev)

Allocating common symbols
Common symbol       size              file

__brkval            0x2               c:/program files (x86)/atmel/studio/7.0/toolchain/avr8/avr8-gnu-toolchain/bin/../lib/gcc/avr/4.9.2/../../../../avr/lib/avr51\libc.a(malloc.o)
__flp               0x2               c:/program files (x86)/atmel/studio/7.0/toolchain/avr8/avr8-gnu-toolchain/bin/../lib/gcc/avr/4.9.2/../../../../avr/lib/avr51\libc.a(malloc.o)

Discarded input sections

 .data          0x00000000        0x0 C:/Program Files (x86)/Atmel/Studio/7.0/Packs/atmel/ATmega_DFP/1.0.90/gcc/dev/atmega1284p/avr51/crtatmega1284p.o
 .bss           0x00000000        0x0 C:/Program Files (x86)/Atmel/Studio/7.0/Packs/atmel/ATmega_DFP/1.0.90/gcc/dev/atmega1284p/avr51/crtatmega1284p.o
 .group         0x00000000        0x8 ADC.o
 .text          0x00000000        0x0 ADC.o
 .data          0x00000000        0x0 ADC.o
 .bss           0x00000000        0x0 ADC.o
 .text._ZN3Adc11setChannelsEc
                0x00000000        0xc ADC.o
 .text._ZN3Adc5startEv
                0x00000000       0x16 ADC.o
 .text._ZN3Adc10getChannelEc
                0x00000000       0x12 ADC.o
 .group         0x00000000        0x8 Button.o
 .group         0x00000000        0x8 Button.o
 .text          0x00000000        0x0 Button.o
 .data          0x00000000        0x0 Button.o
 .bss           0x00000000        0x0 Button.o
 .text          0x00000000        0x0 cplusplus.o
 .data          0x00000000        0x0 cplusplus.o
 .bss           0x00000000        0x0 cplusplus.o
 .text.__cxa_guard_acquire
                0x00000000       0x12 cplusplus.o
 .text.__cxa_guard_release
                0x00000000        0x8 cplusplus.o
 .text.__cxa_guard_abort
                0x00000000        0x2 cplusplus.o
 .text._ZdlPv   0x00000000        0x6 cplusplus.o
 .text          0x00000000        0x0 EEPROM.o
 .data          0x00000000        0x0 EEPROM.o
 .bss           0x00000000        0x0 EEPROM.o
 .text._ZN6EEPROM4getPEv
                0x00000000        0xa EEPROM.o
 .text._ZN6EEPROM4getIEv
                0x00000000        0xa EEPROM.o
 .text._ZN6EEPROM4getDEv
                0x00000000        0xa EEPROM.o
 .text._ZN6EEPROM7savePIDEiii
                0x00000000       0x16 EEPROM.o
 .group         0x00000000        0x8 LCD.o
 .text          0x00000000        0x0 LCD.o
 .data          0x00000000        0x0 LCD.o
 .bss           0x00000000        0x0 LCD.o
 .text._ZN3LCD5printEhPKc
                0x00000000       0x68 LCD.o
 .rodata._ZTV5Timer
                0x00000000        0x6 LCD.o
 .text          0x00000000        0x0 LineTrack.o
 .data          0x00000000        0x0 LineTrack.o
 .bss           0x00000000        0x0 LineTrack.o
 .group         0x00000000        0x8 Robocar.o
 .group         0x00000000        0x8 Robocar.o
 .text          0x00000000        0x0 Robocar.o
 .data          0x00000000        0x0 Robocar.o
 .bss           0x00000000        0x0 Robocar.o
 .text._Z4testv
                0x00000000       0x3e Robocar.o
 .text          0x00000000        0x0 robocar_ll.o
 .data          0x00000000        0x0 robocar_ll.o
 .bss           0x00000000        0x0 robocar_ll.o
 .text._ZN2LL5powerEc
                0x00000000        0xc robocar_ll.o
 .text._ZN2LL3LEDEc
                0x00000000        0xc robocar_ll.o
 .text          0x00000000        0x0 Servo.o
 .data          0x00000000        0x0 Servo.o
 .bss           0x00000000        0x0 Servo.o
 .text._ZN5Servo7setnameEi
                0x00000000        0xa Servo.o
 .text._ZN5Servo3setENS_13servo_commandEi
                0x00000000       0x10 Servo.o
 .text._ZN5Servo3setEi
                0x00000000       0x16 Servo.o
 .text._ZN5Servo8getwidthEi
                0x00000000       0x10 Servo.o
 .text._ZN5Servo9slowcloseEv
                0x00000000       0xea Servo.o
 .text._ZN5Servo10slowclose1Ev
                0x00000000      0x102 Servo.o
 .text._ZN5Servo6secondEv
                0x00000000       0x36 Servo.o
 .text._ZN5Servo2GGEv
                0x00000000       0x36 Servo.o
 .group         0x00000000        0x8 Timer3.o
 .group         0x00000000        0x8 Timer3.o
 .text          0x00000000        0x0 Timer3.o
 .data          0x00000000        0x0 Timer3.o
 .bss           0x00000000        0x0 Timer3.o
 .text          0x00000000        0x0 Wheel.o
 .data          0x00000000        0x0 Wheel.o
 .bss           0x00000000        0x0 Wheel.o
 .text._ZN5Wheel3setEi
                0x00000000        0xa Wheel.o
 .text._ZN5Wheel10getL_speedEv
                0x00000000        0x6 Wheel.o
 .text._ZN5Wheel10getR_speedEv
                0x00000000        0x6 Wheel.o
 .text._ZN5Wheel8usrCountEj
                0x00000000       0x14 Wheel.o
 .text._ZN5Wheel6setPIDEiii
                0x00000000       0x12 Wheel.o
 .text          0x00000000        0x0 ..\liblamos.a(List.o)
 .data          0x00000000        0x0 ..\liblamos.a(List.o)
 .bss           0x00000000        0x0 ..\liblamos.a(List.o)
 .text._ZN7Element4idleEv
                0x00000000       0x12 ..\liblamos.a(List.o)
 .text._ZN4List5emptyEv
                0x00000000       0x12 ..\liblamos.a(List.o)
 .text          0x00000000        0x0 ..\liblamos.a(Task.o)
 .data          0x00000000        0x0 ..\liblamos.a(Task.o)
 .bss           0x00000000        0x0 ..\liblamos.a(Task.o)
 .text._ZN5Queue4pushER4Task
                0x00000000        0xa ..\liblamos.a(Task.o)
 .text          0x00000000        0x0 c:/program files (x86)/atmel/studio/7.0/toolchain/avr8/avr8-gnu-toolchain/bin/../lib/gcc/avr/4.9.2/avr51\libgcc.a(_divmodhi4.o)
 .data          0x00000000        0x0 c:/program files (x86)/atmel/studio/7.0/toolchain/avr8/avr8-gnu-toolchain/bin/../lib/gcc/avr/4.9.2/avr51\libgcc.a(_divmodhi4.o)
 .bss           0x00000000        0x0 c:/program files (x86)/atmel/studio/7.0/toolchain/avr8/avr8-gnu-toolchain/bin/../lib/gcc/avr/4.9.2/avr51\libgcc.a(_divmodhi4.o)
 .text.libgcc.mul
                0x00000000        0x0 c:/program files (x86)/atmel/studio/7.0/toolchain/avr8/avr8-gnu-toolchain/bin/../lib/gcc/avr/4.9.2/avr51\libgcc.a(_divmodhi4.o)
 .text.libgcc   0x00000000        0x0 c:/program files (x86)/atmel/studio/7.0/toolchain/avr8/avr8-gnu-toolchain/bin/../lib/gcc/avr/4.9.2/avr51\libgcc.a(_divmodhi4.o)
 .text.libgcc.prologue
                0x00000000        0x0 c:/program files (x86)/atmel/studio/7.0/toolchain/avr8/avr8-gnu-toolchain/bin/../lib/gcc/avr/4.9.2/avr51\libgcc.a(_divmodhi4.o)
 .text.libgcc.builtins
                0x00000000        0x0 c:/program files (x86)/atmel/studio/7.0/toolchain/avr8/avr8-gnu-toolchain/bin/../lib/gcc/avr/4.9.2/avr51\libgcc.a(_divmodhi4.o)
 .text.libgcc.fmul
                0x00000000        0x0 c:/program files (x86)/atmel/studio/7.0/toolchain/avr8/avr8-gnu-toolchain/bin/../lib/gcc/avr/4.9.2/avr51\libgcc.a(_divmodhi4.o)
 .text.libgcc.fixed
                0x00000000        0x0 c:/program files (x86)/atmel/studio/7.0/toolchain/avr8/avr8-gnu-toolchain/bin/../lib/gcc/avr/4.9.2/avr51\libgcc.a(_divmodhi4.o)
 .text          0x00000000        0x0 c:/program files (x86)/atmel/studio/7.0/toolchain/avr8/avr8-gnu-toolchain/bin/../lib/gcc/avr/4.9.2/avr51\libgcc.a(_exit.o)
 .data          0x00000000        0x0 c:/program files (x86)/atmel/studio/7.0/toolchain/avr8/avr8-gnu-toolchain/bin/../lib/gcc/avr/4.9.2/avr51\libgcc.a(_exit.o)
 .bss           0x00000000        0x0 c:/program files (x86)/atmel/studio/7.0/toolchain/avr8/avr8-gnu-toolchain/bin/../lib/gcc/avr/4.9.2/avr51\libgcc.a(_exit.o)
 .text.libgcc.mul
                0x00000000        0x0 c:/program files (x86)/atmel/studio/7.0/toolchain/avr8/avr8-gnu-toolchain/bin/../lib/gcc/avr/4.9.2/avr51\libgcc.a(_exit.o)
 .text.libgcc.div
                0x00000000        0x0 c:/program files (x86)/atmel/studio/7.0/toolchain/avr8/avr8-gnu-toolchain/bin/../lib/gcc/avr/4.9.2/avr51\libgcc.a(_exit.o)
 .text.libgcc   0x00000000        0x0 c:/program files (x86)/atmel/studio/7.0/toolchain/avr8/avr8-gnu-toolchain/bin/../lib/gcc/avr/4.9.2/avr51\libgcc.a(_exit.o)
 .text.libgcc.prologue
                0x00000000        0x0 c:/program files (x86)/atmel/studio/7.0/toolchain/avr8/avr8-gnu-toolchain/bin/../lib/gcc/avr/4.9.2/avr51\libgcc.a(_exit.o)
 .text.libgcc.builtins
                0x00000000        0x0 c:/program files (x86)/atmel/studio/7.0/toolchain/avr8/avr8-gnu-toolchain/bin/../lib/gcc/avr/4.9.2/avr51\libgcc.a(_exit.o)
 .text.libgcc.fmul
                0x00000000        0x0 c:/program files (x86)/atmel/studio/7.0/toolchain/avr8/avr8-gnu-toolchain/bin/../lib/gcc/avr/4.9.2/avr51\libgcc.a(_exit.o)
 .text.libgcc.fixed
                0x00000000        0x0 c:/program files (x86)/atmel/studio/7.0/toolchain/avr8/avr8-gnu-toolchain/bin/../lib/gcc/avr/4.9.2/avr51\libgcc.a(_exit.o)
 .text          0x00000000        0x0 c:/program files (x86)/atmel/studio/7.0/toolchain/avr8/avr8-gnu-toolchain/bin/../lib/gcc/avr/4.9.2/avr51\libgcc.a(_copy_data.o)
 .data          0x00000000        0x0 c:/program files (x86)/atmel/studio/7.0/toolchain/avr8/avr8-gnu-toolchain/bin/../lib/gcc/avr/4.9.2/avr51\libgcc.a(_copy_data.o)
 .bss           0x00000000        0x0 c:/program files (x86)/atmel/studio/7.0/toolchain/avr8/avr8-gnu-toolchain/bin/../lib/gcc/avr/4.9.2/avr51\libgcc.a(_copy_data.o)
 .text.libgcc.mul
                0x00000000        0x0 c:/program files (x86)/atmel/studio/7.0/toolchain/avr8/avr8-gnu-toolchain/bin/../lib/gcc/avr/4.9.2/avr51\libgcc.a(_copy_data.o)
 .text.libgcc.div
                0x00000000        0x0 c:/program files (x86)/atmel/studio/7.0/toolchain/avr8/avr8-gnu-toolchain/bin/../lib/gcc/avr/4.9.2/avr51\libgcc.a(_copy_data.o)
 .text.libgcc   0x00000000        0x0 c:/program files (x86)/atmel/studio/7.0/toolchain/avr8/avr8-gnu-toolchain/bin/../lib/gcc/avr/4.9.2/avr51\libgcc.a(_copy_data.o)
 .text.libgcc.prologue
                0x00000000        0x0 c:/program files (x86)/atmel/studio/7.0/toolchain/avr8/avr8-gnu-toolchain/bin/../lib/gcc/avr/4.9.2/avr51\libgcc.a(_copy_data.o)
 .text.libgcc.builtins
                0x00000000        0x0 c:/program files (x86)/atmel/studio/7.0/toolchain/avr8/avr8-gnu-toolchain/bin/../lib/gcc/avr/4.9.2/avr51\libgcc.a(_copy_data.o)
 .text.libgcc.fmul
                0x00000000        0x0 c:/program files (x86)/atmel/studio/7.0/toolchain/avr8/avr8-gnu-toolchain/bin/../lib/gcc/avr/4.9.2/avr51\libgcc.a(_copy_data.o)
 .text.libgcc.fixed
                0x00000000        0x0 c:/program files (x86)/atmel/studio/7.0/toolchain/avr8/avr8-gnu-toolchain/bin/../lib/gcc/avr/4.9.2/avr51\libgcc.a(_copy_data.o)
 .text          0x00000000        0x0 c:/program files (x86)/atmel/studio/7.0/toolchain/avr8/avr8-gnu-toolchain/bin/../lib/gcc/avr/4.9.2/avr51\libgcc.a(_clear_bss.o)
 .data          0x00000000        0x0 c:/program files (x86)/atmel/studio/7.0/toolchain/avr8/avr8-gnu-toolchain/bin/../lib/gcc/avr/4.9.2/avr51\libgcc.a(_clear_bss.o)
 .bss           0x00000000        0x0 c:/program files (x86)/atmel/studio/7.0/toolchain/avr8/avr8-gnu-toolchain/bin/../lib/gcc/avr/4.9.2/avr51\libgcc.a(_clear_bss.o)
 .text.libgcc.mul
                0x00000000        0x0 c:/program files (x86)/atmel/studio/7.0/toolchain/avr8/avr8-gnu-toolchain/bin/../lib/gcc/avr/4.9.2/avr51\libgcc.a(_clear_bss.o)
 .text.libgcc.div
                0x00000000        0x0 c:/program files (x86)/atmel/studio/7.0/toolchain/avr8/avr8-gnu-toolchain/bin/../lib/gcc/avr/4.9.2/avr51\libgcc.a(_clear_bss.o)
 .text.libgcc   0x00000000        0x0 c:/program files (x86)/atmel/studio/7.0/toolchain/avr8/avr8-gnu-toolchain/bin/../lib/gcc/avr/4.9.2/avr51\libgcc.a(_clear_bss.o)
 .text.libgcc.prologue
                0x00000000        0x0 c:/program files (x86)/atmel/studio/7.0/toolchain/avr8/avr8-gnu-toolchain/bin/../lib/gcc/avr/4.9.2/avr51\libgcc.a(_clear_bss.o)
 .text.libgcc.builtins
                0x00000000        0x0 c:/program files (x86)/atmel/studio/7.0/toolchain/avr8/avr8-gnu-toolchain/bin/../lib/gcc/avr/4.9.2/avr51\libgcc.a(_clear_bss.o)
 .text.libgcc.fmul
                0x00000000        0x0 c:/program files (x86)/atmel/studio/7.0/toolchain/avr8/avr8-gnu-toolchain/bin/../lib/gcc/avr/4.9.2/avr51\libgcc.a(_clear_bss.o)
 .text.libgcc.fixed
                0x00000000        0x0 c:/program files (x86)/atmel/studio/7.0/toolchain/avr8/avr8-gnu-toolchain/bin/../lib/gcc/avr/4.9.2/avr51\libgcc.a(_clear_bss.o)
 .text          0x00000000        0x0 c:/program files (x86)/atmel/studio/7.0/toolchain/avr8/avr8-gnu-toolchain/bin/../lib/gcc/avr/4.9.2/avr51\libgcc.a(_ctors.o)
 .data          0x00000000        0x0 c:/program files (x86)/atmel/studio/7.0/toolchain/avr8/avr8-gnu-toolchain/bin/../lib/gcc/avr/4.9.2/avr51\libgcc.a(_ctors.o)
 .bss           0x00000000        0x0 c:/program files (x86)/atmel/studio/7.0/toolchain/avr8/avr8-gnu-toolchain/bin/../lib/gcc/avr/4.9.2/avr51\libgcc.a(_ctors.o)
 .text.libgcc.mul
                0x00000000        0x0 c:/program files (x86)/atmel/studio/7.0/toolchain/avr8/avr8-gnu-toolchain/bin/../lib/gcc/avr/4.9.2/avr51\libgcc.a(_ctors.o)
 .text.libgcc.div
                0x00000000        0x0 c:/program files (x86)/atmel/studio/7.0/toolchain/avr8/avr8-gnu-toolchain/bin/../lib/gcc/avr/4.9.2/avr51\libgcc.a(_ctors.o)
 .text.libgcc   0x00000000        0x0 c:/program files (x86)/atmel/studio/7.0/toolchain/avr8/avr8-gnu-toolchain/bin/../lib/gcc/avr/4.9.2/avr51\libgcc.a(_ctors.o)
 .text.libgcc.prologue
                0x00000000        0x0 c:/program files (x86)/atmel/studio/7.0/toolchain/avr8/avr8-gnu-toolchain/bin/../lib/gcc/avr/4.9.2/avr51\libgcc.a(_ctors.o)
 .text.libgcc.builtins
                0x00000000        0x0 c:/program files (x86)/atmel/studio/7.0/toolchain/avr8/avr8-gnu-toolchain/bin/../lib/gcc/avr/4.9.2/avr51\libgcc.a(_ctors.o)
 .text.libgcc.fmul
                0x00000000        0x0 c:/program files (x86)/atmel/studio/7.0/toolchain/avr8/avr8-gnu-toolchain/bin/../lib/gcc/avr/4.9.2/avr51\libgcc.a(_ctors.o)
 .text.libgcc.fixed
                0x00000000        0x0 c:/program files (x86)/atmel/studio/7.0/toolchain/avr8/avr8-gnu-toolchain/bin/../lib/gcc/avr/4.9.2/avr51\libgcc.a(_ctors.o)
 .text          0x00000000        0x0 c:/program files (x86)/atmel/studio/7.0/toolchain/avr8/avr8-gnu-toolchain/bin/../lib/gcc/avr/4.9.2/avr51\libgcc.a(_umulhisi3.o)
 .data          0x00000000        0x0 c:/program files (x86)/atmel/studio/7.0/toolchain/avr8/avr8-gnu-toolchain/bin/../lib/gcc/avr/4.9.2/avr51\libgcc.a(_umulhisi3.o)
 .bss           0x00000000        0x0 c:/program files (x86)/atmel/studio/7.0/toolchain/avr8/avr8-gnu-toolchain/bin/../lib/gcc/avr/4.9.2/avr51\libgcc.a(_umulhisi3.o)
 .text.libgcc.div
                0x00000000        0x0 c:/program files (x86)/atmel/studio/7.0/toolchain/avr8/avr8-gnu-toolchain/bin/../lib/gcc/avr/4.9.2/avr51\libgcc.a(_umulhisi3.o)
 .text.libgcc   0x00000000        0x0 c:/program files (x86)/atmel/studio/7.0/toolchain/avr8/avr8-gnu-toolchain/bin/../lib/gcc/avr/4.9.2/avr51\libgcc.a(_umulhisi3.o)
 .text.libgcc.prologue
                0x00000000        0x0 c:/program files (x86)/atmel/studio/7.0/toolchain/avr8/avr8-gnu-toolchain/bin/../lib/gcc/avr/4.9.2/avr51\libgcc.a(_umulhisi3.o)
 .text.libgcc.builtins
                0x00000000        0x0 c:/program files (x86)/atmel/studio/7.0/toolchain/avr8/avr8-gnu-toolchain/bin/../lib/gcc/avr/4.9.2/avr51\libgcc.a(_umulhisi3.o)
 .text.libgcc.fmul
                0x00000000        0x0 c:/program files (x86)/atmel/studio/7.0/toolchain/avr8/avr8-gnu-toolchain/bin/../lib/gcc/avr/4.9.2/avr51\libgcc.a(_umulhisi3.o)
 .text.libgcc.fixed
                0x00000000        0x0 c:/program files (x86)/atmel/studio/7.0/toolchain/avr8/avr8-gnu-toolchain/bin/../lib/gcc/avr/4.9.2/avr51\libgcc.a(_umulhisi3.o)
 .text          0x00000000        0x0 c:/program files (x86)/atmel/studio/7.0/toolchain/avr8/avr8-gnu-toolchain/bin/../lib/gcc/avr/4.9.2/avr51\libgcc.a(_udivmodhi4.o)
 .data          0x00000000        0x0 c:/program files (x86)/atmel/studio/7.0/toolchain/avr8/avr8-gnu-toolchain/bin/../lib/gcc/avr/4.9.2/avr51\libgcc.a(_udivmodhi4.o)
 .bss           0x00000000        0x0 c:/program files (x86)/atmel/studio/7.0/toolchain/avr8/avr8-gnu-toolchain/bin/../lib/gcc/avr/4.9.2/avr51\libgcc.a(_udivmodhi4.o)
 .text.libgcc.mul
                0x00000000        0x0 c:/program files (x86)/atmel/studio/7.0/toolchain/avr8/avr8-gnu-toolchain/bin/../lib/gcc/avr/4.9.2/avr51\libgcc.a(_udivmodhi4.o)
 .text.libgcc   0x00000000        0x0 c:/program files (x86)/atmel/studio/7.0/toolchain/avr8/avr8-gnu-toolchain/bin/../lib/gcc/avr/4.9.2/avr51\libgcc.a(_udivmodhi4.o)
 .text.libgcc.prologue
                0x00000000        0x0 c:/program files (x86)/atmel/studio/7.0/toolchain/avr8/avr8-gnu-toolchain/bin/../lib/gcc/avr/4.9.2/avr51\libgcc.a(_udivmodhi4.o)
 .text.libgcc.builtins
                0x00000000        0x0 c:/program files (x86)/atmel/studio/7.0/toolchain/avr8/avr8-gnu-toolchain/bin/../lib/gcc/avr/4.9.2/avr51\libgcc.a(_udivmodhi4.o)
 .text.libgcc.fmul
                0x00000000        0x0 c:/program files (x86)/atmel/studio/7.0/toolchain/avr8/avr8-gnu-toolchain/bin/../lib/gcc/avr/4.9.2/avr51\libgcc.a(_udivmodhi4.o)
 .text.libgcc.fixed
                0x00000000        0x0 c:/program files (x86)/atmel/studio/7.0/toolchain/avr8/avr8-gnu-toolchain/bin/../lib/gcc/avr/4.9.2/avr51\libgcc.a(_udivmodhi4.o)
 .text          0x00000000        0x0 c:/program files (x86)/atmel/studio/7.0/toolchain/avr8/avr8-gnu-toolchain/bin/../lib/gcc/avr/4.9.2/avr51\libgcc.a(_tablejump2.o)
 .data          0x00000000        0x0 c:/program files (x86)/atmel/studio/7.0/toolchain/avr8/avr8-gnu-toolchain/bin/../lib/gcc/avr/4.9.2/avr51\libgcc.a(_tablejump2.o)
 .bss           0x00000000        0x0 c:/program files (x86)/atmel/studio/7.0/toolchain/avr8/avr8-gnu-toolchain/bin/../lib/gcc/avr/4.9.2/avr51\libgcc.a(_tablejump2.o)
 .text.libgcc.mul
                0x00000000        0x0 c:/program files (x86)/atmel/studio/7.0/toolchain/avr8/avr8-gnu-toolchain/bin/../lib/gcc/avr/4.9.2/avr51\libgcc.a(_tablejump2.o)
 .text.libgcc.div
                0x00000000        0x0 c:/program files (x86)/atmel/studio/7.0/toolchain/avr8/avr8-gnu-toolchain/bin/../lib/gcc/avr/4.9.2/avr51\libgcc.a(_tablejump2.o)
 .text.libgcc.prologue
                0x00000000        0x0 c:/program files (x86)/atmel/studio/7.0/toolchain/avr8/avr8-gnu-toolchain/bin/../lib/gcc/avr/4.9.2/avr51\libgcc.a(_tablejump2.o)
 .text.libgcc.builtins
                0x00000000        0x0 c:/program files (x86)/atmel/studio/7.0/toolchain/avr8/avr8-gnu-toolchain/bin/../lib/gcc/avr/4.9.2/avr51\libgcc.a(_tablejump2.o)
 .text.libgcc.fmul
                0x00000000        0x0 c:/program files (x86)/atmel/studio/7.0/toolchain/avr8/avr8-gnu-toolchain/bin/../lib/gcc/avr/4.9.2/avr51\libgcc.a(_tablejump2.o)
 .text.libgcc.fixed
                0x00000000        0x0 c:/program files (x86)/atmel/studio/7.0/toolchain/avr8/avr8-gnu-toolchain/bin/../lib/gcc/avr/4.9.2/avr51\libgcc.a(_tablejump2.o)
 .text          0x00000000        0x0 c:/program files (x86)/atmel/studio/7.0/toolchain/avr8/avr8-gnu-toolchain/bin/../lib/gcc/avr/4.9.2/../../../../avr/lib/avr51\libc.a(malloc.o)
 .bss           0x00000000        0x0 c:/program files (x86)/atmel/studio/7.0/toolchain/avr8/avr8-gnu-toolchain/bin/../lib/gcc/avr/4.9.2/../../../../avr/lib/avr51\libc.a(malloc.o)
 .text          0x00000000        0x0 c:/program files (x86)/atmel/studio/7.0/toolchain/avr8/avr8-gnu-toolchain/bin/../lib/gcc/avr/4.9.2/../../../../avr/lib/avr51\libc.a(itoa_ncheck.o)
 .data          0x00000000        0x0 c:/program files (x86)/atmel/studio/7.0/toolchain/avr8/avr8-gnu-toolchain/bin/../lib/gcc/avr/4.9.2/../../../../avr/lib/avr51\libc.a(itoa_ncheck.o)
 .bss           0x00000000        0x0 c:/program files (x86)/atmel/studio/7.0/toolchain/avr8/avr8-gnu-toolchain/bin/../lib/gcc/avr/4.9.2/../../../../avr/lib/avr51\libc.a(itoa_ncheck.o)
 .text          0x00000000        0x0 c:/program files (x86)/atmel/studio/7.0/toolchain/avr8/avr8-gnu-toolchain/bin/../lib/gcc/avr/4.9.2/../../../../avr/lib/avr51\libc.a(utoa_ncheck.o)
 .data          0x00000000        0x0 c:/program files (x86)/atmel/studio/7.0/toolchain/avr8/avr8-gnu-toolchain/bin/../lib/gcc/avr/4.9.2/../../../../avr/lib/avr51\libc.a(utoa_ncheck.o)
 .bss           0x00000000        0x0 c:/program files (x86)/atmel/studio/7.0/toolchain/avr8/avr8-gnu-toolchain/bin/../lib/gcc/avr/4.9.2/../../../../avr/lib/avr51\libc.a(utoa_ncheck.o)
 .text          0x00000000        0x0 c:/program files (x86)/atmel/studio/7.0/toolchain/avr8/avr8-gnu-toolchain/bin/../lib/gcc/avr/4.9.2/../../../../avr/lib/avr51\libc.a(strrev.o)
 .data          0x00000000        0x0 c:/program files (x86)/atmel/studio/7.0/toolchain/avr8/avr8-gnu-toolchain/bin/../lib/gcc/avr/4.9.2/../../../../avr/lib/avr51\libc.a(strrev.o)
 .bss           0x00000000        0x0 c:/program files (x86)/atmel/studio/7.0/toolchain/avr8/avr8-gnu-toolchain/bin/../lib/gcc/avr/4.9.2/../../../../avr/lib/avr51\libc.a(strrev.o)

Memory Configuration

Name             Origin             Length             Attributes
text             0x00000000         0x00020000         xr
data             0x00800100         0x0000ff00         rw !x
eeprom           0x00810000         0x00010000         rw !x
fuse             0x00820000         0x00000400         rw !x
lock             0x00830000         0x00000400         rw !x
signature        0x00840000         0x00000400         rw !x
user_signatures  0x00850000         0x00000400         rw !x
*default*        0x00000000         0xffffffff

Linker script and memory map

Address of section .data set to 0x800100
LOAD C:/Program Files (x86)/Atmel/Studio/7.0/Packs/atmel/ATmega_DFP/1.0.90/gcc/dev/atmega1284p/avr51/crtatmega1284p.o
LOAD ADC.o
LOAD Button.o
LOAD cplusplus.o
LOAD EEPROM.o
LOAD LCD.o
LOAD LineTrack.o
LOAD Robocar.o
LOAD robocar_ll.o
LOAD Servo.o
LOAD Timer3.o
LOAD Wheel.o
START GROUP
LOAD ..\liblamos.a
LOAD ..\liblamos.a
END GROUP
LOAD c:/program files (x86)/atmel/studio/7.0/toolchain/avr8/avr8-gnu-toolchain/bin/../lib/gcc/avr/4.9.2/avr51\libgcc.a
LOAD c:/program files (x86)/atmel/studio/7.0/toolchain/avr8/avr8-gnu-toolchain/bin/../lib/gcc/avr/4.9.2/../../../../avr/lib/avr51\libm.a
START GROUP
LOAD c:/program files (x86)/atmel/studio/7.0/toolchain/avr8/avr8-gnu-toolchain/bin/../lib/gcc/avr/4.9.2/avr51\libgcc.a
LOAD c:/program files (x86)/atmel/studio/7.0/toolchain/avr8/avr8-gnu-toolchain/bin/../lib/gcc/avr/4.9.2/../../../../avr/lib/avr51\libm.a
LOAD c:/program files (x86)/atmel/studio/7.0/toolchain/avr8/avr8-gnu-toolchain/bin/../lib/gcc/avr/4.9.2/../../../../avr/lib/avr51\libc.a
LOAD C:/Program Files (x86)/Atmel/Studio/7.0/Packs/atmel/ATmega_DFP/1.0.90/gcc/dev/atmega1284p/avr51\libatmega1284p.a
END GROUP

.hash
 *(.hash)

.dynsym
 *(.dynsym)

.dynstr
 *(.dynstr)

.gnu.version
 *(.gnu.version)

.gnu.version_d
 *(.gnu.version_d)

.gnu.version_r
 *(.gnu.version_r)

.rel.init
 *(.rel.init)

.rela.init
 *(.rela.init)

.rel.text
 *(.rel.text)
 *(.rel.text.*)
 *(.rel.gnu.linkonce.t*)

.rela.text
 *(.rela.text)
 *(.rela.text.*)
 *(.rela.gnu.linkonce.t*)

.rel.fini
 *(.rel.fini)

.rela.fini
 *(.rela.fini)

.rel.rodata
 *(.rel.rodata)
 *(.rel.rodata.*)
 *(.rel.gnu.linkonce.r*)

.rela.rodata
 *(.rela.rodata)
 *(.rela.rodata.*)
 *(.rela.gnu.linkonce.r*)

.rel.data
 *(.rel.data)
 *(.rel.data.*)
 *(.rel.gnu.linkonce.d*)

.rela.data
 *(.rela.data)
 *(.rela.data.*)
 *(.rela.gnu.linkonce.d*)

.rel.ctors
 *(.rel.ctors)

.rela.ctors
 *(.rela.ctors)

.rel.dtors
 *(.rel.dtors)

.rela.dtors
 *(.rela.dtors)

.rel.got
 *(.rel.got)

.rela.got
 *(.rela.got)

.rel.bss
 *(.rel.bss)

.rela.bss
 *(.rela.bss)

.rel.plt
 *(.rel.plt)

.rela.plt
 *(.rela.plt)

.text           0x00000000     0x1816
 *(.vectors)
 .vectors       0x00000000       0x8c C:/Program Files (x86)/Atmel/Studio/7.0/Packs/atmel/ATmega_DFP/1.0.90/gcc/dev/atmega1284p/avr51/crtatmega1284p.o
                0x00000000                __vector_default
                0x00000000                __vectors
 *(.vectors)
 *(.progmem.gcc*)
                0x0000008c                . = ALIGN (0x2)
                0x0000008c                __trampolines_start = .
 *(.trampolines)
 .trampolines   0x0000008c        0x0 linker stubs
 *(.trampolines*)
                0x0000008c                __trampolines_end = .
 *(.progmem*)
 .progmem.data._ZZN12_GLOBAL__N_13LCD7timeoutEvE3__c
                0x0000008c        0x5 LCD.o
 .progmem.data._ZL5table
                0x00000091       0x80 LineTrack.o
                0x00000112                . = ALIGN (0x2)
 *fill*         0x00000111        0x1 
 *(.jumptables)
 *(.jumptables*)
 *(.lowtext)
 *(.lowtext*)
                0x00000112                __ctors_start = .
 *(.ctors)
 .ctors         0x00000112        0x2 ADC.o
 .ctors         0x00000114        0x2 Button.o
 .ctors         0x00000116        0x2 EEPROM.o
 .ctors         0x00000118        0x2 LCD.o
 .ctors         0x0000011a        0x2 Robocar.o
 .ctors         0x0000011c        0x2 Servo.o
 .ctors         0x0000011e        0x2 Timer3.o
 .ctors         0x00000120        0x2 Wheel.o
 .ctors         0x00000122        0x2 ..\liblamos.a(Task.o)
                0x00000124                __ctors_end = .
                0x00000124                __dtors_start = .
 *(.dtors)
                0x00000124                __dtors_end = .
 SORT(*)(.ctors)
 SORT(*)(.dtors)
 *(.init0)
 .init0         0x00000124        0x0 C:/Program Files (x86)/Atmel/Studio/7.0/Packs/atmel/ATmega_DFP/1.0.90/gcc/dev/atmega1284p/avr51/crtatmega1284p.o
                0x00000124                __init
 *(.init0)
 *(.init1)
 *(.init1)
 *(.init2)
 .init2         0x00000124        0xc C:/Program Files (x86)/Atmel/Studio/7.0/Packs/atmel/ATmega_DFP/1.0.90/gcc/dev/atmega1284p/avr51/crtatmega1284p.o
 *(.init2)
 *(.init3)
 .init3         0x00000130       0x30 robocar_ll.o
                0x00000130                _Z14__hardwareInitv
 *(.init3)
 *(.init4)
 .init4         0x00000160       0x1a c:/program files (x86)/atmel/studio/7.0/toolchain/avr8/avr8-gnu-toolchain/bin/../lib/gcc/avr/4.9.2/avr51\libgcc.a(_copy_data.o)
                0x00000160                __do_copy_data
 .init4         0x0000017a       0x10 c:/program files (x86)/atmel/studio/7.0/toolchain/avr8/avr8-gnu-toolchain/bin/../lib/gcc/avr/4.9.2/avr51\libgcc.a(_clear_bss.o)
                0x0000017a                __do_clear_bss
 *(.init4)
 *(.init5)
 *(.init5)
 *(.init6)
 .init6         0x0000018a       0x16 c:/program files (x86)/atmel/studio/7.0/toolchain/avr8/avr8-gnu-toolchain/bin/../lib/gcc/avr/4.9.2/avr51\libgcc.a(_ctors.o)
                0x0000018a                __do_global_ctors
 *(.init6)
 *(.init7)
 *(.init7)
 *(.init8)
 .init8         0x000001a0        0x2 robocar_ll.o
                0x000001a0                _Z7__powerv
 .init8         0x000001a2        0x2 ..\liblamos.a(Task.o)
                0x000001a2                _Z5__seiv
 *(.init8)
 *(.init9)
 .init9         0x000001a4        0x6 C:/Program Files (x86)/Atmel/Studio/7.0/Packs/atmel/ATmega_DFP/1.0.90/gcc/dev/atmega1284p/avr51/crtatmega1284p.o
 *(.init9)
 *(.text)
 .text          0x000001aa        0x2 C:/Program Files (x86)/Atmel/Studio/7.0/Packs/atmel/ATmega_DFP/1.0.90/gcc/dev/atmega1284p/avr51/crtatmega1284p.o
                0x000001aa                __vector_22
                0x000001aa                __vector_28
                0x000001aa                __vector_1
                0x000001aa                __vector_32
                0x000001aa                __vector_12
                0x000001aa                __bad_interrupt
                0x000001aa                __vector_6
                0x000001aa                __vector_31
                0x000001aa                __vector_3
                0x000001aa                __vector_23
                0x000001aa                __vector_30
                0x000001aa                __vector_13
                0x000001aa                __vector_17
                0x000001aa                __vector_19
                0x000001aa                __vector_7
                0x000001aa                __vector_27
                0x000001aa                __vector_5
                0x000001aa                __vector_4
                0x000001aa                __vector_9
                0x000001aa                __vector_2
                0x000001aa                __vector_21
                0x000001aa                __vector_15
                0x000001aa                __vector_29
                0x000001aa                __vector_8
                0x000001aa                __vector_26
                0x000001aa                __vector_14
                0x000001aa                __vector_10
                0x000001aa                __vector_16
                0x000001aa                __vector_18
                0x000001aa                __vector_20
                0x000001ac                . = ALIGN (0x2)
 *(.text.*)
 .text._ZN12_GLOBAL__N_14Test7timeoutEv
                0x000001ac       0x20 ADC.o
 .text._ZThn6_N12_GLOBAL__N_14Test4taskEv
                0x000001cc       0x72 ADC.o
 .text._ZN12_GLOBAL__N_14Test4taskEv
                0x0000023e       0x6e ADC.o
 .text.__vector_24
                0x000002ac       0x54 ADC.o
                0x000002ac                __vector_24
 .text._ZN3Adc8getValueEv
                0x00000300        0x6 ADC.o
                0x00000300                _ZN3Adc8getValueEv
 .text._GLOBAL__sub_I___vector_24
                0x00000306       0x42 ADC.o
 .text._ZN7Buttons7timeoutEv
                0x00000348      0x164 Button.o
                0x00000348                _ZN7Buttons7timeoutEv
 .text._ZN6Button6getBF1Ev
                0x000004ac        0x6 Button.o
                0x000004ac                _ZN6Button6getBF1Ev
 .text._ZN6Button6getBF2Ev
                0x000004b2        0x6 Button.o
                0x000004b2                _ZN6Button6getBF2Ev
 .text._GLOBAL__sub_I__ZN6Button6getBF1Ev
                0x000004b8       0x8c Button.o
 .text.__cxa_pure_virtual
                0x00000544        0x2 cplusplus.o
                0x00000544                __cxa_pure_virtual
 .text._Znwj    0x00000546        0x6 cplusplus.o
                0x00000546                _Znwj
 .text._ZN12_GLOBAL__N_16EEProm4taskEv
                0x0000054c       0x34 EEPROM.o
 .text.__vector_25
                0x00000580       0x54 EEPROM.o
                0x00000580                __vector_25
 .text._ZN6EEPROM8getServoEv
                0x000005d4        0x6 EEPROM.o
                0x000005d4                _ZN6EEPROM8getServoEv
 .text._ZN6EEPROM6retoreEv
                0x000005da       0x4c EEPROM.o
                0x000005da                _ZN6EEPROM6retoreEv
 .text._ZN6EEPROM4saveEv
                0x00000626       0x28 EEPROM.o
                0x00000626                _ZN6EEPROM4saveEv
 .text._GLOBAL__sub_I_eedata
                0x0000064e       0x58 EEPROM.o
 .text._ZN12_GLOBAL__N_13LCD4taskEv
                0x000006a6       0x62 LCD.o
 .text._ZN12_GLOBAL__N_13LCD7timeoutEv
                0x00000708       0xa4 LCD.o
 .text._ZN3LCD3._54taskEv
                0x000007ac       0x7c LCD.o
 .text._ZThn6_N12_GLOBAL__N_13LCD4taskEv
                0x00000828       0x8a LCD.o
 .text._ZN3LCD5printEhPc
                0x000008b2       0x56 LCD.o
                0x000008b2                _ZN3LCD5printEhPc
 .text._GLOBAL__sub_I__ZN3LCD5printEhPKc
                0x00000908       0x54 LCD.o
 .text._Z12displacementc
                0x0000095c       0x46 LineTrack.o
                0x0000095c                _Z12displacementc
 .text._ZN8maintask4taskEv
                0x000009a2       0x24 Robocar.o
                0x000009a2                _ZN8maintask4taskEv
 .text.main     0x000009c6       0x14 Robocar.o
                0x000009c6                main
 .text._GLOBAL__sub_I__Z4testv
                0x000009da       0x16 Robocar.o
 .text._ZN12_GLOBAL__N_13SPIEc
                0x000009f0       0x1e robocar_ll.o
 .text._Z5delayv
                0x00000a0e        0x2 robocar_ll.o
                0x00000a0e                _Z5delayv
 .text._Z6delayUh
                0x00000a10       0x12 robocar_ll.o
                0x00000a10                _Z6delayUh
 .text._Z6mirrorc
                0x00000a22       0x10 robocar_ll.o
                0x00000a22                _Z6mirrorc
 .text._ZN2LL14lcdWriteNibbleEhh
                0x00000a32       0x16 robocar_ll.o
                0x00000a32                _ZN2LL14lcdWriteNibbleEhh
 .text._ZN2LL12lcdWriteByteEhh
                0x00000a48       0x1c robocar_ll.o
                0x00000a48                _ZN2LL12lcdWriteByteEhh
 .text._ZN2LL11lcdReadByteEh
                0x00000a64       0x2c robocar_ll.o
                0x00000a64                _ZN2LL11lcdReadByteEh
 .text._ZN2LL7read541ENS_5HC541Eh
                0x00000a90       0x34 robocar_ll.o
                0x00000a90                _ZN2LL7read541ENS_5HC541Eh
 .text._ZN2LL8write574ENS_5HC574Ec
                0x00000ac4       0x12 robocar_ll.o
                0x00000ac4                _ZN2LL8write574ENS_5HC574Ec
 .text._ZN2LL15servoSetAddressEc
                0x00000ad6       0x1e robocar_ll.o
                0x00000ad6                _ZN2LL15servoSetAddressEc
 .text._ZN2LL16backMotorControlEc
                0x00000af4       0x14 robocar_ll.o
                0x00000af4                _ZN2LL16backMotorControlEc
 .text._ZN12_GLOBAL__N_18Slowmove4taskEv
                0x00000b08       0x96 Servo.o
 .text._ZN12_GLOBAL__N_15Servo4taskEv
                0x00000b9e       0x5c Servo.o
 .text._ZN5Servo10delay100msEi
                0x00000bfa       0x3a Servo.o
                0x00000bfa                _ZN5Servo10delay100msEi
 .text._ZN5Servo13setInitialiseEi
                0x00000c34       0x40 Servo.o
                0x00000c34                _ZN5Servo13setInitialiseEi
 .text._ZN5Servo3setEii
                0x00000c74       0x10 Servo.o
                0x00000c74                _ZN5Servo3setEii
 .text.__vector_33
                0x00000c84       0x52 Servo.o
                0x00000c84                __vector_33
 .text._GLOBAL__sub_I__ZN5Servo10delay100msEi
                0x00000cd6       0x62 Servo.o
 .text._ZN6Timer34taskEv
                0x00000d38       0x60 Timer3.o
                0x00000d38                _ZN6Timer34taskEv
 .text.__vector_34
                0x00000d98       0x52 Timer3.o
                0x00000d98                __vector_34
 .text._ZN5timer3addER5Timer
                0x00000dea        0xe Timer3.o
                0x00000dea                _ZN5timer3addER5Timer
 .text._ZN5timer6removeER5Timer
                0x00000df8       0x3a Timer3.o
                0x00000df8                _ZN5timer6removeER5Timer
 .text._GLOBAL__sub_I___vector_34
                0x00000e32       0x48 Timer3.o
 .text._ZL5uitosjPch
                0x00000e7a       0xc0 Wheel.o
 .text._ZN12_GLOBAL__N_16Timer24taskEv
                0x00000f3a      0x1ac Wheel.o
 .text.__vector_11
                0x000010e6       0x60 Wheel.o
                0x000010e6                __vector_11
 .text._ZN5Wheel9getSensorEv
                0x00001146        0x6 Wheel.o
                0x00001146                _ZN5Wheel9getSensorEv
 .text._ZN5Wheel8setSpeedEi
                0x0000114c        0xa Wheel.o
                0x0000114c                _ZN5Wheel8setSpeedEi
 .text._ZN5Wheel4moveENS_8_commandE
                0x00001156       0x26 Wheel.o
                0x00001156                _ZN5Wheel4moveENS_8_commandE
 .text._ZN12_GLOBAL__N_112UsrCountTask4taskEv
                0x0000117c       0xd2 Wheel.o
 .text._ZN5Wheel4setPEi
                0x0000124e        0xa Wheel.o
                0x0000124e                _ZN5Wheel4setPEi
 .text._ZN5Wheel4setIEi
                0x00001258        0xa Wheel.o
                0x00001258                _ZN5Wheel4setIEi
 .text._ZN5Wheel4setDEi
                0x00001262        0xa Wheel.o
                0x00001262                _ZN5Wheel4setDEi
 .text._GLOBAL__sub_I___vector_11
                0x0000126c       0x96 Wheel.o
 .text._ZN7ElementC2Ev
                0x00001302        0x8 ..\liblamos.a(List.o)
                0x00001302                _ZN7ElementC2Ev
                0x00001302                _ZN7ElementC1Ev
 .text._ZN4ListC2Ev
                0x0000130a       0x12 ..\liblamos.a(List.o)
                0x0000130a                _ZN4ListC1Ev
                0x0000130a                _ZN4ListC2Ev
 .text._ZN4List7getNextEP7Element
                0x0000131c       0x20 ..\liblamos.a(List.o)
                0x0000131c                _ZN4List7getNextEP7Element
 .text._ZN4List4pushER7Element
                0x0000133c       0x1c ..\liblamos.a(List.o)
                0x0000133c                _ZN4List4pushER7Element
 .text._ZN4List6appendER7Element
                0x00001358       0x1e ..\liblamos.a(List.o)
                0x00001358                _ZN4List6appendER7Element
 .text._ZN4List3popEv
                0x00001376       0x34 ..\liblamos.a(List.o)
                0x00001376                _ZN4List3popEv
 .text._ZN4List6removeER7Element
                0x000013aa       0x4c ..\liblamos.a(List.o)
                0x000013aa                _ZN4List6removeER7Element
 .text._ZN5QueueC2EPS_
                0x000013f6       0x1e ..\liblamos.a(Task.o)
                0x000013f6                _ZN5QueueC2EPS_
                0x000013f6                _ZN5QueueC1EPS_
 .text._ZN5Queue6appendER4Task
                0x00001414       0x1c ..\liblamos.a(Task.o)
                0x00001414                _ZN5Queue6appendER4Task
 .text._ZN5Queue3popEv
                0x00001430       0x22 ..\liblamos.a(Task.o)
                0x00001430                _ZN5Queue3popEv
 .text._Z9isrAppendR4Task
                0x00001452       0x5a ..\liblamos.a(Task.o)
                0x00001452                _Z9isrAppendR4Task
 .text._Z9kerAppendR4Task
                0x000014ac        0xa ..\liblamos.a(Task.o)
                0x000014ac                _Z9kerAppendR4Task
 .text._Z7usrCallR4Task
                0x000014b6        0x8 ..\liblamos.a(Task.o)
                0x000014b6                _Z7usrCallR4Task
 .text._GLOBAL__sub_I__Z5__seiv
                0x000014be       0x16 ..\liblamos.a(Task.o)
 .text.libgcc.div
                0x000014d4       0x26 c:/program files (x86)/atmel/studio/7.0/toolchain/avr8/avr8-gnu-toolchain/bin/../lib/gcc/avr/4.9.2/avr51\libgcc.a(_divmodhi4.o)
                0x000014d4                _div
                0x000014d4                __divmodhi4
 .text.libgcc.mul
                0x000014fa       0x1e c:/program files (x86)/atmel/studio/7.0/toolchain/avr8/avr8-gnu-toolchain/bin/../lib/gcc/avr/4.9.2/avr51\libgcc.a(_umulhisi3.o)
                0x000014fa                __umulhisi3
 .text.libgcc.div
                0x00001518       0x28 c:/program files (x86)/atmel/studio/7.0/toolchain/avr8/avr8-gnu-toolchain/bin/../lib/gcc/avr/4.9.2/avr51\libgcc.a(_udivmodhi4.o)
                0x00001518                __udivmodhi4
 .text.libgcc   0x00001540       0x12 c:/program files (x86)/atmel/studio/7.0/toolchain/avr8/avr8-gnu-toolchain/bin/../lib/gcc/avr/4.9.2/avr51\libgcc.a(_tablejump2.o)
                0x00001540                __tablejump2__
 .text.avr-libc
                0x00001552      0x25a c:/program files (x86)/atmel/studio/7.0/toolchain/avr8/avr8-gnu-toolchain/bin/../lib/gcc/avr/4.9.2/../../../../avr/lib/avr51\libc.a(malloc.o)
                0x00001552                malloc
                0x0000167c                free
 .text.avr-libc
                0x000017ac       0x14 c:/program files (x86)/atmel/studio/7.0/toolchain/avr8/avr8-gnu-toolchain/bin/../lib/gcc/avr/4.9.2/../../../../avr/lib/avr51\libc.a(itoa_ncheck.o)
                0x000017ac                __itoa_ncheck
 .text.avr-libc
                0x000017c0       0x32 c:/program files (x86)/atmel/studio/7.0/toolchain/avr8/avr8-gnu-toolchain/bin/../lib/gcc/avr/4.9.2/../../../../avr/lib/avr51\libc.a(utoa_ncheck.o)
                0x000017c0                __utoa_ncheck
                0x000017c2                __utoa_common
 .text.avr-libc
                0x000017f2       0x20 c:/program files (x86)/atmel/studio/7.0/toolchain/avr8/avr8-gnu-toolchain/bin/../lib/gcc/avr/4.9.2/../../../../avr/lib/avr51\libc.a(strrev.o)
                0x000017f2                strrev
                0x00001812                . = ALIGN (0x2)
 *(.fini9)
 .fini9         0x00001812        0x0 c:/program files (x86)/atmel/studio/7.0/toolchain/avr8/avr8-gnu-toolchain/bin/../lib/gcc/avr/4.9.2/avr51\libgcc.a(_exit.o)
                0x00001812                _exit
                0x00001812                exit
 *(.fini9)
 *(.fini8)
 *(.fini8)
 *(.fini7)
 *(.fini7)
 *(.fini6)
 *(.fini6)
 *(.fini5)
 *(.fini5)
 *(.fini4)
 *(.fini4)
 *(.fini3)
 *(.fini3)
 *(.fini2)
 *(.fini2)
 *(.fini1)
 *(.fini1)
 *(.fini0)
 .fini0         0x00001812        0x4 c:/program files (x86)/atmel/studio/7.0/toolchain/avr8/avr8-gnu-toolchain/bin/../lib/gcc/avr/4.9.2/avr51\libgcc.a(_exit.o)
 *(.fini0)
                0x00001816                _etext = .

.data           0x00800100       0x60 load address 0x00001816
                0x00800100                PROVIDE (__data_start, .)
 *(.data)
 .data          0x00800100        0x6 c:/program files (x86)/atmel/studio/7.0/toolchain/avr8/avr8-gnu-toolchain/bin/../lib/gcc/avr/4.9.2/../../../../avr/lib/avr51\libc.a(malloc.o)
                0x00800100                __malloc_heap_end
                0x00800102                __malloc_heap_start
                0x00800104                __malloc_margin
 *(.data*)
 .data._ZZ12displacementcE4last
                0x00800106        0x2 LineTrack.o
 *(.rodata)
 *(.rodata*)
 .rodata._ZTV5Timer
                0x00800108        0x6 ADC.o
                0x00800108                _ZTV5Timer
 .rodata._ZTVN12_GLOBAL__N_14TestE
                0x0080010e        0xe ADC.o
 .rodata._ZTV7Buttons
                0x0080011c        0x6 Button.o
                0x0080011c                _ZTV7Buttons
 .rodata._ZTVN12_GLOBAL__N_16EEPromE
                0x00800122        0x6 EEPROM.o
 .rodata._ZTVN12_GLOBAL__N_13LCDE
                0x00800128        0xe LCD.o
 .rodata._ZTVN3LCD3._5E
                0x00800136        0x6 LCD.o
 .rodata._ZTV8maintask
                0x0080013c        0x6 Robocar.o
                0x0080013c                _ZTV8maintask
 .rodata._ZTVN12_GLOBAL__N_15ServoE
                0x00800142        0x6 Servo.o
 .rodata._ZTVN12_GLOBAL__N_18SlowmoveE
                0x00800148        0x6 Servo.o
 .rodata._ZTV6Timer3
                0x0080014e        0x6 Timer3.o
                0x0080014e                _ZTV6Timer3
 .rodata._ZTVN12_GLOBAL__N_16Timer2E
                0x00800154        0x6 Wheel.o
 .rodata._ZTVN12_GLOBAL__N_112UsrCountTaskE
                0x0080015a        0x6 Wheel.o
 *(.gnu.linkonce.d*)
                0x00800160                . = ALIGN (0x2)
                0x00800160                _edata = .
                0x00800160                PROVIDE (__data_end, .)

.bss            0x00800160      0x110
                0x00800160                PROVIDE (__bss_start, .)
 *(.bss)
 *(.bss*)
 .bss._ZN12_GLOBAL__N_16adcObjE
                0x00800160       0x21 ADC.o
 .bss._ZL7buttons
                0x00800181       0x3f Button.o
 .bss._ZN12_GLOBAL__N_12eeE
                0x008001c0        0x7 EEPROM.o
 .bss.eedata    0x008001c7        0xe EEPROM.o
                0x008001c7                eedata
 .bss._ZN3LCDL9printTaskE
                0x008001d5        0x8 LCD.o
 .bss._ZN12_GLOBAL__N_13lcdE
                0x008001dd       0x10 LCD.o
 .bss._ZL7usrTask
                0x008001ed        0x5 Robocar.o
 .bss._ZN12_GLOBAL__N_12u5E
                0x008001f2        0x1 robocar_ll.o
 .bss._ZN12_GLOBAL__N_12u4E
                0x008001f3        0x1 robocar_ll.o
 .bss._ZN12_GLOBAL__N_18slowmoveE
                0x008001f4        0xb Servo.o
 .bss._ZN12_GLOBAL__N_15servoE
                0x008001ff       0x17 Servo.o
 .bss._ZL6timer3
                0x00800216        0xa Timer3.o
 .bss._ZN12_GLOBAL__N_112usrCountTaskE
                0x00800220        0xb Wheel.o
 .bss._ZN12_GLOBAL__N_17R_countE
                0x0080022b        0x2 Wheel.o
 .bss._ZN12_GLOBAL__N_17L_countE
                0x0080022d        0x2 Wheel.o
 .bss._ZN12_GLOBAL__N_16R_lastE
                0x0080022f        0x1 Wheel.o
 .bss._ZN12_GLOBAL__N_16L_lastE
                0x00800230        0x1 Wheel.o
 .bss._ZN12_GLOBAL__N_15R_isrE
                0x00800231        0x1 Wheel.o
 .bss._ZN12_GLOBAL__N_15L_isrE
                0x00800232        0x1 Wheel.o
 .bss._ZN12_GLOBAL__N_16timer2E
                0x00800233       0x2a Wheel.o
 .bss._ZN12_GLOBAL__N_18kerlevelE
                0x0080025d        0x1 ..\liblamos.a(Task.o)
 .bss._ZN12_GLOBAL__N_14isrqE
                0x0080025e        0x7 ..\liblamos.a(Task.o)
 .bss._ZN12_GLOBAL__N_14kerqE
                0x00800265        0x7 ..\liblamos.a(Task.o)
 *(COMMON)
 COMMON         0x0080026c        0x4 c:/program files (x86)/atmel/studio/7.0/toolchain/avr8/avr8-gnu-toolchain/bin/../lib/gcc/avr/4.9.2/../../../../avr/lib/avr51\libc.a(malloc.o)
                0x0080026c                __brkval
                0x0080026e                __flp
                0x00800270                PROVIDE (__bss_end, .)
                0x00001816                __data_load_start = LOADADDR (.data)
                0x00001876                __data_load_end = (__data_load_start + SIZEOF (.data))

.noinit         0x00800270        0x0
                0x00800270                PROVIDE (__noinit_start, .)
 *(.noinit*)
                0x00800270                PROVIDE (__noinit_end, .)
                0x00800270                _end = .
                0x00800270                PROVIDE (__heap_start, .)

.eeprom         0x00810000        0x0
 *(.eeprom*)
                0x00810000                __eeprom_end = .

.fuse
 *(.fuse)
 *(.lfuse)
 *(.hfuse)
 *(.efuse)

.lock
 *(.lock*)

.signature
 *(.signature*)

.user_signatures
 *(.user_signatures*)

.stab
 *(.stab)

.stabstr
 *(.stabstr)

.stab.excl
 *(.stab.excl)

.stab.exclstr
 *(.stab.exclstr)

.stab.index
 *(.stab.index)

.stab.indexstr
 *(.stab.indexstr)

.comment        0x00000000       0x60
 *(.comment)
 .comment       0x00000000       0x30 ADC.o
                                 0x31 (size before relaxing)
 .comment       0x00000030       0x31 Button.o
 .comment       0x00000030       0x31 cplusplus.o
 .comment       0x00000030       0x31 EEPROM.o
 .comment       0x00000030       0x31 LCD.o
 .comment       0x00000030       0x31 LineTrack.o
 .comment       0x00000030       0x31 Robocar.o
 .comment       0x00000030       0x31 robocar_ll.o
 .comment       0x00000030       0x31 Servo.o
 .comment       0x00000030       0x31 Timer3.o
 .comment       0x00000030       0x31 Wheel.o
 .comment       0x00000030       0x30 ..\liblamos.a(List.o)
                                 0x31 (size before relaxing)
 .comment       0x00000060       0x31 ..\liblamos.a(Task.o)
 .comment       0x00000060       0x31 c:/program files (x86)/atmel/studio/7.0/toolchain/avr8/avr8-gnu-toolchain/bin/../lib/gcc/avr/4.9.2/../../../../avr/lib/avr51\libc.a(malloc.o)

.note.gnu.avr.deviceinfo
                0x00000000       0x40
 .note.gnu.avr.deviceinfo
                0x00000000       0x40 C:/Program Files (x86)/Atmel/Studio/7.0/Packs/atmel/ATmega_DFP/1.0.90/gcc/dev/atmega1284p/avr51/crtatmega1284p.o

.note.gnu.build-id
 *(.note.gnu.build-id)

.debug
 *(.debug)

.line
 *(.line)

.debug_srcinfo
 *(.debug_srcinfo)

.debug_sfnames
 *(.debug_sfnames)

.debug_aranges  0x00000000      0x498
 *(.debug_aranges)
 .debug_aranges
                0x00000000       0x58 ADC.o
 .debug_aranges
                0x00000058       0x38 Button.o
 .debug_aranges
                0x00000090       0x48 cplusplus.o
 .debug_aranges
                0x000000d8       0x68 EEPROM.o
 .debug_aranges
                0x00000140       0x48 LCD.o
 .debug_aranges
                0x00000188       0x20 LineTrack.o
 .debug_aranges
                0x000001a8       0x38 Robocar.o
 .debug_aranges
                0x000001e0       0x90 robocar_ll.o
 .debug_aranges
                0x00000270       0x90 Servo.o
 .debug_aranges
                0x00000300       0x40 Timer3.o
 .debug_aranges
                0x00000340       0x98 Wheel.o
 .debug_aranges
                0x000003d8       0x60 ..\liblamos.a(List.o)
 .debug_aranges
                0x00000438       0x60 ..\liblamos.a(Task.o)

.debug_pubnames
 *(.debug_pubnames)

.debug_info     0x00000000     0x693e
 *(.debug_info .gnu.linkonce.wi.*)
 .debug_info    0x00000000      0x9a1 ADC.o
 .debug_info    0x000009a1      0xa0b Button.o
 .debug_info    0x000013ac      0x1a6 cplusplus.o
 .debug_info    0x00001552      0x646 EEPROM.o
 .debug_info    0x00001b98      0xdf0 LCD.o
 .debug_info    0x00002988      0x131 LineTrack.o
 .debug_info    0x00002ab9      0x608 Robocar.o
 .debug_info    0x000030c1      0x551 robocar_ll.o
 .debug_info    0x00003612      0xd56 Servo.o
 .debug_info    0x00004368      0x6d4 Timer3.o
 .debug_info    0x00004a3c     0x13b5 Wheel.o
 .debug_info    0x00005df1      0x498 ..\liblamos.a(List.o)
 .debug_info    0x00006289      0x6b5 ..\liblamos.a(Task.o)

.debug_abbrev   0x00000000     0x27fa
 *(.debug_abbrev)
 .debug_abbrev  0x00000000      0x3fa ADC.o
 .debug_abbrev  0x000003fa      0x3a9 Button.o
 .debug_abbrev  0x000007a3      0x13f cplusplus.o
 .debug_abbrev  0x000008e2      0x359 EEPROM.o
 .debug_abbrev  0x00000c3b      0x496 LCD.o
 .debug_abbrev  0x000010d1       0xc3 LineTrack.o
 .debug_abbrev  0x00001194      0x2cd Robocar.o
 .debug_abbrev  0x00001461      0x1dc robocar_ll.o
 .debug_abbrev  0x0000163d      0x444 Servo.o
 .debug_abbrev  0x00001a81      0x336 Timer3.o
 .debug_abbrev  0x00001db7      0x54e Wheel.o
 .debug_abbrev  0x00002305      0x1ef ..\liblamos.a(List.o)
 .debug_abbrev  0x000024f4      0x306 ..\liblamos.a(Task.o)

.debug_line     0x00000000     0x1de7
 *(.debug_line .debug_line.* .debug_line_end)
 .debug_line    0x00000000      0x23a ADC.o
 .debug_line    0x0000023a      0x231 Button.o
 .debug_line    0x0000046b      0x180 cplusplus.o
 .debug_line    0x000005eb      0x20d EEPROM.o
 .debug_line    0x000007f8      0x335 LCD.o
 .debug_line    0x00000b2d       0xeb LineTrack.o
 .debug_line    0x00000c18      0x127 Robocar.o
 .debug_line    0x00000d3f      0x317 robocar_ll.o
 .debug_line    0x00001056      0x412 Servo.o
 .debug_line    0x00001468      0x13e Timer3.o
 .debug_line    0x000015a6      0x507 Wheel.o
 .debug_line    0x00001aad      0x1b5 ..\liblamos.a(List.o)
 .debug_line    0x00001c62      0x185 ..\liblamos.a(Task.o)

.debug_frame    0x00000000      0xb4c
 *(.debug_frame)
 .debug_frame   0x00000000      0x110 ADC.o
 .debug_frame   0x00000110       0x88 Button.o
 .debug_frame   0x00000198       0x74 cplusplus.o
 .debug_frame   0x0000020c       0xfc EEPROM.o
 .debug_frame   0x00000308       0xbc LCD.o
 .debug_frame   0x000003c4       0x24 LineTrack.o
 .debug_frame   0x000003e8       0x60 Robocar.o
 .debug_frame   0x00000448      0x134 robocar_ll.o
 .debug_frame   0x0000057c      0x1a8 Servo.o
 .debug_frame   0x00000724       0xd0 Timer3.o
 .debug_frame   0x000007f4      0x1c4 Wheel.o
 .debug_frame   0x000009b8       0xbc ..\liblamos.a(List.o)
 .debug_frame   0x00000a74       0xd8 ..\liblamos.a(Task.o)

.debug_str      0x00000000     0x1210
 *(.debug_str)
 .debug_str     0x00000000      0x364 ADC.o
                                0x3d7 (size before relaxing)
 .debug_str     0x00000364      0x2eb Button.o
                                0x5be (size before relaxing)
 .debug_str     0x0000064f       0xaa cplusplus.o
                                0x1ef (size before relaxing)
 .debug_str     0x000006f9       0xc9 EEPROM.o
                                0x395 (size before relaxing)
 .debug_str     0x000007c2      0x17b LCD.o
                                0x462 (size before relaxing)
 .debug_str     0x0000093d       0x38 LineTrack.o
                                0x1f6 (size before relaxing)
 .debug_str     0x00000975      0x139 Robocar.o
                                0x450 (size before relaxing)
 .debug_str     0x00000aae      0x11c robocar_ll.o
                                0x374 (size before relaxing)
 .debug_str     0x00000bca       0xf1 Servo.o
                                0x497 (size before relaxing)
 .debug_str     0x00000cbb      0x136 Timer3.o
                                0x3f9 (size before relaxing)
 .debug_str     0x00000df1      0x23b Wheel.o
                                0x763 (size before relaxing)
 .debug_str     0x0000102c      0x142 ..\liblamos.a(List.o)
                                0x22a (size before relaxing)
 .debug_str     0x0000116e       0xa2 ..\liblamos.a(Task.o)
                                0x3ae (size before relaxing)

.debug_loc      0x00000000     0x25db
 *(.debug_loc)
 .debug_loc     0x00000000      0x3ae ADC.o
 .debug_loc     0x000003ae      0x26d Button.o
 .debug_loc     0x0000061b       0x74 cplusplus.o
 .debug_loc     0x0000068f      0x165 EEPROM.o
 .debug_loc     0x000007f4      0x442 LCD.o
 .debug_loc     0x00000c36       0xd0 LineTrack.o
 .debug_loc     0x00000d06       0x65 Robocar.o
 .debug_loc     0x00000d6b      0x30f robocar_ll.o
 .debug_loc     0x0000107a      0x32e Servo.o
 .debug_loc     0x000013a8      0x245 Timer3.o
 .debug_loc     0x000015ed      0x98a Wheel.o
 .debug_loc     0x00001f77      0x2e0 ..\liblamos.a(List.o)
 .debug_loc     0x00002257      0x384 ..\liblamos.a(Task.o)

.debug_macinfo
 *(.debug_macinfo)

.debug_weaknames
 *(.debug_weaknames)

.debug_funcnames
 *(.debug_funcnames)

.debug_typenames
 *(.debug_typenames)

.debug_varnames
 *(.debug_varnames)

.debug_pubtypes
 *(.debug_pubtypes)

.debug_ranges   0x00000000      0x3f8
 *(.debug_ranges)
 .debug_ranges  0x00000000       0x48 ADC.o
 .debug_ranges  0x00000048       0x28 Button.o
 .debug_ranges  0x00000070       0x38 cplusplus.o
 .debug_ranges  0x000000a8       0x58 EEPROM.o
 .debug_ranges  0x00000100       0x50 LCD.o
 .debug_ranges  0x00000150       0x10 LineTrack.o
 .debug_ranges  0x00000160       0x28 Robocar.o
 .debug_ranges  0x00000188       0x80 robocar_ll.o
 .debug_ranges  0x00000208       0x80 Servo.o
 .debug_ranges  0x00000288       0x30 Timer3.o
 .debug_ranges  0x000002b8       0xa0 Wheel.o
 .debug_ranges  0x00000358       0x50 ..\liblamos.a(List.o)
 .debug_ranges  0x000003a8       0x50 ..\liblamos.a(Task.o)

.debug_macro
 *(.debug_macro)
OUTPUT(Robocar_6_2(4).elf elf32-avr)
LOAD linker stubs
