Archive member included because of file (symbol)

..\liblamos.a(List.o)         Button.o (_ZN7ElementC2Ev)
..\liblamos.a(Task.o)         Servo.o (_Z9isrAppendR4Task)
c:/program files (x86)/atmel/atmel toolchain/avr8 gcc/native/3.4.1056/avr8-gnu-toolchain/bin/../lib/gcc/avr/4.8.1/avr51\libgcc.a(_divmodhi4.o)
                              Wheel.o (__divmodhi4)
c:/program files (x86)/atmel/atmel toolchain/avr8 gcc/native/3.4.1056/avr8-gnu-toolchain/bin/../lib/gcc/avr/4.8.1/avr51\libgcc.a(_exit.o)
                              c:/program files (x86)/atmel/atmel toolchain/avr8 gcc/native/3.4.1056/avr8-gnu-toolchain/bin/../lib/gcc/avr/4.8.1/../../../../avr/lib/avr51/crtm1284p.o (exit)
c:/program files (x86)/atmel/atmel toolchain/avr8 gcc/native/3.4.1056/avr8-gnu-toolchain/bin/../lib/gcc/avr/4.8.1/avr51\libgcc.a(_copy_data.o)
                              Button.o (__do_copy_data)
c:/program files (x86)/atmel/atmel toolchain/avr8 gcc/native/3.4.1056/avr8-gnu-toolchain/bin/../lib/gcc/avr/4.8.1/avr51\libgcc.a(_clear_bss.o)
                              Button.o (__do_clear_bss)
c:/program files (x86)/atmel/atmel toolchain/avr8 gcc/native/3.4.1056/avr8-gnu-toolchain/bin/../lib/gcc/avr/4.8.1/avr51\libgcc.a(_ctors.o)
                              Button.o (__do_global_ctors)
c:/program files (x86)/atmel/atmel toolchain/avr8 gcc/native/3.4.1056/avr8-gnu-toolchain/bin/../lib/gcc/avr/4.8.1/avr51\libgcc.a(_umulhisi3.o)
                              Wheel.o (__umulhisi3)
c:/program files (x86)/atmel/atmel toolchain/avr8 gcc/native/3.4.1056/avr8-gnu-toolchain/bin/../lib/gcc/avr/4.8.1/avr51\libgcc.a(_tablejump_elpm.o)
                              c:/program files (x86)/atmel/atmel toolchain/avr8 gcc/native/3.4.1056/avr8-gnu-toolchain/bin/../lib/gcc/avr/4.8.1/avr51\libgcc.a(_ctors.o) (__tablejump_elpm__)
c:/program files (x86)/atmel/atmel toolchain/avr8 gcc/native/3.4.1056/avr8-gnu-toolchain/bin/../lib/gcc/avr/4.8.1/avr51\libgcc.a(_udivmodhi4.o)
                              c:/program files (x86)/atmel/atmel toolchain/avr8 gcc/native/3.4.1056/avr8-gnu-toolchain/bin/../lib/gcc/avr/4.8.1/avr51\libgcc.a(_divmodhi4.o) (__udivmodhi4)
c:/program files (x86)/atmel/atmel toolchain/avr8 gcc/native/3.4.1056/avr8-gnu-toolchain/bin/../lib/gcc/avr/4.8.1/../../../../avr/lib/avr51\libc.a(malloc.o)
                              cplusplus.o (malloc)
c:/program files (x86)/atmel/atmel toolchain/avr8 gcc/native/3.4.1056/avr8-gnu-toolchain/bin/../lib/gcc/avr/4.8.1/../../../../avr/lib/avr51\libc.a(itoa_ncheck.o)
                              Wheel.o (__itoa_ncheck)
c:/program files (x86)/atmel/atmel toolchain/avr8 gcc/native/3.4.1056/avr8-gnu-toolchain/bin/../lib/gcc/avr/4.8.1/../../../../avr/lib/avr51\libc.a(utoa_ncheck.o)
                              c:/program files (x86)/atmel/atmel toolchain/avr8 gcc/native/3.4.1056/avr8-gnu-toolchain/bin/../lib/gcc/avr/4.8.1/../../../../avr/lib/avr51\libc.a(itoa_ncheck.o) (__utoa_common)
c:/program files (x86)/atmel/atmel toolchain/avr8 gcc/native/3.4.1056/avr8-gnu-toolchain/bin/../lib/gcc/avr/4.8.1/../../../../avr/lib/avr51\libc.a(strrev.o)
                              c:/program files (x86)/atmel/atmel toolchain/avr8 gcc/native/3.4.1056/avr8-gnu-toolchain/bin/../lib/gcc/avr/4.8.1/../../../../avr/lib/avr51\libc.a(utoa_ncheck.o) (strrev)

Allocating common symbols
Common symbol       size              file

__brkval            0x2               c:/program files (x86)/atmel/atmel toolchain/avr8 gcc/native/3.4.1056/avr8-gnu-toolchain/bin/../lib/gcc/avr/4.8.1/../../../../avr/lib/avr51\libc.a(malloc.o)
__flp               0x2               c:/program files (x86)/atmel/atmel toolchain/avr8 gcc/native/3.4.1056/avr8-gnu-toolchain/bin/../lib/gcc/avr/4.8.1/../../../../avr/lib/avr51\libc.a(malloc.o)

Discarded input sections

 .bss           0x00000000        0x0 c:/program files (x86)/atmel/atmel toolchain/avr8 gcc/native/3.4.1056/avr8-gnu-toolchain/bin/../lib/gcc/avr/4.8.1/../../../../avr/lib/avr51/crtm1284p.o
 .group         0x00000000        0x8 Button.o
 .group         0x00000000        0x8 Button.o
 .text          0x00000000        0x0 Button.o
 .bss           0x00000000        0x0 Button.o
 .text          0x00000000        0x0 cplusplus.o
 .bss           0x00000000        0x0 cplusplus.o
 .text.__cxa_guard_acquire
                0x00000000       0x12 cplusplus.o
 .text.__cxa_guard_release
                0x00000000        0x8 cplusplus.o
 .text.__cxa_guard_abort
                0x00000000        0x2 cplusplus.o
 .text._ZdlPv   0x00000000        0x6 cplusplus.o
 .group         0x00000000        0x8 LCD.o
 .text          0x00000000        0x0 LCD.o
 .bss           0x00000000        0x0 LCD.o
 .text._ZN3LCD5printEhPKc
                0x00000000       0x66 LCD.o
 .text          0x00000000        0x0 LineTrack.o
 .bss           0x00000000        0x0 LineTrack.o
 .group         0x00000000        0x8 Robocar.o
 .group         0x00000000        0x8 Robocar.o
 .group         0x00000000        0x8 Robocar.o
 .group         0x00000000        0x8 Robocar.o
 .text          0x00000000        0x0 Robocar.o
 .bss           0x00000000        0x0 Robocar.o
 .text._Z5test1v
                0x00000000       0x36 Robocar.o
 .text          0x00000000        0x0 robocar_ll.o
 .bss           0x00000000        0x0 robocar_ll.o
 .text._ZN2LL5powerEc
                0x00000000        0xc robocar_ll.o
 .text._ZN2LL3LEDEc
                0x00000000        0xc robocar_ll.o
 .text          0x00000000        0x0 Servo.o
 .bss           0x00000000        0x0 Servo.o
 .text._ZN5Servo7setnameEi
                0x00000000        0xa Servo.o
 .text._ZN5Servo3setEii
                0x00000000       0x10 Servo.o
 .text._ZN5Servo3setEi
                0x00000000       0x16 Servo.o
 .text._ZN5Servo8getwidthEi
                0x00000000       0x10 Servo.o
 .text._ZN5Servo10slowclose1Ev
                0x00000000      0x116 Servo.o
 .text._ZN5Servo6secondEv
                0x00000000       0x36 Servo.o
 .group         0x00000000        0x8 Timer3.o
 .group         0x00000000        0x8 Timer3.o
 .text          0x00000000        0x0 Timer3.o
 .bss           0x00000000        0x0 Timer3.o
 .text          0x00000000        0x0 Wheel.o
 .bss           0x00000000        0x0 Wheel.o
 .text._ZN5Wheel10getL_speedEv
                0x00000000        0x6 Wheel.o
 .text._ZN5Wheel10getR_speedEv
                0x00000000        0x6 Wheel.o
 .text._ZN5Wheel8usrCountEj
                0x00000000       0x18 Wheel.o
 .text          0x00000000        0x0 ..\liblamos.a(List.o)
 .bss           0x00000000        0x0 ..\liblamos.a(List.o)
 .text._ZN7Element4idleEv
                0x00000000       0x12 ..\liblamos.a(List.o)
 .text._ZN4List5emptyEv
                0x00000000       0x12 ..\liblamos.a(List.o)
 .text          0x00000000        0x0 ..\liblamos.a(Task.o)
 .bss           0x00000000        0x0 ..\liblamos.a(Task.o)
 .text._ZN5Queue4pushER4Task
                0x00000000        0xa ..\liblamos.a(Task.o)
 .text          0x00000000        0x0 c:/program files (x86)/atmel/atmel toolchain/avr8 gcc/native/3.4.1056/avr8-gnu-toolchain/bin/../lib/gcc/avr/4.8.1/avr51\libgcc.a(_divmodhi4.o)
 .bss           0x00000000        0x0 c:/program files (x86)/atmel/atmel toolchain/avr8 gcc/native/3.4.1056/avr8-gnu-toolchain/bin/../lib/gcc/avr/4.8.1/avr51\libgcc.a(_divmodhi4.o)
 .text.libgcc.mul
                0x00000000        0x0 c:/program files (x86)/atmel/atmel toolchain/avr8 gcc/native/3.4.1056/avr8-gnu-toolchain/bin/../lib/gcc/avr/4.8.1/avr51\libgcc.a(_divmodhi4.o)
 .text.libgcc   0x00000000        0x0 c:/program files (x86)/atmel/atmel toolchain/avr8 gcc/native/3.4.1056/avr8-gnu-toolchain/bin/../lib/gcc/avr/4.8.1/avr51\libgcc.a(_divmodhi4.o)
 .text.libgcc.prologue
                0x00000000        0x0 c:/program files (x86)/atmel/atmel toolchain/avr8 gcc/native/3.4.1056/avr8-gnu-toolchain/bin/../lib/gcc/avr/4.8.1/avr51\libgcc.a(_divmodhi4.o)
 .text.libgcc.builtins
                0x00000000        0x0 c:/program files (x86)/atmel/atmel toolchain/avr8 gcc/native/3.4.1056/avr8-gnu-toolchain/bin/../lib/gcc/avr/4.8.1/avr51\libgcc.a(_divmodhi4.o)
 .text.libgcc.fmul
                0x00000000        0x0 c:/program files (x86)/atmel/atmel toolchain/avr8 gcc/native/3.4.1056/avr8-gnu-toolchain/bin/../lib/gcc/avr/4.8.1/avr51\libgcc.a(_divmodhi4.o)
 .text.libgcc.fixed
                0x00000000        0x0 c:/program files (x86)/atmel/atmel toolchain/avr8 gcc/native/3.4.1056/avr8-gnu-toolchain/bin/../lib/gcc/avr/4.8.1/avr51\libgcc.a(_divmodhi4.o)
 .text          0x00000000        0x0 c:/program files (x86)/atmel/atmel toolchain/avr8 gcc/native/3.4.1056/avr8-gnu-toolchain/bin/../lib/gcc/avr/4.8.1/avr51\libgcc.a(_exit.o)
 .bss           0x00000000        0x0 c:/program files (x86)/atmel/atmel toolchain/avr8 gcc/native/3.4.1056/avr8-gnu-toolchain/bin/../lib/gcc/avr/4.8.1/avr51\libgcc.a(_exit.o)
 .text.libgcc.mul
                0x00000000        0x0 c:/program files (x86)/atmel/atmel toolchain/avr8 gcc/native/3.4.1056/avr8-gnu-toolchain/bin/../lib/gcc/avr/4.8.1/avr51\libgcc.a(_exit.o)
 .text.libgcc.div
                0x00000000        0x0 c:/program files (x86)/atmel/atmel toolchain/avr8 gcc/native/3.4.1056/avr8-gnu-toolchain/bin/../lib/gcc/avr/4.8.1/avr51\libgcc.a(_exit.o)
 .text.libgcc   0x00000000        0x0 c:/program files (x86)/atmel/atmel toolchain/avr8 gcc/native/3.4.1056/avr8-gnu-toolchain/bin/../lib/gcc/avr/4.8.1/avr51\libgcc.a(_exit.o)
 .text.libgcc.prologue
                0x00000000        0x0 c:/program files (x86)/atmel/atmel toolchain/avr8 gcc/native/3.4.1056/avr8-gnu-toolchain/bin/../lib/gcc/avr/4.8.1/avr51\libgcc.a(_exit.o)
 .text.libgcc.builtins
                0x00000000        0x0 c:/program files (x86)/atmel/atmel toolchain/avr8 gcc/native/3.4.1056/avr8-gnu-toolchain/bin/../lib/gcc/avr/4.8.1/avr51\libgcc.a(_exit.o)
 .text.libgcc.fmul
                0x00000000        0x0 c:/program files (x86)/atmel/atmel toolchain/avr8 gcc/native/3.4.1056/avr8-gnu-toolchain/bin/../lib/gcc/avr/4.8.1/avr51\libgcc.a(_exit.o)
 .text.libgcc.fixed
                0x00000000        0x0 c:/program files (x86)/atmel/atmel toolchain/avr8 gcc/native/3.4.1056/avr8-gnu-toolchain/bin/../lib/gcc/avr/4.8.1/avr51\libgcc.a(_exit.o)
 .text          0x00000000        0x0 c:/program files (x86)/atmel/atmel toolchain/avr8 gcc/native/3.4.1056/avr8-gnu-toolchain/bin/../lib/gcc/avr/4.8.1/avr51\libgcc.a(_copy_data.o)
 .bss           0x00000000        0x0 c:/program files (x86)/atmel/atmel toolchain/avr8 gcc/native/3.4.1056/avr8-gnu-toolchain/bin/../lib/gcc/avr/4.8.1/avr51\libgcc.a(_copy_data.o)
 .text.libgcc.mul
                0x00000000        0x0 c:/program files (x86)/atmel/atmel toolchain/avr8 gcc/native/3.4.1056/avr8-gnu-toolchain/bin/../lib/gcc/avr/4.8.1/avr51\libgcc.a(_copy_data.o)
 .text.libgcc.div
                0x00000000        0x0 c:/program files (x86)/atmel/atmel toolchain/avr8 gcc/native/3.4.1056/avr8-gnu-toolchain/bin/../lib/gcc/avr/4.8.1/avr51\libgcc.a(_copy_data.o)
 .text.libgcc   0x00000000        0x0 c:/program files (x86)/atmel/atmel toolchain/avr8 gcc/native/3.4.1056/avr8-gnu-toolchain/bin/../lib/gcc/avr/4.8.1/avr51\libgcc.a(_copy_data.o)
 .text.libgcc.prologue
                0x00000000        0x0 c:/program files (x86)/atmel/atmel toolchain/avr8 gcc/native/3.4.1056/avr8-gnu-toolchain/bin/../lib/gcc/avr/4.8.1/avr51\libgcc.a(_copy_data.o)
 .text.libgcc.builtins
                0x00000000        0x0 c:/program files (x86)/atmel/atmel toolchain/avr8 gcc/native/3.4.1056/avr8-gnu-toolchain/bin/../lib/gcc/avr/4.8.1/avr51\libgcc.a(_copy_data.o)
 .text.libgcc.fmul
                0x00000000        0x0 c:/program files (x86)/atmel/atmel toolchain/avr8 gcc/native/3.4.1056/avr8-gnu-toolchain/bin/../lib/gcc/avr/4.8.1/avr51\libgcc.a(_copy_data.o)
 .text.libgcc.fixed
                0x00000000        0x0 c:/program files (x86)/atmel/atmel toolchain/avr8 gcc/native/3.4.1056/avr8-gnu-toolchain/bin/../lib/gcc/avr/4.8.1/avr51\libgcc.a(_copy_data.o)
 .text          0x00000000        0x0 c:/program files (x86)/atmel/atmel toolchain/avr8 gcc/native/3.4.1056/avr8-gnu-toolchain/bin/../lib/gcc/avr/4.8.1/avr51\libgcc.a(_clear_bss.o)
 .bss           0x00000000        0x0 c:/program files (x86)/atmel/atmel toolchain/avr8 gcc/native/3.4.1056/avr8-gnu-toolchain/bin/../lib/gcc/avr/4.8.1/avr51\libgcc.a(_clear_bss.o)
 .text.libgcc.mul
                0x00000000        0x0 c:/program files (x86)/atmel/atmel toolchain/avr8 gcc/native/3.4.1056/avr8-gnu-toolchain/bin/../lib/gcc/avr/4.8.1/avr51\libgcc.a(_clear_bss.o)
 .text.libgcc.div
                0x00000000        0x0 c:/program files (x86)/atmel/atmel toolchain/avr8 gcc/native/3.4.1056/avr8-gnu-toolchain/bin/../lib/gcc/avr/4.8.1/avr51\libgcc.a(_clear_bss.o)
 .text.libgcc   0x00000000        0x0 c:/program files (x86)/atmel/atmel toolchain/avr8 gcc/native/3.4.1056/avr8-gnu-toolchain/bin/../lib/gcc/avr/4.8.1/avr51\libgcc.a(_clear_bss.o)
 .text.libgcc.prologue
                0x00000000        0x0 c:/program files (x86)/atmel/atmel toolchain/avr8 gcc/native/3.4.1056/avr8-gnu-toolchain/bin/../lib/gcc/avr/4.8.1/avr51\libgcc.a(_clear_bss.o)
 .text.libgcc.builtins
                0x00000000        0x0 c:/program files (x86)/atmel/atmel toolchain/avr8 gcc/native/3.4.1056/avr8-gnu-toolchain/bin/../lib/gcc/avr/4.8.1/avr51\libgcc.a(_clear_bss.o)
 .text.libgcc.fmul
                0x00000000        0x0 c:/program files (x86)/atmel/atmel toolchain/avr8 gcc/native/3.4.1056/avr8-gnu-toolchain/bin/../lib/gcc/avr/4.8.1/avr51\libgcc.a(_clear_bss.o)
 .text.libgcc.fixed
                0x00000000        0x0 c:/program files (x86)/atmel/atmel toolchain/avr8 gcc/native/3.4.1056/avr8-gnu-toolchain/bin/../lib/gcc/avr/4.8.1/avr51\libgcc.a(_clear_bss.o)
 .text          0x00000000        0x0 c:/program files (x86)/atmel/atmel toolchain/avr8 gcc/native/3.4.1056/avr8-gnu-toolchain/bin/../lib/gcc/avr/4.8.1/avr51\libgcc.a(_ctors.o)
 .bss           0x00000000        0x0 c:/program files (x86)/atmel/atmel toolchain/avr8 gcc/native/3.4.1056/avr8-gnu-toolchain/bin/../lib/gcc/avr/4.8.1/avr51\libgcc.a(_ctors.o)
 .text.libgcc.mul
                0x00000000        0x0 c:/program files (x86)/atmel/atmel toolchain/avr8 gcc/native/3.4.1056/avr8-gnu-toolchain/bin/../lib/gcc/avr/4.8.1/avr51\libgcc.a(_ctors.o)
 .text.libgcc.div
                0x00000000        0x0 c:/program files (x86)/atmel/atmel toolchain/avr8 gcc/native/3.4.1056/avr8-gnu-toolchain/bin/../lib/gcc/avr/4.8.1/avr51\libgcc.a(_ctors.o)
 .text.libgcc   0x00000000        0x0 c:/program files (x86)/atmel/atmel toolchain/avr8 gcc/native/3.4.1056/avr8-gnu-toolchain/bin/../lib/gcc/avr/4.8.1/avr51\libgcc.a(_ctors.o)
 .text.libgcc.prologue
                0x00000000        0x0 c:/program files (x86)/atmel/atmel toolchain/avr8 gcc/native/3.4.1056/avr8-gnu-toolchain/bin/../lib/gcc/avr/4.8.1/avr51\libgcc.a(_ctors.o)
 .text.libgcc.builtins
                0x00000000        0x0 c:/program files (x86)/atmel/atmel toolchain/avr8 gcc/native/3.4.1056/avr8-gnu-toolchain/bin/../lib/gcc/avr/4.8.1/avr51\libgcc.a(_ctors.o)
 .text.libgcc.fmul
                0x00000000        0x0 c:/program files (x86)/atmel/atmel toolchain/avr8 gcc/native/3.4.1056/avr8-gnu-toolchain/bin/../lib/gcc/avr/4.8.1/avr51\libgcc.a(_ctors.o)
 .text.libgcc.fixed
                0x00000000        0x0 c:/program files (x86)/atmel/atmel toolchain/avr8 gcc/native/3.4.1056/avr8-gnu-toolchain/bin/../lib/gcc/avr/4.8.1/avr51\libgcc.a(_ctors.o)
 .text          0x00000000        0x0 c:/program files (x86)/atmel/atmel toolchain/avr8 gcc/native/3.4.1056/avr8-gnu-toolchain/bin/../lib/gcc/avr/4.8.1/avr51\libgcc.a(_umulhisi3.o)
 .bss           0x00000000        0x0 c:/program files (x86)/atmel/atmel toolchain/avr8 gcc/native/3.4.1056/avr8-gnu-toolchain/bin/../lib/gcc/avr/4.8.1/avr51\libgcc.a(_umulhisi3.o)
 .text.libgcc.div
                0x00000000        0x0 c:/program files (x86)/atmel/atmel toolchain/avr8 gcc/native/3.4.1056/avr8-gnu-toolchain/bin/../lib/gcc/avr/4.8.1/avr51\libgcc.a(_umulhisi3.o)
 .text.libgcc   0x00000000        0x0 c:/program files (x86)/atmel/atmel toolchain/avr8 gcc/native/3.4.1056/avr8-gnu-toolchain/bin/../lib/gcc/avr/4.8.1/avr51\libgcc.a(_umulhisi3.o)
 .text.libgcc.prologue
                0x00000000        0x0 c:/program files (x86)/atmel/atmel toolchain/avr8 gcc/native/3.4.1056/avr8-gnu-toolchain/bin/../lib/gcc/avr/4.8.1/avr51\libgcc.a(_umulhisi3.o)
 .text.libgcc.builtins
                0x00000000        0x0 c:/program files (x86)/atmel/atmel toolchain/avr8 gcc/native/3.4.1056/avr8-gnu-toolchain/bin/../lib/gcc/avr/4.8.1/avr51\libgcc.a(_umulhisi3.o)
 .text.libgcc.fmul
                0x00000000        0x0 c:/program files (x86)/atmel/atmel toolchain/avr8 gcc/native/3.4.1056/avr8-gnu-toolchain/bin/../lib/gcc/avr/4.8.1/avr51\libgcc.a(_umulhisi3.o)
 .text.libgcc.fixed
                0x00000000        0x0 c:/program files (x86)/atmel/atmel toolchain/avr8 gcc/native/3.4.1056/avr8-gnu-toolchain/bin/../lib/gcc/avr/4.8.1/avr51\libgcc.a(_umulhisi3.o)
 .text          0x00000000        0x0 c:/program files (x86)/atmel/atmel toolchain/avr8 gcc/native/3.4.1056/avr8-gnu-toolchain/bin/../lib/gcc/avr/4.8.1/avr51\libgcc.a(_tablejump_elpm.o)
 .bss           0x00000000        0x0 c:/program files (x86)/atmel/atmel toolchain/avr8 gcc/native/3.4.1056/avr8-gnu-toolchain/bin/../lib/gcc/avr/4.8.1/avr51\libgcc.a(_tablejump_elpm.o)
 .text.libgcc.mul
                0x00000000        0x0 c:/program files (x86)/atmel/atmel toolchain/avr8 gcc/native/3.4.1056/avr8-gnu-toolchain/bin/../lib/gcc/avr/4.8.1/avr51\libgcc.a(_tablejump_elpm.o)
 .text.libgcc.div
                0x00000000        0x0 c:/program files (x86)/atmel/atmel toolchain/avr8 gcc/native/3.4.1056/avr8-gnu-toolchain/bin/../lib/gcc/avr/4.8.1/avr51\libgcc.a(_tablejump_elpm.o)
 .text.libgcc.prologue
                0x00000000        0x0 c:/program files (x86)/atmel/atmel toolchain/avr8 gcc/native/3.4.1056/avr8-gnu-toolchain/bin/../lib/gcc/avr/4.8.1/avr51\libgcc.a(_tablejump_elpm.o)
 .text.libgcc.builtins
                0x00000000        0x0 c:/program files (x86)/atmel/atmel toolchain/avr8 gcc/native/3.4.1056/avr8-gnu-toolchain/bin/../lib/gcc/avr/4.8.1/avr51\libgcc.a(_tablejump_elpm.o)
 .text.libgcc.fmul
                0x00000000        0x0 c:/program files (x86)/atmel/atmel toolchain/avr8 gcc/native/3.4.1056/avr8-gnu-toolchain/bin/../lib/gcc/avr/4.8.1/avr51\libgcc.a(_tablejump_elpm.o)
 .text.libgcc.fixed
                0x00000000        0x0 c:/program files (x86)/atmel/atmel toolchain/avr8 gcc/native/3.4.1056/avr8-gnu-toolchain/bin/../lib/gcc/avr/4.8.1/avr51\libgcc.a(_tablejump_elpm.o)
 .text          0x00000000        0x0 c:/program files (x86)/atmel/atmel toolchain/avr8 gcc/native/3.4.1056/avr8-gnu-toolchain/bin/../lib/gcc/avr/4.8.1/avr51\libgcc.a(_udivmodhi4.o)
 .bss           0x00000000        0x0 c:/program files (x86)/atmel/atmel toolchain/avr8 gcc/native/3.4.1056/avr8-gnu-toolchain/bin/../lib/gcc/avr/4.8.1/avr51\libgcc.a(_udivmodhi4.o)
 .text.libgcc.mul
                0x00000000        0x0 c:/program files (x86)/atmel/atmel toolchain/avr8 gcc/native/3.4.1056/avr8-gnu-toolchain/bin/../lib/gcc/avr/4.8.1/avr51\libgcc.a(_udivmodhi4.o)
 .text.libgcc   0x00000000        0x0 c:/program files (x86)/atmel/atmel toolchain/avr8 gcc/native/3.4.1056/avr8-gnu-toolchain/bin/../lib/gcc/avr/4.8.1/avr51\libgcc.a(_udivmodhi4.o)
 .text.libgcc.prologue
                0x00000000        0x0 c:/program files (x86)/atmel/atmel toolchain/avr8 gcc/native/3.4.1056/avr8-gnu-toolchain/bin/../lib/gcc/avr/4.8.1/avr51\libgcc.a(_udivmodhi4.o)
 .text.libgcc.builtins
                0x00000000        0x0 c:/program files (x86)/atmel/atmel toolchain/avr8 gcc/native/3.4.1056/avr8-gnu-toolchain/bin/../lib/gcc/avr/4.8.1/avr51\libgcc.a(_udivmodhi4.o)
 .text.libgcc.fmul
                0x00000000        0x0 c:/program files (x86)/atmel/atmel toolchain/avr8 gcc/native/3.4.1056/avr8-gnu-toolchain/bin/../lib/gcc/avr/4.8.1/avr51\libgcc.a(_udivmodhi4.o)
 .text.libgcc.fixed
                0x00000000        0x0 c:/program files (x86)/atmel/atmel toolchain/avr8 gcc/native/3.4.1056/avr8-gnu-toolchain/bin/../lib/gcc/avr/4.8.1/avr51\libgcc.a(_udivmodhi4.o)
 .text          0x00000000        0x0 c:/program files (x86)/atmel/atmel toolchain/avr8 gcc/native/3.4.1056/avr8-gnu-toolchain/bin/../lib/gcc/avr/4.8.1/../../../../avr/lib/avr51\libc.a(malloc.o)
 .bss           0x00000000        0x0 c:/program files (x86)/atmel/atmel toolchain/avr8 gcc/native/3.4.1056/avr8-gnu-toolchain/bin/../lib/gcc/avr/4.8.1/../../../../avr/lib/avr51\libc.a(malloc.o)
 .text          0x00000000        0x0 c:/program files (x86)/atmel/atmel toolchain/avr8 gcc/native/3.4.1056/avr8-gnu-toolchain/bin/../lib/gcc/avr/4.8.1/../../../../avr/lib/avr51\libc.a(itoa_ncheck.o)
 .bss           0x00000000        0x0 c:/program files (x86)/atmel/atmel toolchain/avr8 gcc/native/3.4.1056/avr8-gnu-toolchain/bin/../lib/gcc/avr/4.8.1/../../../../avr/lib/avr51\libc.a(itoa_ncheck.o)
 .text          0x00000000        0x0 c:/program files (x86)/atmel/atmel toolchain/avr8 gcc/native/3.4.1056/avr8-gnu-toolchain/bin/../lib/gcc/avr/4.8.1/../../../../avr/lib/avr51\libc.a(utoa_ncheck.o)
 .bss           0x00000000        0x0 c:/program files (x86)/atmel/atmel toolchain/avr8 gcc/native/3.4.1056/avr8-gnu-toolchain/bin/../lib/gcc/avr/4.8.1/../../../../avr/lib/avr51\libc.a(utoa_ncheck.o)
 .text          0x00000000        0x0 c:/program files (x86)/atmel/atmel toolchain/avr8 gcc/native/3.4.1056/avr8-gnu-toolchain/bin/../lib/gcc/avr/4.8.1/../../../../avr/lib/avr51\libc.a(strrev.o)
 .bss           0x00000000        0x0 c:/program files (x86)/atmel/atmel toolchain/avr8 gcc/native/3.4.1056/avr8-gnu-toolchain/bin/../lib/gcc/avr/4.8.1/../../../../avr/lib/avr51\libc.a(strrev.o)

Memory Configuration

Name             Origin             Length             Attributes
text             0x00000000         0x00020000         xr
data             0x00800100         0x0000ff00         rw !x
eeprom           0x00810000         0x00010000         rw !x
fuse             0x00820000         0x00000400         rw !x
lock             0x00830000         0x00000400         rw !x
signature        0x00840000         0x00000400         rw !x
user_signatures  0x00850000         0x00000400         rw !x
*default*        0x00000000         0xffffffff

Linker script and memory map

Address of section .data set to 0x800100
LOAD c:/program files (x86)/atmel/atmel toolchain/avr8 gcc/native/3.4.1056/avr8-gnu-toolchain/bin/../lib/gcc/avr/4.8.1/../../../../avr/lib/avr51/crtm1284p.o
LOAD Button.o
LOAD cplusplus.o
LOAD LCD.o
LOAD LineTrack.o
LOAD Robocar.o
LOAD robocar_ll.o
LOAD Servo.o
LOAD Timer3.o
LOAD Wheel.o
START GROUP
LOAD ..\liblamos.a
LOAD ..\liblamos.a
END GROUP
LOAD c:/program files (x86)/atmel/atmel toolchain/avr8 gcc/native/3.4.1056/avr8-gnu-toolchain/bin/../lib/gcc/avr/4.8.1/avr51\libgcc.a
LOAD c:/program files (x86)/atmel/atmel toolchain/avr8 gcc/native/3.4.1056/avr8-gnu-toolchain/bin/../lib/gcc/avr/4.8.1/../../../../avr/lib/avr51\libm.a
START GROUP
LOAD c:/program files (x86)/atmel/atmel toolchain/avr8 gcc/native/3.4.1056/avr8-gnu-toolchain/bin/../lib/gcc/avr/4.8.1/avr51\libgcc.a
LOAD c:/program files (x86)/atmel/atmel toolchain/avr8 gcc/native/3.4.1056/avr8-gnu-toolchain/bin/../lib/gcc/avr/4.8.1/../../../../avr/lib/avr51\libm.a
LOAD c:/program files (x86)/atmel/atmel toolchain/avr8 gcc/native/3.4.1056/avr8-gnu-toolchain/bin/../lib/gcc/avr/4.8.1/../../../../avr/lib/avr51\libc.a
END GROUP

.hash
 *(.hash)

.dynsym
 *(.dynsym)

.dynstr
 *(.dynstr)

.gnu.version
 *(.gnu.version)

.gnu.version_d
 *(.gnu.version_d)

.gnu.version_r
 *(.gnu.version_r)

.rel.init
 *(.rel.init)

.rela.init
 *(.rela.init)

.rel.text
 *(.rel.text)
 *(.rel.text.*)
 *(.rel.gnu.linkonce.t*)

.rela.text
 *(.rela.text)
 *(.rela.text.*)
 *(.rela.gnu.linkonce.t*)

.rel.fini
 *(.rel.fini)

.rela.fini
 *(.rela.fini)

.rel.rodata
 *(.rel.rodata)
 *(.rel.rodata.*)
 *(.rel.gnu.linkonce.r*)

.rela.rodata
 *(.rela.rodata)
 *(.rela.rodata.*)
 *(.rela.gnu.linkonce.r*)

.rel.data
 *(.rel.data)
 *(.rel.data.*)
 *(.rel.gnu.linkonce.d*)

.rela.data
 *(.rela.data)
 *(.rela.data.*)
 *(.rela.gnu.linkonce.d*)

.rel.ctors
 *(.rel.ctors)

.rela.ctors
 *(.rela.ctors)

.rel.dtors
 *(.rel.dtors)

.rela.dtors
 *(.rela.dtors)

.rel.got
 *(.rel.got)

.rela.got
 *(.rela.got)

.rel.bss
 *(.rel.bss)

.rela.bss
 *(.rela.bss)

.rel.plt
 *(.rel.plt)

.rela.plt
 *(.rela.plt)

.text           0x00000000     0x15ba
 *(.vectors)
 .vectors       0x00000000       0x8c c:/program files (x86)/atmel/atmel toolchain/avr8 gcc/native/3.4.1056/avr8-gnu-toolchain/bin/../lib/gcc/avr/4.8.1/../../../../avr/lib/avr51/crtm1284p.o
                0x00000000                __vector_default
                0x00000000                __vectors
 *(.vectors)
 *(.progmem.gcc*)
                0x0000008c                . = ALIGN (0x2)
                0x0000008c                __trampolines_start = .
 *(.trampolines)
 .trampolines   0x0000008c        0x0 linker stubs
 *(.trampolines*)
                0x0000008c                __trampolines_end = .
 *(.progmem*)
 .progmem.data._ZZN12_GLOBAL__N_13LCD7timeoutEvE3__c
                0x0000008c        0x5 LCD.o
 .progmem.data._ZL5table
                0x00000091       0x80 LineTrack.o
                0x00000112                . = ALIGN (0x2)
 *fill*         0x00000111        0x1 
 *(.jumptables)
 *(.jumptables*)
 *(.lowtext)
 *(.lowtext*)
                0x00000112                __ctors_start = .
 *(.ctors)
 .ctors         0x00000112        0x2 Button.o
 .ctors         0x00000114        0x2 LCD.o
 .ctors         0x00000116        0x2 Robocar.o
 .ctors         0x00000118        0x2 Servo.o
 .ctors         0x0000011a        0x2 Timer3.o
 .ctors         0x0000011c        0x2 Wheel.o
 .ctors         0x0000011e        0x2 ..\liblamos.a(Task.o)
                0x00000120                __ctors_end = .
                0x00000120                __dtors_start = .
 *(.dtors)
                0x00000120                __dtors_end = .
 SORT(*)(.ctors)
 SORT(*)(.dtors)
 *(.init0)
 .init0         0x00000120        0x0 c:/program files (x86)/atmel/atmel toolchain/avr8 gcc/native/3.4.1056/avr8-gnu-toolchain/bin/../lib/gcc/avr/4.8.1/../../../../avr/lib/avr51/crtm1284p.o
                0x00000120                __init
 *(.init0)
 *(.init1)
 *(.init1)
 *(.init2)
 .init2         0x00000120        0xc c:/program files (x86)/atmel/atmel toolchain/avr8 gcc/native/3.4.1056/avr8-gnu-toolchain/bin/../lib/gcc/avr/4.8.1/../../../../avr/lib/avr51/crtm1284p.o
 *(.init2)
 *(.init3)
 .init3         0x0000012c       0x30 robocar_ll.o
                0x0000012c                _Z14__hardwareInitv
 *(.init3)
 *(.init4)
 .init4         0x0000015c       0x1a c:/program files (x86)/atmel/atmel toolchain/avr8 gcc/native/3.4.1056/avr8-gnu-toolchain/bin/../lib/gcc/avr/4.8.1/avr51\libgcc.a(_copy_data.o)
                0x0000015c                __do_copy_data
 .init4         0x00000176       0x10 c:/program files (x86)/atmel/atmel toolchain/avr8 gcc/native/3.4.1056/avr8-gnu-toolchain/bin/../lib/gcc/avr/4.8.1/avr51\libgcc.a(_clear_bss.o)
                0x00000176                __do_clear_bss
 *(.init4)
 *(.init5)
 *(.init5)
 *(.init6)
 .init6         0x00000186       0x20 c:/program files (x86)/atmel/atmel toolchain/avr8 gcc/native/3.4.1056/avr8-gnu-toolchain/bin/../lib/gcc/avr/4.8.1/avr51\libgcc.a(_ctors.o)
                0x00000186                __do_global_ctors
 *(.init6)
 *(.init7)
 *(.init7)
 *(.init8)
 .init8         0x000001a6        0x2 robocar_ll.o
                0x000001a6                _Z7__powerv
 .init8         0x000001a8        0x2 ..\liblamos.a(Task.o)
                0x000001a8                _Z5__seiv
 *(.init8)
 *(.init9)
 .init9         0x000001aa        0x6 c:/program files (x86)/atmel/atmel toolchain/avr8 gcc/native/3.4.1056/avr8-gnu-toolchain/bin/../lib/gcc/avr/4.8.1/../../../../avr/lib/avr51/crtm1284p.o
 *(.init9)
 *(.text)
 .text          0x000001b0        0x2 c:/program files (x86)/atmel/atmel toolchain/avr8 gcc/native/3.4.1056/avr8-gnu-toolchain/bin/../lib/gcc/avr/4.8.1/../../../../avr/lib/avr51/crtm1284p.o
                0x000001b0                __vector_22
                0x000001b0                __vector_28
                0x000001b0                __vector_1
                0x000001b0                __vector_32
                0x000001b0                __vector_24
                0x000001b0                __vector_12
                0x000001b0                __bad_interrupt
                0x000001b0                __vector_6
                0x000001b0                __vector_31
                0x000001b0                __vector_3
                0x000001b0                __vector_23
                0x000001b0                __vector_30
                0x000001b0                __vector_25
                0x000001b0                __vector_13
                0x000001b0                __vector_17
                0x000001b0                __vector_19
                0x000001b0                __vector_7
                0x000001b0                __vector_27
                0x000001b0                __vector_5
                0x000001b0                __vector_4
                0x000001b0                __vector_9
                0x000001b0                __vector_2
                0x000001b0                __vector_21
                0x000001b0                __vector_15
                0x000001b0                __vector_29
                0x000001b0                __vector_8
                0x000001b0                __vector_26
                0x000001b0                __vector_14
                0x000001b0                __vector_10
                0x000001b0                __vector_16
                0x000001b0                __vector_18
                0x000001b0                __vector_20
                0x000001b2                . = ALIGN (0x2)
 *(.text.*)
 .text._ZN7Buttons7timeoutEv
                0x000001b2       0x54 Button.o
                0x000001b2                _ZN7Buttons7timeoutEv
 .text._ZN6Button6getBF1Ev
                0x00000206        0x6 Button.o
                0x00000206                _ZN6Button6getBF1Ev
 .text._ZN6Button6getBF2Ev
                0x0000020c        0x6 Button.o
                0x0000020c                _ZN6Button6getBF2Ev
 .text._GLOBAL__sub_I__ZN6Button6getBF1Ev
                0x00000212       0xaa Button.o
 .text.__cxa_pure_virtual
                0x000002bc        0x2 cplusplus.o
                0x000002bc                __cxa_pure_virtual
 .text._Znwj    0x000002be        0x6 cplusplus.o
                0x000002be                _Znwj
 .text._ZN12_GLOBAL__N_13LCD4taskEv
                0x000002c4       0x60 LCD.o
 .text._ZN12_GLOBAL__N_13LCD7timeoutEv
                0x00000324       0xa4 LCD.o
 .text._ZN3LCD3._54taskEv
                0x000003c8       0x74 LCD.o
 .text._ZN3LCD5printEhPc
                0x0000043c       0x62 LCD.o
                0x0000043c                _ZN3LCD5printEhPc
 .text._GLOBAL__sub_I__ZN3LCD5printEhPKc
                0x0000049e       0x5e LCD.o
 .text._ZThn6_N12_GLOBAL__N_13LCD4taskEv
                0x000004fc        0x4 LCD.o
 .text._Z12displacementc
                0x00000500       0x46 LineTrack.o
                0x00000500                _Z12displacementc
 .text._ZN8maintask4taskEv
                0x00000546       0x2c Robocar.o
                0x00000546                _ZN8maintask4taskEv
 .text._ZN9maintask14taskEv
                0x00000572       0x42 Robocar.o
                0x00000572                _ZN9maintask14taskEv
 .text._Z4testv
                0x000005b4       0x32 Robocar.o
                0x000005b4                _Z4testv
 .text.main     0x000005e6       0x52 Robocar.o
                0x000005e6                main
 .text._GLOBAL__sub_I__Z4testv
                0x00000638       0x60 Robocar.o
 .text._ZN12_GLOBAL__N_13SPIEc
                0x00000698       0x1e robocar_ll.o
 .text._Z5delayv
                0x000006b6        0x2 robocar_ll.o
                0x000006b6                _Z5delayv
 .text._Z6delayUh
                0x000006b8       0x12 robocar_ll.o
                0x000006b8                _Z6delayUh
 .text._Z6mirrorc
                0x000006ca       0x10 robocar_ll.o
                0x000006ca                _Z6mirrorc
 .text._ZN2LL14lcdWriteNibbleEhh
                0x000006da       0x16 robocar_ll.o
                0x000006da                _ZN2LL14lcdWriteNibbleEhh
 .text._ZN2LL12lcdWriteByteEhh
                0x000006f0       0x1c robocar_ll.o
                0x000006f0                _ZN2LL12lcdWriteByteEhh
 .text._ZN2LL11lcdReadByteEh
                0x0000070c       0x2c robocar_ll.o
                0x0000070c                _ZN2LL11lcdReadByteEh
 .text._ZN2LL7read541ENS_5HC541Eh
                0x00000738       0x34 robocar_ll.o
                0x00000738                _ZN2LL7read541ENS_5HC541Eh
 .text._ZN2LL8write574ENS_5HC574Ec
                0x0000076c       0x12 robocar_ll.o
                0x0000076c                _ZN2LL8write574ENS_5HC574Ec
 .text._ZN2LL15servoSetAddressEc
                0x0000077e       0x1c robocar_ll.o
                0x0000077e                _ZN2LL15servoSetAddressEc
 .text._ZN2LL16backMotorControlEc
                0x0000079a       0x14 robocar_ll.o
                0x0000079a                _ZN2LL16backMotorControlEc
 .text._ZN12_GLOBAL__N_18Slowmove4taskEv
                0x000007ae       0x90 Servo.o
 .text._ZN12_GLOBAL__N_15Servo4taskEv
                0x0000083e       0x56 Servo.o
 .text._ZN5Servo10delay100msEi
                0x00000894       0x3a Servo.o
                0x00000894                _ZN5Servo10delay100msEi
 .text._ZN5Servo13setInitialiseEi
                0x000008ce       0x2e Servo.o
                0x000008ce                _ZN5Servo13setInitialiseEi
 .text._ZN5Servo3setENS_13servo_commandEi
                0x000008fc       0x10 Servo.o
                0x000008fc                _ZN5Servo3setENS_13servo_commandEi
 .text._ZN5Servo9slowcloseEv
                0x0000090c       0xbe Servo.o
                0x0000090c                _ZN5Servo9slowcloseEv
 .text._ZN5Servo2GGEv
                0x000009ca       0x38 Servo.o
                0x000009ca                _ZN5Servo2GGEv
 .text.__vector_33
                0x00000a02       0x52 Servo.o
                0x00000a02                __vector_33
 .text._GLOBAL__sub_I__ZN5Servo10delay100msEi
                0x00000a54       0x86 Servo.o
 .text._ZN6Timer34taskEv
                0x00000ada       0x68 Timer3.o
                0x00000ada                _ZN6Timer34taskEv
 .text.__vector_34
                0x00000b42       0x52 Timer3.o
                0x00000b42                __vector_34
 .text._ZN5timer3addER5Timer
                0x00000b94        0xe Timer3.o
                0x00000b94                _ZN5timer3addER5Timer
 .text._ZN5timer6removeER5Timer
                0x00000ba2       0x38 Timer3.o
                0x00000ba2                _ZN5timer6removeER5Timer
 .text._GLOBAL__sub_I___vector_34
                0x00000bda       0x44 Timer3.o
 .text._ZL5uitosjPch
                0x00000c1e       0xbc Wheel.o
 .text._ZN12_GLOBAL__N_16Timer24taskEv
                0x00000cda      0x1a0 Wheel.o
 .text.__vector_11
                0x00000e7a       0x60 Wheel.o
                0x00000e7a                __vector_11
 .text._ZN5Wheel3setEi
                0x00000eda        0xa Wheel.o
                0x00000eda                _ZN5Wheel3setEi
 .text._ZN5Wheel9getSensorEv
                0x00000ee4        0x6 Wheel.o
                0x00000ee4                _ZN5Wheel9getSensorEv
 .text._ZN5Wheel8setSpeedEi
                0x00000eea        0xa Wheel.o
                0x00000eea                _ZN5Wheel8setSpeedEi
 .text._ZN5Wheel4moveENS_8_commandE
                0x00000ef4       0x26 Wheel.o
                0x00000ef4                _ZN5Wheel4moveENS_8_commandE
 .text._ZN12_GLOBAL__N_112UsrCountTask4taskEv
                0x00000f1a       0xd2 Wheel.o
 .text._ZN5Wheel4setPEi
                0x00000fec        0xa Wheel.o
                0x00000fec                _ZN5Wheel4setPEi
 .text._ZN5Wheel4setIEi
                0x00000ff6        0xa Wheel.o
                0x00000ff6                _ZN5Wheel4setIEi
 .text._ZN5Wheel4setDEi
                0x00001000        0xa Wheel.o
                0x00001000                _ZN5Wheel4setDEi
 .text._GLOBAL__sub_I___vector_11
                0x0000100a       0xb2 Wheel.o
 .text._ZN7ElementC2Ev
                0x000010bc        0x8 ..\liblamos.a(List.o)
                0x000010bc                _ZN7ElementC2Ev
                0x000010bc                _ZN7ElementC1Ev
 .text._ZN4ListC2Ev
                0x000010c4       0x12 ..\liblamos.a(List.o)
                0x000010c4                _ZN4ListC1Ev
                0x000010c4                _ZN4ListC2Ev
 .text._ZN4List7getNextEP7Element
                0x000010d6       0x20 ..\liblamos.a(List.o)
                0x000010d6                _ZN4List7getNextEP7Element
 .text._ZN4List4pushER7Element
                0x000010f6       0x1c ..\liblamos.a(List.o)
                0x000010f6                _ZN4List4pushER7Element
 .text._ZN4List6appendER7Element
                0x00001112       0x1e ..\liblamos.a(List.o)
                0x00001112                _ZN4List6appendER7Element
 .text._ZN4List3popEv
                0x00001130       0x34 ..\liblamos.a(List.o)
                0x00001130                _ZN4List3popEv
 .text._ZN4List6removeER7Element
                0x00001164       0x4c ..\liblamos.a(List.o)
                0x00001164                _ZN4List6removeER7Element
 .text._ZN5QueueC2EPS_
                0x000011b0       0x1e ..\liblamos.a(Task.o)
                0x000011b0                _ZN5QueueC2EPS_
                0x000011b0                _ZN5QueueC1EPS_
 .text._ZN5Queue6appendER4Task
                0x000011ce       0x1c ..\liblamos.a(Task.o)
                0x000011ce                _ZN5Queue6appendER4Task
 .text._ZN5Queue3popEv
                0x000011ea       0x22 ..\liblamos.a(Task.o)
                0x000011ea                _ZN5Queue3popEv
 .text._Z9isrAppendR4Task
                0x0000120c       0x5a ..\liblamos.a(Task.o)
                0x0000120c                _Z9isrAppendR4Task
 .text._Z9kerAppendR4Task
                0x00001266        0xa ..\liblamos.a(Task.o)
                0x00001266                _Z9kerAppendR4Task
 .text._Z7usrCallR4Task
                0x00001270        0x8 ..\liblamos.a(Task.o)
                0x00001270                _Z7usrCallR4Task
 .text._GLOBAL__sub_I__Z5__seiv
                0x00001278       0x16 ..\liblamos.a(Task.o)
 .text.libgcc.div
                0x0000128e       0x26 c:/program files (x86)/atmel/atmel toolchain/avr8 gcc/native/3.4.1056/avr8-gnu-toolchain/bin/../lib/gcc/avr/4.8.1/avr51\libgcc.a(_divmodhi4.o)
                0x0000128e                _div
                0x0000128e                __divmodhi4
 .text.libgcc.mul
                0x000012b4       0x1e c:/program files (x86)/atmel/atmel toolchain/avr8 gcc/native/3.4.1056/avr8-gnu-toolchain/bin/../lib/gcc/avr/4.8.1/avr51\libgcc.a(_umulhisi3.o)
                0x000012b4                __umulhisi3
 .text.libgcc   0x000012d2        0x8 c:/program files (x86)/atmel/atmel toolchain/avr8 gcc/native/3.4.1056/avr8-gnu-toolchain/bin/../lib/gcc/avr/4.8.1/avr51\libgcc.a(_tablejump_elpm.o)
                0x000012d2                __tablejump_elpm__
 .text.libgcc.div
                0x000012da       0x28 c:/program files (x86)/atmel/atmel toolchain/avr8 gcc/native/3.4.1056/avr8-gnu-toolchain/bin/../lib/gcc/avr/4.8.1/avr51\libgcc.a(_udivmodhi4.o)
                0x000012da                __udivmodhi4
 .text.avr-libc
                0x00001302      0x24e c:/program files (x86)/atmel/atmel toolchain/avr8 gcc/native/3.4.1056/avr8-gnu-toolchain/bin/../lib/gcc/avr/4.8.1/../../../../avr/lib/avr51\libc.a(malloc.o)
                0x00001302                malloc
                0x00001432                free
 .text.avr-libc
                0x00001550       0x14 c:/program files (x86)/atmel/atmel toolchain/avr8 gcc/native/3.4.1056/avr8-gnu-toolchain/bin/../lib/gcc/avr/4.8.1/../../../../avr/lib/avr51\libc.a(itoa_ncheck.o)
                0x00001550                __itoa_ncheck
 .text.avr-libc
                0x00001564       0x32 c:/program files (x86)/atmel/atmel toolchain/avr8 gcc/native/3.4.1056/avr8-gnu-toolchain/bin/../lib/gcc/avr/4.8.1/../../../../avr/lib/avr51\libc.a(utoa_ncheck.o)
                0x00001564                __utoa_ncheck
                0x00001566                __utoa_common
 .text.avr-libc
                0x00001596       0x20 c:/program files (x86)/atmel/atmel toolchain/avr8 gcc/native/3.4.1056/avr8-gnu-toolchain/bin/../lib/gcc/avr/4.8.1/../../../../avr/lib/avr51\libc.a(strrev.o)
                0x00001596                strrev
                0x000015b6                . = ALIGN (0x2)
 *(.fini9)
 .fini9         0x000015b6        0x0 c:/program files (x86)/atmel/atmel toolchain/avr8 gcc/native/3.4.1056/avr8-gnu-toolchain/bin/../lib/gcc/avr/4.8.1/avr51\libgcc.a(_exit.o)
                0x000015b6                _exit
                0x000015b6                exit
 *(.fini9)
 *(.fini8)
 *(.fini8)
 *(.fini7)
 *(.fini7)
 *(.fini6)
 *(.fini6)
 *(.fini5)
 *(.fini5)
 *(.fini4)
 *(.fini4)
 *(.fini3)
 *(.fini3)
 *(.fini2)
 *(.fini2)
 *(.fini1)
 *(.fini1)
 *(.fini0)
 .fini0         0x000015b6        0x4 c:/program files (x86)/atmel/atmel toolchain/avr8 gcc/native/3.4.1056/avr8-gnu-toolchain/bin/../lib/gcc/avr/4.8.1/avr51\libgcc.a(_exit.o)
 *(.fini0)
                0x000015ba                _etext = .

.data           0x00800100       0x52 load address 0x000015ba
                0x00800100                PROVIDE (__data_start, .)
 *(.data)
 .data          0x00800100        0x0 c:/program files (x86)/atmel/atmel toolchain/avr8 gcc/native/3.4.1056/avr8-gnu-toolchain/bin/../lib/gcc/avr/4.8.1/../../../../avr/lib/avr51/crtm1284p.o
 .data          0x00800100        0x0 Button.o
 .data          0x00800100        0x0 cplusplus.o
 .data          0x00800100        0x0 LCD.o
 .data          0x00800100        0x0 LineTrack.o
 .data          0x00800100        0x0 Robocar.o
 .data          0x00800100        0x0 robocar_ll.o
 .data          0x00800100        0x0 Servo.o
 .data          0x00800100        0x0 Timer3.o
 .data          0x00800100        0x0 Wheel.o
 .data          0x00800100        0x0 ..\liblamos.a(List.o)
 .data          0x00800100        0x0 ..\liblamos.a(Task.o)
 .data          0x00800100        0x0 c:/program files (x86)/atmel/atmel toolchain/avr8 gcc/native/3.4.1056/avr8-gnu-toolchain/bin/../lib/gcc/avr/4.8.1/avr51\libgcc.a(_divmodhi4.o)
 .data          0x00800100        0x0 c:/program files (x86)/atmel/atmel toolchain/avr8 gcc/native/3.4.1056/avr8-gnu-toolchain/bin/../lib/gcc/avr/4.8.1/avr51\libgcc.a(_exit.o)
 .data          0x00800100        0x0 c:/program files (x86)/atmel/atmel toolchain/avr8 gcc/native/3.4.1056/avr8-gnu-toolchain/bin/../lib/gcc/avr/4.8.1/avr51\libgcc.a(_copy_data.o)
 .data          0x00800100        0x0 c:/program files (x86)/atmel/atmel toolchain/avr8 gcc/native/3.4.1056/avr8-gnu-toolchain/bin/../lib/gcc/avr/4.8.1/avr51\libgcc.a(_clear_bss.o)
 .data          0x00800100        0x0 c:/program files (x86)/atmel/atmel toolchain/avr8 gcc/native/3.4.1056/avr8-gnu-toolchain/bin/../lib/gcc/avr/4.8.1/avr51\libgcc.a(_ctors.o)
 .data          0x00800100        0x0 c:/program files (x86)/atmel/atmel toolchain/avr8 gcc/native/3.4.1056/avr8-gnu-toolchain/bin/../lib/gcc/avr/4.8.1/avr51\libgcc.a(_umulhisi3.o)
 .data          0x00800100        0x0 c:/program files (x86)/atmel/atmel toolchain/avr8 gcc/native/3.4.1056/avr8-gnu-toolchain/bin/../lib/gcc/avr/4.8.1/avr51\libgcc.a(_tablejump_elpm.o)
 .data          0x00800100        0x0 c:/program files (x86)/atmel/atmel toolchain/avr8 gcc/native/3.4.1056/avr8-gnu-toolchain/bin/../lib/gcc/avr/4.8.1/avr51\libgcc.a(_udivmodhi4.o)
 .data          0x00800100        0x6 c:/program files (x86)/atmel/atmel toolchain/avr8 gcc/native/3.4.1056/avr8-gnu-toolchain/bin/../lib/gcc/avr/4.8.1/../../../../avr/lib/avr51\libc.a(malloc.o)
                0x00800100                __malloc_heap_end
                0x00800102                __malloc_heap_start
                0x00800104                __malloc_margin
 .data          0x00800106        0x0 c:/program files (x86)/atmel/atmel toolchain/avr8 gcc/native/3.4.1056/avr8-gnu-toolchain/bin/../lib/gcc/avr/4.8.1/../../../../avr/lib/avr51\libc.a(itoa_ncheck.o)
 .data          0x00800106        0x0 c:/program files (x86)/atmel/atmel toolchain/avr8 gcc/native/3.4.1056/avr8-gnu-toolchain/bin/../lib/gcc/avr/4.8.1/../../../../avr/lib/avr51\libc.a(utoa_ncheck.o)
 .data          0x00800106        0x0 c:/program files (x86)/atmel/atmel toolchain/avr8 gcc/native/3.4.1056/avr8-gnu-toolchain/bin/../lib/gcc/avr/4.8.1/../../../../avr/lib/avr51\libc.a(strrev.o)
 *(.data*)
 .data._ZZ12displacementcE4last
                0x00800106        0x2 LineTrack.o
 *(.rodata)
 *(.rodata*)
 .rodata._ZTV7Buttons
                0x00800108        0x6 Button.o
                0x00800108                _ZTV7Buttons
 .rodata._ZTV5Timer
                0x0080010e        0x6 LCD.o
                0x0080010e                _ZTV5Timer
 .rodata._ZTVN12_GLOBAL__N_13LCDE
                0x00800114        0xe LCD.o
 .rodata._ZTVN3LCD3._5E
                0x00800122        0x6 LCD.o
 .rodata._ZTV8maintask
                0x00800128        0x6 Robocar.o
                0x00800128                _ZTV8maintask
 .rodata._ZTV9maintask1
                0x0080012e        0x6 Robocar.o
                0x0080012e                _ZTV9maintask1
 .rodata._ZTVN12_GLOBAL__N_15ServoE
                0x00800134        0x6 Servo.o
 .rodata._ZTVN12_GLOBAL__N_18SlowmoveE
                0x0080013a        0x6 Servo.o
 .rodata._ZTV6Timer3
                0x00800140        0x6 Timer3.o
                0x00800140                _ZTV6Timer3
 .rodata._ZTVN12_GLOBAL__N_16Timer2E
                0x00800146        0x6 Wheel.o
 .rodata._ZTVN12_GLOBAL__N_112UsrCountTaskE
                0x0080014c        0x6 Wheel.o
 *(.gnu.linkonce.d*)
                0x00800152                . = ALIGN (0x2)
                0x00800152                _edata = .
                0x00800152                PROVIDE (__data_end, .)

.bss            0x00800152       0xe2
                0x00800152                PROVIDE (__bss_start, .)
 *(.bss)
 *(.bss*)
 .bss._ZL7buttons
                0x00800152       0x35 Button.o
 .bss._ZN3LCDL9printTaskE
                0x00800187        0x8 LCD.o
 .bss._ZN12_GLOBAL__N_13lcdE
                0x0080018f       0x10 LCD.o
 .bss._ZL8usrTask2
                0x0080019f        0x7 Robocar.o
 .bss._ZL8usrTask1
                0x008001a6        0x7 Robocar.o
 .bss._ZL7usrTask
                0x008001ad        0xa Robocar.o
 .bss._ZN12_GLOBAL__N_12u5E
                0x008001b7        0x1 robocar_ll.o
 .bss._ZN12_GLOBAL__N_12u4E
                0x008001b8        0x1 robocar_ll.o
 .bss._ZN12_GLOBAL__N_18slowmoveE
                0x008001b9        0xb Servo.o
 .bss._ZN12_GLOBAL__N_15servoE
                0x008001c4       0x17 Servo.o
 .bss._ZL6timer3
                0x008001db        0xa Timer3.o
 .bss._ZN12_GLOBAL__N_112usrCountTaskE
                0x008001e5        0xb Wheel.o
 .bss._ZN12_GLOBAL__N_17R_countE
                0x008001f0        0x2 Wheel.o
 .bss._ZN12_GLOBAL__N_17L_countE
                0x008001f2        0x2 Wheel.o
 .bss._ZN12_GLOBAL__N_16R_lastE
                0x008001f4        0x1 Wheel.o
 .bss._ZN12_GLOBAL__N_16L_lastE
                0x008001f5        0x1 Wheel.o
 .bss._ZN12_GLOBAL__N_15R_isrE
                0x008001f6        0x1 Wheel.o
 .bss._ZN12_GLOBAL__N_15L_isrE
                0x008001f7        0x1 Wheel.o
 .bss._ZN12_GLOBAL__N_16timer2E
                0x008001f8       0x29 Wheel.o
 .bss._ZN12_GLOBAL__N_18kerlevelE
                0x00800221        0x1 ..\liblamos.a(Task.o)
 .bss._ZN12_GLOBAL__N_14isrqE
                0x00800222        0x7 ..\liblamos.a(Task.o)
 .bss._ZN12_GLOBAL__N_14kerqE
                0x00800229        0x7 ..\liblamos.a(Task.o)
 *(COMMON)
 COMMON         0x00800230        0x4 c:/program files (x86)/atmel/atmel toolchain/avr8 gcc/native/3.4.1056/avr8-gnu-toolchain/bin/../lib/gcc/avr/4.8.1/../../../../avr/lib/avr51\libc.a(malloc.o)
                0x00800230                __brkval
                0x00800232                __flp
                0x00800234                PROVIDE (__bss_end, .)
                0x000015ba                __data_load_start = LOADADDR (.data)
                0x0000160c                __data_load_end = (__data_load_start + SIZEOF (.data))

.noinit         0x00800234        0x0
                0x00800234                PROVIDE (__noinit_start, .)
 *(.noinit*)
                0x00800234                PROVIDE (__noinit_end, .)
                0x00800234                _end = .
                0x00800234                PROVIDE (__heap_start, .)

.eeprom         0x00810000        0x0
 *(.eeprom*)
                0x00810000                __eeprom_end = .

.fuse
 *(.fuse)
 *(.lfuse)
 *(.hfuse)
 *(.efuse)

.lock
 *(.lock*)

.signature
 *(.signature*)

.user_signatures
 *(.user_signatures*)

.stab
 *(.stab)

.stabstr
 *(.stabstr)

.stab.excl
 *(.stab.excl)

.stab.exclstr
 *(.stab.exclstr)

.stab.index
 *(.stab.index)

.stab.indexstr
 *(.stab.indexstr)

.comment        0x00000000       0x60
 *(.comment)
 .comment       0x00000000       0x30 Button.o
                                 0x31 (size before relaxing)
 .comment       0x00000000       0x31 cplusplus.o
 .comment       0x00000000       0x31 LCD.o
 .comment       0x00000000       0x31 LineTrack.o
 .comment       0x00000000       0x31 Robocar.o
 .comment       0x00000000       0x31 robocar_ll.o
 .comment       0x00000000       0x31 Servo.o
 .comment       0x00000000       0x31 Timer3.o
 .comment       0x00000000       0x31 Wheel.o
 .comment       0x00000030       0x30 ..\liblamos.a(List.o)
                                 0x31 (size before relaxing)
 .comment       0x00000000       0x31 ..\liblamos.a(Task.o)
 .comment       0x00000000       0x31 c:/program files (x86)/atmel/atmel toolchain/avr8 gcc/native/3.4.1056/avr8-gnu-toolchain/bin/../lib/gcc/avr/4.8.1/../../../../avr/lib/avr51\libc.a(malloc.o)

.note.gnu.build-id
 *(.note.gnu.build-id)

.debug
 *(.debug)

.line
 *(.line)

.debug_srcinfo
 *(.debug_srcinfo)

.debug_sfnames
 *(.debug_sfnames)

.debug_aranges  0x00000000      0x3e0
 *(.debug_aranges)
 .debug_aranges
                0x00000000       0x38 Button.o
 .debug_aranges
                0x00000038       0x48 cplusplus.o
 .debug_aranges
                0x00000080       0x48 LCD.o
 .debug_aranges
                0x000000c8       0x20 LineTrack.o
 .debug_aranges
                0x000000e8       0x48 Robocar.o
 .debug_aranges
                0x00000130       0x90 robocar_ll.o
 .debug_aranges
                0x000001c0       0x90 Servo.o
 .debug_aranges
                0x00000250       0x40 Timer3.o
 .debug_aranges
                0x00000290       0x90 Wheel.o
 .debug_aranges
                0x00000320       0x60 ..\liblamos.a(List.o)
 .debug_aranges
                0x00000380       0x60 ..\liblamos.a(Task.o)

.debug_pubnames
 *(.debug_pubnames)

.debug_info     0x00000000     0x58bc
 *(.debug_info .gnu.linkonce.wi.*)
 .debug_info    0x00000000      0x7a2 Button.o
 .debug_info    0x000007a2      0x1a6 cplusplus.o
 .debug_info    0x00000948      0xda2 LCD.o
 .debug_info    0x000016ea      0x131 LineTrack.o
 .debug_info    0x0000181b      0xa9e Robocar.o
 .debug_info    0x000022b9      0x551 robocar_ll.o
 .debug_info    0x0000280a      0xc1a Servo.o
 .debug_info    0x00003424      0x6b7 Timer3.o
 .debug_info    0x00003adb     0x1294 Wheel.o
 .debug_info    0x00004d6f      0x498 ..\liblamos.a(List.o)
 .debug_info    0x00005207      0x6b5 ..\liblamos.a(Task.o)

.debug_abbrev   0x00000000     0x20c1
 *(.debug_abbrev)
 .debug_abbrev  0x00000000      0x38f Button.o
 .debug_abbrev  0x0000038f      0x13f cplusplus.o
 .debug_abbrev  0x000004ce      0x482 LCD.o
 .debug_abbrev  0x00000950       0xc3 LineTrack.o
 .debug_abbrev  0x00000a13      0x335 Robocar.o
 .debug_abbrev  0x00000d48      0x1dc robocar_ll.o
 .debug_abbrev  0x00000f24      0x444 Servo.o
 .debug_abbrev  0x00001368      0x336 Timer3.o
 .debug_abbrev  0x0000169e      0x52e Wheel.o
 .debug_abbrev  0x00001bcc      0x1ef ..\liblamos.a(List.o)
 .debug_abbrev  0x00001dbb      0x306 ..\liblamos.a(Task.o)

.debug_line     0x00000000     0x1a03
 *(.debug_line .debug_line.* .debug_line_end)
 .debug_line    0x00000000      0x180 Button.o
 .debug_line    0x00000180      0x19e cplusplus.o
 .debug_line    0x0000031e      0x350 LCD.o
 .debug_line    0x0000066e       0xfa LineTrack.o
 .debug_line    0x00000768      0x23e Robocar.o
 .debug_line    0x000009a6      0x317 robocar_ll.o
 .debug_line    0x00000cbd      0x3ea Servo.o
 .debug_line    0x000010a7      0x13c Timer3.o
 .debug_line    0x000011e3      0x4e6 Wheel.o
 .debug_line    0x000016c9      0x1b5 ..\liblamos.a(List.o)
 .debug_line    0x0000187e      0x185 ..\liblamos.a(Task.o)

.debug_frame    0x00000000      0x910
 *(.debug_frame)
 .debug_frame   0x00000000       0x74 Button.o
 .debug_frame   0x00000074       0x74 cplusplus.o
 .debug_frame   0x000000e8       0xa8 LCD.o
 .debug_frame   0x00000190       0x24 LineTrack.o
 .debug_frame   0x000001b4       0x98 Robocar.o
 .debug_frame   0x0000024c      0x134 robocar_ll.o
 .debug_frame   0x00000380      0x190 Servo.o
 .debug_frame   0x00000510       0xc4 Timer3.o
 .debug_frame   0x000005d4      0x1a8 Wheel.o
 .debug_frame   0x0000077c       0xbc ..\liblamos.a(List.o)
 .debug_frame   0x00000838       0xd8 ..\liblamos.a(Task.o)

.debug_str      0x00000000      0xf4c
 *(.debug_str)
 .debug_str     0x00000000      0x41b Button.o
                                0x4a3 (size before relaxing)
 .debug_str     0x0000041b       0xaa cplusplus.o
                                0x1af (size before relaxing)
 .debug_str     0x000004c5      0x1cc LCD.o
                                0x415 (size before relaxing)
 .debug_str     0x00000691       0x38 LineTrack.o
                                0x1b6 (size before relaxing)
 .debug_str     0x000006c9      0x203 Robocar.o
                                0x4e3 (size before relaxing)
 .debug_str     0x000008cc      0x10a robocar_ll.o
                                0x334 (size before relaxing)
 .debug_str     0x000009d6       0xe1 Servo.o
                                0x451 (size before relaxing)
 .debug_str     0x00000ab7      0x136 Timer3.o
                                0x3b3 (size before relaxing)
 .debug_str     0x00000bed      0x240 Wheel.o
                                0x6f6 (size before relaxing)
 .debug_str     0x00000e2d       0x7d ..\liblamos.a(List.o)
                                0x22a (size before relaxing)
 .debug_str     0x00000eaa       0xa2 ..\liblamos.a(Task.o)
                                0x3ae (size before relaxing)

.debug_loc      0x00000000     0x1f6c
 *(.debug_loc)
 .debug_loc     0x00000000      0x195 Button.o
 .debug_loc     0x00000195       0x74 cplusplus.o
 .debug_loc     0x00000209      0x432 LCD.o
 .debug_loc     0x0000063b       0x91 LineTrack.o
 .debug_loc     0x000006cc       0xf9 Robocar.o
 .debug_loc     0x000007c5      0x30f robocar_ll.o
 .debug_loc     0x00000ad4      0x2e5 Servo.o
 .debug_loc     0x00000db9      0x216 Timer3.o
 .debug_loc     0x00000fcf      0x939 Wheel.o
 .debug_loc     0x00001908      0x2e0 ..\liblamos.a(List.o)
 .debug_loc     0x00001be8      0x384 ..\liblamos.a(Task.o)

.debug_macinfo
 *(.debug_macinfo)

.debug_weaknames
 *(.debug_weaknames)

.debug_funcnames
 *(.debug_funcnames)

.debug_typenames
 *(.debug_typenames)

.debug_varnames
 *(.debug_varnames)

.debug_pubtypes
 *(.debug_pubtypes)

.debug_ranges   0x00000000      0x360
 *(.debug_ranges)
 .debug_ranges  0x00000000       0x28 Button.o
 .debug_ranges  0x00000028       0x38 cplusplus.o
 .debug_ranges  0x00000060       0x50 LCD.o
 .debug_ranges  0x000000b0       0x10 LineTrack.o
 .debug_ranges  0x000000c0       0x38 Robocar.o
 .debug_ranges  0x000000f8       0x80 robocar_ll.o
 .debug_ranges  0x00000178       0x80 Servo.o
 .debug_ranges  0x000001f8       0x30 Timer3.o
 .debug_ranges  0x00000228       0x98 Wheel.o
 .debug_ranges  0x000002c0       0x50 ..\liblamos.a(List.o)
 .debug_ranges  0x00000310       0x50 ..\liblamos.a(Task.o)

.debug_macro
 *(.debug_macro)
OUTPUT(Robocar_6_2.elf elf32-avr)
LOAD linker stubs
